03-20 10:04:07.830  2653  2723 D CrashReport-Native: Parsing line: 7971f6d000-7971f6e000 r--p 0000f000 fd:01 644                            /vendor/lib64/hw/android.hardware.graphics.mapper@2.0-impl.so
03-20 10:04:07.830  2653  2723 D CrashReport-Native: Parsing line: 7971f6e000-7971f6f000 rw-p 00010000 fd:01 644                            /vendor/lib64/hw/android.hardware.graphics.mapper@2.0-impl.so
03-20 10:04:07.830  2653  2723 D CrashReport-Native: Parsing line: 7971fc5000-7971fd6000 r-xp 00000000 fd:00 3397                           /system/lib64/vndk-sp-28/libcutils.so
03-20 10:04:07.830  2653  2723 D CrashReport-Native: Parsing line: 79720ea000-79720f4000 r--p 000d6000 fd:00 3391                           /system/lib64/vndk-sp-28/libc++.so
03-20 10:04:07.830  2653  2723 D CrashReport-Native: Parsing line: 79720f4000-79720f5000 rw-p 000e0000 fd:00 3391                           /system/lib64/vndk-sp-28/libc++.so
03-20 10:04:07.830  2653  2723 D CrashReport-Native: Parsing line: 7972140000-7972167000 r-xp 00000000 fd:00 3410                           /system/lib64/vndk-sp-28/libhwbinder.so
03-20 10:04:07.830  2653  2723 D CrashReport-Native: Parsing line: 797217d000-797217f000 r--p 0002e000 fd:00 3410                           /system/lib64/vndk-sp-28/libhwbinder.so
03-20 10:04:07.830  2653  2723 D CrashReport-Native: Parsing line: 797217f000-7972180000 rw-p 00030000 fd:00 3410                           /system/lib64/vndk-sp-28/libhwbinder.so
03-20 10:04:07.830  2653  2723 D CrashReport-Native: Parsing line: 797228e000-7972296000 r--p 00068000 fd:00 3407                           /system/lib64/vndk-sp-28/libhidltransport.so
03-20 10:04:07.831  2653  2723 D CrashReport-Native: Parsing line: 7973c00000-7973e00000 rw-p 00000000 00:00 0                              [anon:libc_malloc]
03-20 10:04:07.831  2653  2723 D CrashReport-Native: Parsing line: 7973e04000-7973e4f000 r--s 00000000 fd:00 2672                           /system/fonts/Roboto-Black.ttf
03-20 10:04:07.831  2653  2723 D CrashReport-Native: Parsing line: 79758a9000-79758aa000 ---p 00000000 00:00 0                              [anon:thread stack guard]
03-20 10:04:07.984  2623  2817 D AppSettingDBManager: query:tableName==settingapps
03-20 10:04:07.985  2623  2817 D AppSettingDBManager: update:tableName==settingapps
03-20 10:04:07.985  2623  2817 D DefaultAppManager: scanApps:categoryname == phone scheme == eline
03-20 10:04:07.985  2623  2817 D DefaultAppManager: insertOrUpdateAppDB:packagename == com.ecarx.eline
03-20 10:04:07.985  2623  2817 D DefaultAppManager: insertOrUpdateAppDB:scheme == eline
03-20 10:04:08.002  2120  2120 D ECarXApiClientImpl: open service is connected.
03-20 10:04:08.002  2533  2706 D TelephonyManager: getIEthernetManager mContext: ecarx.xsf.mediacenter.app.MediaCenterApp@3617cc2
03-20 10:04:07.966  2377  2770 I carx.multimedi:   at java.lang.Object com.ecarx.multimedia.manager.MusicManagerFactory$3.doBackground() (SourceFile:164)
03-20 10:04:08.004  2377  2770 I carx.multimedi:   at java.lang.Object com.ecarx.multimedia.common.thread.task.Callback.call() (SourceFile:129)
03-20 10:04:08.004  2533  2706 D TelephonyManager:  getNetworkType 0 : UNKNOWN
03-20 10:04:08.006  2377  2770 I carx.multimedi:   at void java.util.concurrent.FutureTask.run() (FutureTask.java:266)
03-20 10:04:08.006  2377  2770 I carx.multimedi:   at void com.ecarx.multimedia.common.thread.task.AbstractTask.run() (SourceFile:60)
03-20 10:04:08.007  2377  2770 I carx.multimedi:   at void com.ecarx.multimedia.common.thread.task.AsyncTask.run() (SourceFile:11)
03-20 10:04:08.007  2377  2770 I carx.multimedi:   at void java.util.concurrent.ThreadPoolExecutor.runWorker(java.util.concurrent.ThreadPoolExecutor$Worker) (ThreadPoolExecutor.java:1167)
03-20 10:04:08.007  2377  2770 I carx.multimedi:   at void java.util.concurrent.ThreadPoolExecutor$Worker.run() (ThreadPoolExecutor.java:641)
03-20 10:04:08.007  2377  2770 I carx.multimedi:   at void java.lang.Thread.run() (Thread.java:764)
03-20 10:04:08.007  2377  2770 I carx.multimedi:   at void com.ecarx.multimedia.common.thread.task.PriorityThread.run() (SourceFile:16)
03-20 10:04:08.007  2377  2770 I carx.multimedi: Caused by: java.lang.ClassNotFoundException: Didn't find class "net.sqlcipher.database.SQLiteOpenHelper" on path: DexPathList[[zip file "/system/priv-app/XCMedia2/XCMedia2.apk"],nativeLibraryDirectories=[/system/priv-app/XCMedia2/lib/arm64, /system/priv-app/XCMedia2/XCMedia2.apk!/lib/arm64-v8a, /system/lib64, /vendor/lib64, /system/lib64, /vendor/lib64]]
03-20 10:04:08.007  2377  2770 I carx.multimedi:   at java.lang.Class dalvik.system.BaseDexClassLoader.findClass(java.lang.String) (BaseDexClassLoader.java:134)
03-20 10:04:08.007  2377  2770 I carx.multimedi:   at java.lang.Class java.lang.ClassLoader.loadClass(java.lang.String, boolean) (ClassLoader.java:379)
03-20 10:04:08.007  2377  2770 I carx.multimedi:   at java.lang.Class java.lang.ClassLoader.loadClass(java.lang.String) (ClassLoader.java:312)
03-20 10:04:08.007  2377  2770 I carx.multimedi:   at void com.ecarx.multimedia.common.db.GreenDaoManager.<init>() (SourceFile:20)
03-20 10:04:08.007  2377  2770 I carx.multimedi:   at void com.ecarx.multimedia.common.db.GreenDaoManager.<init>(com.ecarx.multimedia.common.db.GreenDaoManager$1) (SourceFile:14)
03-20 10:04:08.007  2377  2770 I carx.multimedi:   at void com.ecarx.multimedia.common.db.GreenDaoManager$Holder.<clinit>() (SourceFile:26)
03-20 10:04:08.007  2377  2770 I carx.multimedi:   at com.ecarx.multimedia.common.db.GreenDaoManager com.ecarx.multimedia.common.db.GreenDaoManager$Holder.access$100() (SourceFile:25)
03-20 10:04:08.007  2377  2770 I carx.multimedi:   at com.ecarx.multimedia.common.db.GreenDaoManager com.ecarx.multimedia.common.db.GreenDaoManager.getInstance() (SourceFile:30)
03-20 10:04:08.007  2377  2770 I carx.multimedi:   at java.lang.Void com.ecarx.multimedia.manager.MusicManagerFactory$3.doBackground() (SourceFile:167)
03-20 10:04:08.007  2377  2770 I carx.multimedi:   at java.lang.Object com.ecarx.multimedia.manager.MusicManagerFactory$3.doBackground() (SourceFile:164)
03-20 10:04:08.010  2623  2817 D AppSettingDBManager: update:tableName==settingapps
03-20 10:04:08.010  2623  2817 D DefaultAppManager: scanApps:categoryname == phone scheme == skype
03-20 10:04:08.010  2623  2817 D DefaultAppManager: insertOrUpdateAppDB:packagename == com.skype.rover
03-20 10:04:08.010  2623  2817 D DefaultAppManager: insertOrUpdateAppDB:scheme == skype
03-20 10:04:08.016  2071  2828 D GKAI:GUI:2.2.20035112.937: [XKSharePreferenceUtils] getAppListData:[{"appName":"日程","id":0,"launchIntent":{"mAction":"android.intent.action.MAIN","mCategories":["android.intent.category.LAUNCHER"],"mComponent":{"mClass":"ecarx.calendar.MainActivity","mPackage":"ecarx.calendar"},"mContentUserHint":-2,"mFlags":268435456,"mPackage":"ecarx.calendar"},"packageName":"ecarx.calendar","versionCode":3035,"versionName":"1.0.20082110.3035"},{"appName":"我的车辆","id":1,"launchIntent":{"mAction":"android.intent.action.MAIN","mCategories":["android.intent.category.LAUNCHER"],"mComponent":{"mClass":"com.ecarx.xcvehicle.activity.MyVehicleActivity","mPackage":"com.ecarx.xcvehicle"},"mContentUserHint":-2,"mFlags":268435456,"mPackage":"com.ecarx.xcvehicle"},"packageName":"com.ecarx.xcvehicle","versionCode":3023,"versionName":"1.0.20041110.3023"},{"appName":"主题","id":2,"launchIntent":{"mAction":"android.intent.action.MAIN","mCategories":["android.intent.category.LAUNCHER"],"mComponent":{"mClass":"com.ecarx.thememanager.main.MainActivity","mPackage":"com.ecarx.thememanager"},"mContentUserHint":-2,"mFlags":268435456,"mPackage":"com.ecarx.thememanager"},"packageName":"com.ecarx.thememanager","versionCode":3004,"versionName":"2.1.20014218.3004"},{"appName":"高德地图","id":3,"launchIntent":{"mAction":"android.intent.action.MAIN","mCategories":["android.intent.category.LAUNCHER"],"mComponent":{"mClass":"com.autonavi.auto.remote.fill.UsbFillActivity","mPackage":"com.autonavi.amapauto"},"mContentUserHint":-2,"mFlags":268435456,"mPackage":"com.autonavi.amapauto"},"packageName":"com.autonavi.amapauto","versionCode":562,"versionName":"3.2.9.23592"},{"appName":"CO:CLUB","id":4,"launchIntent":{"mAction":"android.intent.action.MAIN","mCategories":["android.intent.category.LAUNCHER"],"mComponent":{"mClass":"ecarx.membercenter.app.login.LoginActivity","mPackage":"ecarx.membercenter"},"mContentUserHint":-2,"mFlags":268435456,"mPackage":"ecarx.membercenter"},"packageName":"ecarx.membercenter","versionCode":3362,"versionName":"1.4.20103110.3362"},{"appName":"腾讯新闻畅听版","id":5,"launchIntent":{"mAction":"android.intent.action.MAIN","mCategories":["android.intent.category.LAUNCHER"],"mComponent":{"mClass":"com.tencent.dreamreader.car.NewsCarSplashActivity","mPackage":"com.tencent.dreamreader.car"},"mContentUserHint":-2,"mFlags":268435456,"mPackage":"com.tencent.dreamreader.car"},"packageName":"com.tencent.dreamreader.car","versionCode":2060,"versionName":"2.0.60"},{"appName":"车机管家","id":6,"launchIntent":{"mAction":"android.intent.action.MAIN","mCategories":["android.intent.category.LAUNCHER"],"mComponent":{"mClass":"ecarx.autosecure.main.view.MainActivity","mPackage":"ecarx.autosecure"},"mContentUserHint":-2,"mFlags":268435456,"mPackage":"ecarx.autosecure"},"packageName":"ecarx.autosecure","versionCode":10083,"versionName":"2.0.20041118.10083"},{"appName":"多媒体","id":7,"launchIntent":{"mAction":"android.intent.action.MAIN","mCategories":["android.intent.category.LAUNCHER"],"mComponent":{"mClass":"com.ecarx.multimedia.ui.MainActivity","mPackage":"com.ecarx.multimedia"},"mContentUserHint":-2,"mFlags":268435456,"mPackage":"com.ecarx.multimedia"},"packageName":"com.ecarx.multimedia","versionCode":3246,"versionName":"3.2.0_dcy11_200218.3246"},{"appName":"应用市场","id":8,"launchIntent":{"mAction":"android.intent.action.MAIN","mCategories":["android.intent.category.LAUNCHER"],"mComponent":{"mClass":"com.ecarx.appstore.splash.JumpInputActivity","mPackage":"com.ecarx.appstore"},"mContentUserHint":-2,"mFlags":268435456,"mPackage":"com.ecarx.appstore"},"packageName":"com.ecarx.appstore","versionCode":3043,"versionName":"2.0.20083120.3043"},{"appName":"设置","id":9,"launchIntent":{"mAction":"android.intent.action.MAIN","mCategories":["android.intent.category.LAUNCHER"],"mComponent":{"mClass":"com.ecarx.settings.setting.SettingActivity","mPackage":"com.ecarx.settings"},"mContentUserHint":-2,"mFlags":268435456,"mPackage":"com.ecarx.settings"},"packageName":"com.ecarx.settings","versionCode":3117,"ve
03-20 10:04:08.018  2653  2723 D CrashReport-Native: Parsing line: 79ffdad000-79ffdae000 r--p 0000f000 fd:00 3554                           /system/lib64/libstagefright_http_support.so
03-20 10:04:08.019  2653  2723 D CrashReport-Native: Parsing line: 79ffdae000-79ffdaf000 rw-p 00010000 fd:00 3554                           /system/lib64/libstagefright_http_support.so
03-20 10:04:08.019  2653  2723 D CrashReport-Native: Parsing line: 79ffdb0000-79ffdb6000 r--s 00000000 fd:00 2639                           /system/fonts/NotoSansCham-Bold.ttf
03-20 10:04:08.019  2653  2723 D CrashReport-Native: Parsing line: 79ffdb6000-79ffdda000 r--s 00000000 fd:00 2575                           /system/fonts/NotoSansEthiopic-Bold.ttf
03-20 10:04:08.019  2653  2723 D CrashReport-Native: Parsing line: 79ffdda000-79ffddd000 r-xp 00000000 fd:00 3528                           /system/lib64/android.hidl.token@1.0-utils.so
03-20 10:04:08.019  2653  2723 D CrashReport-Native: Parsing line: 79ffdf9000-79ffdfa000 r--p 0000f000 fd:00 3528                           /system/lib64/android.hidl.token@1.0-utils.so
03-20 10:04:08.019  2653  2723 D CrashReport-Native: Parsing line: 79ffdfa000-79ffdfb000 rw-p 00010000 fd:00 3528                           /system/lib64/android.hidl.token@1.0-utils.so
03-20 10:04:08.019  2653  2723 D CrashReport-Native: Parsing line: 79ffdfb000-79ffe1b000 r--s 00000000 fd:00 2532                           /system/fonts/NotoSerifEthiopic-Bold.otf
03-20 10:04:08.019  2653  2723 D CrashReport-Native: Parsing line: 79ffe1b000-79ffe52000 r-xp 00000000 fd:00 3340                           /system/lib64/libm.so
03-20 10:04:08.019  2653  2723 D CrashReport-Native: Parsing line: 79ffe6a000-79ffe6b000 r--p 0003f000 fd:00 3340                           /system/lib64/libm.so
03-20 10:04:08.019  2653  2723 D CrashReport-Native: Parsing line: 79ffe6b000-79ffe6c000 rw-p 00040000 fd:00 3340                           /system/lib64/libm.so
03-20 10:04:08.019  2653  2723 D CrashReport-Native: Parsing line: 79ffe6c000-79ffe6e000 r--s 00000000 fd:00 2717                           /system/fonts/NotoSansOsmanya-Regular.ttf
03-20 10:04:08.019  2653  2723 D CrashReport-Native: Parsing line: 79ffe6e000-79ffe8a000 r--s 00000000 fd:00 2542                           /system/fonts/NotoSerifEthiopic-Regular.otf
03-20 10:04:08.019  2653  2723 D CrashReport-Native: Parsing line: 79ffe8a000-79ffebc000 r-xp 00000000 fd:00 3493                           /system/lib64/libpng.so
03-20 10:04:08.019  2653  2723 D CrashReport-Native: Parsing line: 79ffed9000-79ffeda000 r--p 0003f000 fd:00 3493                           /system/lib64/libpng.so
03-20 10:04:08.019  2653  2723 D CrashReport-Native: Parsing line: 79ffeda000-79ffedb000 rw-p 00040000 fd:00 3493                           /system/lib64/libpng.so
03-20 10:04:08.019  2653  2723 D CrashReport-Native: Parsing line: 79ffedb000-79ffee8000 r--s 00000000 fd:00 2642                           /system/fonts/NotoSerifMalayalam-Regular.ttf
03-20 10:04:08.019  2653  2723 D CrashReport-Native: Parsing line: 79ffee8000-79fff0b000 r--s 00000000 fd:00 2709                           /system/fonts/NotoSansEthiopic-Regular.ttf
03-20 10:04:08.019  2653  2723 D CrashReport-Native: Parsing line: 79fff0b000-79fff2a000 r-xp 00000000 fd:00 3258                           /system/lib64/libpcre2.so
03-20 10:04:08.019  2653  2723 D CrashReport-Native: Parsing line: 79fff3a000-79fff3b000 r--p 0001f000 fd:00 3258                           /system/lib64/libpcre2.so
03-20 10:04:08.019  2653  2723 D CrashReport-Native: Parsing line: 79fff3b000-79fff3c000 rw-p 00020000 fd:00 3258                           /system/lib64/libpcre2.so
03-20 10:04:08.019  2653  2723 D CrashReport-Native: Parsing line: 79fff3c000-79fff4a000 r--s 00000000 fd:00 2683                           /system/fonts/NotoSansMalayalam-Regular.ttf
03-20 10:04:08.019  2653  2723 D CrashReport-Native: Parsing line: 79fff4a000-7a0062e000 r-xp 00000000 fd:00 3383                           /system/lib64/libhwui.so
03-20 10:04:08.019  2653  2723 D CrashReport-Native: Parsing line: 7a00640000-7a00679000 r--p 006e7000 fd:00 3383                           /system/lib64/libhwui.so
03-20 10:04:08.019  2653  2723 D CrashReport-Native: Parsing line: 7a00679000-7a0067a000 rw-p 00720000 fd:00 3383                           /system/lib64/libhwui.so
03-20 10:04:08.019  2653  2723 D CrashReport-Native: Parsing line: 7a0067a000-7a0067f000 rw-p 00000000 00:00 0                              [anon:.bss]
03-20 10:04:08.019  2653  2723 D CrashReport-Native: Parsing line: 7a0067f000-7a00681000 r--s 00000000 fd:00 2580                           /system/fonts/NotoSansOldTurkic-Regular.ttf
03-20 10:04:08.019  2653  2723 D CrashReport-Native: Parsing line: 7a00681000-7a0069f000 r--s 00000000 fd:00 2730                           /system/fonts/NotoNaskhArabicUI-Bold.ttf
03-20 10:04:08.019  2653  2723 D CrashReport-Native: Parsing line: 7a0069f000-7a006a4000 r-xp 00000000 fd:00 3750                           /system/lib64/libhidlmemory.so
03-20 10:04:08.019  2653  2723 D CrashReport-Native: Parsing line: 7a006be000-7a006bf000 r--p 0000f000 fd:00 3750                           /system/lib64/libhidlmemory.so
03-20 10:04:08.019  2653  2723 D CrashReport-Native: Parsing line: 7a006bf000-7a006c0000 rw-p 00010000 fd:00 3750                           /system/lib64/libhidlmemory.so
03-20 10:04:08.019  2653  2723 D CrashReport-Native: Parsing line: 7a006c0000-7a006c2000 r--s 00000000 fd:00 2651                           /system/fonts/NotoSansOldSouthArabian-Regular.ttf
03-20 10:04:08.187  2377  2878 D TelephonyManager: getIEthernetManager mContext: com.ecarx.multimedia.app.MediaApplication@acb5d35
03-20 10:04:08.189  2071  2071 I GKAI:GUI:2.2.20035112.937: [LocationMng] =========================  startGPSObserver
03-20 10:04:08.189  2071  2071 D GKAI:GUI:2.2.20035112.937: [GPSObserver] GPSObserver start...
03-20 10:04:08.191  2071  2071 D GKAI:GUI:2.2.20035112.937: [GPSObserver] resumeWork
03-20 10:04:08.192  1868  1953 I XC_PAC_CCS: ParkApiManager.java(186):getFuncValue: SAP_ACTIVATION, ret: 0, availability: active
03-20 10:04:08.193  1868  1953 I XC_PAC  : BooleanAttri.java(30):fetchForce: SAP_ACTIVATION=[OFF:active]
03-20 10:04:08.193  1868  1953 I CCS-0304: CarFunctionSupported.isFunctionSupported() on line :43 || function 587399424 , zone 0
03-20 10:04:08.193  1868  1953 W CCS-0304: CarFunctionSupported:This is a high Prio Func, get from remote
03-20 10:04:08.193   955  1171 W system_server: Long monitor contention with owner Binder:955_9 (1937) at android.content.pm.ParceledListSlice com.android.server.pm.PackageManagerService.getInstalledPackages(int, int)(PackageManagerService.java:7904) waiters=2 in java.lang.String com.android.server.pm.PackageManagerService.getInstantAppPackageName(int) for 106ms
03-20 10:04:08.193  2377  2878 D TelephonyManager:  getNetworkType 0 : UNKNOWN
03-20 10:04:08.194  2623  2817 D AppSettingDBManager: query:tableName==settingapps
03-20 10:04:08.278  2799  2799 I Tinker.Tinker: try to install tinker, isEnable: true, version: 1.9.13
03-20 10:04:08.280  2799  2799 I Tinker.TinkerLoadResult: parseTinkerResult loadCode:-2, process name:com.ecarx.diagnostic, main process:true, systemOTA:false, fingerPrint:geely/dcy11/dcy11:9/PQ1A.190105.004/141:userdebug/test-keys, oatDir:null, useInterpretMode:false
03-20 10:04:08.280  2799  2799 W Tinker.TinkerLoadResult: can't find patch file, is ok, just return
03-20 10:04:08.280  2799  2799 I Tinker.DefaultLoadReporter: patch loadReporter onLoadResult: patch load result, path:/data/user/0/com.ecarx.diagnostic/tinker, code: -2, cost: 5ms
03-20 10:04:08.281  2799  2799 W Tinker.Tinker: tinker load fail!
03-20 10:04:08.284  2105  2105 D ECarXApiClientImpl: open service is connected.
03-20 10:04:08.287  2071  2071 D GKAI:GUI:2.2.20035112.937: [BluetoothMonitor] BluetoothMonitor onServiceConnected profile:16
03-20 10:04:08.415  2377  2878 D TelephonyManager:  getNetworkType 0 : UNKNOWN
03-20 10:04:08.368  2653  2723 D CrashReport-Native: Parsing line: 7a01e2d000-7a01e2f000 rw-p 00000000 00:00 0                              [anon:System property context nodes]
03-20 10:04:08.420  2653  2723 D CrashReport-Native: Parsing line: 7a01e2f000-7a01e34000 r--s 00000000 00:12 16244                          /dev/__properties__/property_info
03-20 10:04:08.420  2653  2723 D CrashReport-Native: Parsing line: 7a01e34000-7a01e35000 rw-p 00000000 00:00 0                              [anon:linker_alloc]
03-20 10:04:08.420  2653  2723 D CrashReport-Native: Parsing line: 7a01e35000-7a01e36000 rw-p 00000000 00:00 0                              [anon:linker_alloc_vector]
03-20 10:04:08.420  2653  2723 D CrashReport-Native: Parsing line: 7a01e36000-7a01e38000 rw-p 00000000 00:00 0                              [anon:linker_alloc_small_objects]
03-20 10:04:08.420  2653  2723 D CrashReport-Native: Parsing line: 7a01e38000-7a01e39000 r--p 00000000 00:00 0                              [anon:atexit handlers]
03-20 10:04:08.420  2653  2723 D CrashReport-Native: Parsing line: 7a01e39000-7a01e3a000 r--p 00000000 00:00 0                              [anon:linker_alloc]
03-20 10:04:08.420  2653  2723 D CrashReport-Native: Parsing line: 7a01e3a000-7a01e3b000 rw-p 00000000 00:00 0                              [anon:linker_alloc_vector]
03-20 10:04:08.420  2653  2723 D CrashReport-Native: Parsing line: 7a01e3b000-7a01e3e000 rw-p 00000000 00:00 0                              [anon:linker_alloc_small_objects]
03-20 10:04:08.420  2653  2723 D CrashReport-Native: Parsing line: 7a01e3e000-7a01e3f000 rw-p 00000000 00:00 0                              [anon:linker_alloc_vector]
03-20 10:04:08.420  2653  2723 D CrashReport-Native: Parsing line: 7a01e3f000-7a01e41000 rw-p 00000000 00:00 0                              [anon:linker_alloc_small_objects]
03-20 10:04:08.420  2653  2723 D CrashReport-Native: Parsing line: 7a01e41000-7a01e42000 rw-p 00000000 00:00 0                              [anon:linker_alloc_vector]
03-20 10:04:08.420  2653  2723 D CrashReport-Native: Parsing line: 7a01e42000-7a01e44000 rw-p 00000000 00:00 0                              [anon:linker_alloc_small_objects]
03-20 10:04:08.630  2799  2799 E check hotfix: check hotfix
03-20 10:04:08.634  2071  2071 D ECarXApiClientImpl: open service is connected.
03-20 10:04:08.637  2377  2377 D LocaleLanguageReceiver: register LocaleLanguageReceiver
03-20 10:04:08.644  2653  2723 W CrashReport: [patch] tinker new id is null ,so patch version is invalid
03-20 10:04:08.652  2718  2718 E HotfixManager: checkHotfix
03-20 10:04:08.653  2653  2723 I CrashReport: TINKER_ID:dcy11GeneralRelease_1.0.20082110.3035-765042-base
03-20 10:04:08.653  2653  2723 I CrashReport: NEW_TINKER_ID:
03-20 10:04:08.654  2653  2723 D CrashReport: [AsyncTaskHandler] Post a delay(time: 3000ms) task: com.tencent.bugly.beta.global.d
03-20 10:04:08.654  2653  2723 D CrashReport: [AsyncTaskHandler] Post a normal task: com.tencent.bugly.proguard.ac$1
03-20 10:04:08.656  2653  2723 I CrashReport: Beta init finished...
03-20 10:04:08.657  2653  2723 D CrashReport: [AsyncTaskHandler] Post a delay(time: 0ms) task: com.tencent.bugly.crashreport.common.strategy.a$1
03-20 10:04:08.660  2653  2814 D CrashReport: [Strategy] Notify com.tencent.bugly.crashreport.biz.b
03-20 10:04:08.671  2311  2311 W LauncherImpl: [JERRY][bindItems], title: 360全景, screen: 1, cellX: 4, cellY: 1
03-20 10:04:08.671  2311  2311 I CCS-0304: PbapExtensionImpl:onReceive android.bluetooth.pbapclient.profile.action.ACTION_PULL_START telecom/pb.vcf
03-20 10:04:08.678  2105  2105 D [XSFNotification][2.0.19531110.3059]ECarxNotificationListenerService: [(ECarxNotificationListenerService.java:349)#A ] ignoreNotification packageName = com.ecarx.multimedia with flags=0x62
03-20 10:04:08.680  2105  2105 I [XSFNotification][2.0.19531110.3059]ECarxNotificationListenerService: [(ECarxNotificationListenerService.java:216)#A ] onNotificationPosted Invalid, sbn = StatusBarNotification(pkg=com.ecarx.multimedia user=UserHandle{0} id=1073741823 tag=null key=0|com.ecarx.multimedia|1073741823|null|10008: Notification(channel=com.ecarx.multimedia_kuwo pri=0 contentView=null vibrate=null sound=null tick defaults=0x0 flags=0x62 color=0x00000000 vis=PRIVATE))
03-20 10:04:08.682  2653  2723 I CrashReportInfo: [init] Bugly initialization finished.
03-20 10:04:08.683  2653  2814 D CrashReport: [AsyncTaskHandler] Post a normal task: com.tencent.bugly.crashreport.biz.a$2
03-20 10:04:08.683  2653  2814 D CrashReport: [Strategy] Notify com.tencent.bugly.CrashModule
03-20 10:04:08.683  2653  2814 W CrashReport: server anr changed to true
03-20 10:04:08.683  2653  2814 E CrashReport: addThread fail ,this thread has been added in monitor queue
03-20 10:04:08.683  2653  2814 E CrashReport: addThreadMonitorListeners fail ,this threadMonitorListener has been added in monitor queue
03-20 10:04:08.683  2653  2814 D CrashReport: [AsyncTaskHandler] Post a delay(time: 3000ms) task: com.tencent.bugly.crashreport.crash.c$2
03-20 10:04:08.683  2653  2814 D CrashReport: [Strategy] Notify com.tencent.bugly.beta.Beta
03-20 10:04:08.683  2653  2814 D CrashReport: Uploading frequency will not be checked if SDK is in debug mode.
03-20 10:04:08.688  2653  2814 D CrashReport: [Database] deleted t_ui data 1
03-20 10:04:08.688  2653  2814 D CrashReport: [UserInfo] Upload user info(size: 1)
03-20 10:04:08.688  2311  2311 I CCS-0304: PbapExtensionImpl:onReceive android.bluetooth.pbapclient.profile.action.ACTION_PULL_START telecom/pb.vcf
03-20 10:04:08.689  2311  2311 I chatty  : uid=1000(system) ecarx.launcher3:appsvr identical 1 line
03-20 10:04:08.689  2311  2311 I CCS-0304: PbapExtensionImpl:onReceive android.bluetooth.pbapclient.profile.action.ACTION_PULL_START telecom/pb.vcf
03-20 10:04:08.689  2311  2311 I CCS-0304: PbapExtensionImpl:onReceive android.bluetooth.pbapclient.profile.action.ACTION_PULL_COMPLETE telecom/pb.vcf
03-20 10:04:08.689  2311  2311 I CCS-0304: PbapExtensionImpl$3.onReceive() on line :248 || contactsCount -1
03-20 10:04:08.690  2311  2311 I CCS-0304: PbapExtensionImpl:onReceive android.bluetooth.pbapclient.profile.action.ACTION_PULL_COMPLETE telecom/pb.vcf
03-20 10:04:08.690  2311  2311 I CCS-0304: PbapExtensionImpl$3.onReceive() on line :248 || contactsCount -1
03-20 10:04:08.690  2311  2311 I CCS-0304: PbapExtensionImpl:onReceive android.bluetooth.pbapclient.profile.action.ACTION_PULL_COMPLETE telecom/pb.vcf
03-20 10:04:08.690  2311  2311 I CCS-0304: PbapExtensionImpl$3.onReceive() on line :248 || contactsCount -1
03-20 10:04:08.690  2311  2311 I CCS-0304: PbapExtensionImpl:onReceive android.bluetooth.pbapclient.profile.action.ACTION_PULL_COMPLETE telecom/pb.vcf
03-20 10:04:08.690  2311  2311 I CCS-0304: PbapExtensionImpl$3.onReceive() on line :248 || contactsCount -1
03-20 10:04:08.691  2311  2311 I LauncherImpl: loadAllWidget isAllWidgetLoaded = false
03-20 10:04:08.691  2311  2311 I CCS-0304: PbapExtensionImpl:onReceive android.bluetooth.pbapclient.profile.action.ACTION_PULL_START telecom/pb.vcf
03-20 10:04:08.691  2311  2311 I chatty  : uid=1000(system) ecarx.launcher3:appsvr identical 2 lines
03-20 10:04:08.691  2311  2311 I CCS-0304: PbapExtensionImpl:onReceive android.bluetooth.pbapclient.profile.action.ACTION_PULL_START telecom/pb.vcf
03-20 10:04:08.692  2311  2311 D Launcher.Model: done with previous binding step
03-20 10:04:08.701  2311  2490 D Launcher.Model: waited 1587ms for previous step to finish binding
03-20 10:04:08.701  2311  2490 D Launcher.Model: [JERRY] step 2: loading all apps
03-20 10:04:08.701  2311  2490 D Launcher.Model: loadAndBindAllApps mAllAppsLoaded=false
03-20 10:04:08.703  2584  2584 I CCS-0304: PhoneManager:TAG is PhoneManager
03-20 10:04:08.703  2584  2584 I CCS-0304: MediaManager:TAG is MediaManager
03-20 10:04:08.706  2311  2490 D Launcher.Model: getActivityList took 5ms for user UserHandle{0}
03-20 10:04:08.706  2311  2490 D Launcher.Model: getActivityList got 18 apps for user UserHandle{0}
03-20 10:04:08.711  1172  2370 V BluetoothPbapRequestPullPhoneBook: readResponseHeaders
03-20 10:04:08.711  1172  2370 V BluetoothPbapRequestPullPhoneBook: readResponse
03-20 10:04:08.711  1172  2370 V BluetoothPbapRequestPullPhoneBook: pbName : telecom/pb.vcf PB_PATH : telecom/pb.vcf
03-20 10:04:08.982  2568  2598 I manager.servic: Background concurrent copying GC freed 9775(853KB) AllocSpace objects, 13(276KB) LOS objects, 50% free, 2MB/4MB, paused 58.380ms total 761.917ms
03-20 10:04:08.985  2799  2799 D OpenGLRenderer: Skia GL Pipeline
03-20 10:04:08.986  2071  2828 D GKAI:GUI:2.2.20035112.937: [XKCopFileManager] a; 14; "行车记录仪"
03-20 10:04:08.986  2071  2828 D GKAI:GUI:2.2.20035112.937: [XKCopFileManager] a; 12; "相册"
03-20 10:04:08.987  2071  2828 D GKAI:GUI:2.2.20035112.937: [XKCopFileManager] a; 10; "违章查询"
03-20 10:04:09.008  2843  2843 I CalendarProvider2: Created com.android.providers.calendar.CalendarAlarmManager@382d05f(com.android.providers.calendar.CalendarProvider2@2a9daac)
03-20 10:04:09.013  2623  2962 D TelephonyManager: getIEthernetManager mContext: com.ecarx.smartscene.app.SmartSceneApplication@66197b1
03-20 10:04:09.014  2377  2377 D [CMSDK_200102]:CMSdkImpl.getInstance(L:85): getInstance
03-20 10:04:09.014  2377  2377 D CMSdk   : create, success!
03-20 10:04:09.025  2623  2962 D TelephonyManager:  getNetworkType 0 : UNKNOWN
03-20 10:04:09.026  2584  2584 D XCNaviService: args[0] = NAVSVC
03-20 10:04:09.026  2584  2584 D XCNaviService: args[1] = [2.0.20015211.4092]<Utils [main-2]> ====== com.autonavi.amapauto exists
03-20 10:04:09.026  2623  2962 D NetworkSecurityConfig: Using Network Security Config from resource network_security_config debugBuild: false
03-20 10:04:09.090  2071  2828 E GKAI:GUI:2.2.20035112.937: [XKCopFileManager] #ECO V1.3 UTF-8;
03-20 10:04:09.090  2071  2828 E GKAI:GUI:2.2.20035112.937: #ECOScheme COP1 V1.6
03-20 10:04:09.090  2071  2828 E GKAI:GUI:2.2.20035112.937: 
03-20 10:04:09.090  2071  2828 E GKAI:GUI:2.2.20035112.937: #EDBDatabaseID CONTACT
03-20 10:04:09.090  2071  2828 E GKAI:GUI:2.2.20035112.937: #EDBTableID CONTACTS
03-20 10:04:09.090  2071  2828 E GKAI:GUI:2.2.20035112.937: #EDBTableUpdateType FullUpdate
03-20 10:04:09.090  2071  2828 E GKAI:GUI:2.2.20035112.937: #EDBTableUpdateMode GivenInColumn
03-20 10:04:09.090  2071  2828 E GKAI:GUI:2.2.20035112.937: #EDBTableUpdateID   10
03-20 10:04:09.090  2071  2828 E GKAI:GUI:2.2.20035112.937: #Column1 EDBTableUpdateMode
03-20 10:04:09.090  2071  2828 E GKAI:GUI:2.2.20035112.937: #Column2 Entry_ID
03-20 10:04:09.090  2071  2828 E GKAI:GUI:2.2.20035112.937: #Column3 Firstname_Ortho
03-20 10:04:09.090  2071  2828 E GKAI:GUI:2.2.20035112.937: #Column4 Lastname_Ortho
03-20 10:04:09.090  2071  2828 E GKAI:GUI:2.2.20035112.937: 
03-20 10:04:09.090  2071  2828 E GKAI:GUI:2.2.20035112.937: 
03-20 10:04:09.090  2071  2828 E GKAI:GUI:2.2.20035112.937: 
03-20 10:04:09.090  2071  2828 E GKAI:GUI:2.2.20035112.937: # ===EDBTableUpdateMode===
03-20 10:04:09.090  2071  2828 E GKAI:GUI:2.2.20035112.937: # The update mode must always be given.
03-20 10:04:09.090  2071  2828 E GKAI:GUI:2.2.20035112.937: #Format(EDBTableUpdateMode) Ident
03-20 10:04:09.090  2071  2828 E GKAI:GUI:2.2.20035112.937: #Cardin(EDBTableUpdateMode) 1
03-20 10:04:09.090  2071  2828 E GKAI:GUI:2.2.20035112.937: 
03-20 10:04:09.090  2071  2828 E GKAI:GUI:2.2.20035112.937: # ---Entry_ID---
03-20 10:04:09.090  2071  2828 E GKAI:GUI:2.2.20035112.937: # Entry_ID is the primary key and therefore mandatory for new entries.
03-20 10:04:09.090  2071  2828 E GKAI:GUI:2.2.20035112.937: #CardinEDBUpdate(AddEntryMode)(Entry_ID) 1
03-20 10:04:09.090  2071  2828 E GKAI:GUI:2.2.20035112.937: #NumIDFormat(Entry_ID) Decimal
03-20 10:04:09.090  2071  2828 E GKAI:GUI:2.2.20035112.937: #NumIDBinLength(Entry_ID) 64
03-20 10:04:09.090  2071  2828 E GKAI:GUI:2.2.20035112.937: #Format(Entry_ID) Ident
03-20 10:04:09.090  2071  2828 E GKAI:GUI:2.2.20035112.937: 
03-20 10:04:09.090  2071  2828 E GKAI:GUI:2.2.20035112.937: #Format(Firstname_Ortho) Quoted
03-20 10:04:09.090  2071  2828 E GKAI:GUI:2.2.20035112.937: #Format(Lastname_Ortho) Quoted
03-20 10:04:09.104  2377  2555 E UserAPI : call getLoginUser
03-20 10:04:09.104  2377  2555 E UserAPI : getLoginUser--->memberCenterService
03-20 10:04:09.109  2556  2601 E getUserInfo: Remote-->getUserInfo
03-20 10:04:09.109  1172  2370 V PbapPhonebookPullRequest: removeRawContacts end Time : 0 s
03-20 10:04:09.109  1172  2370 D PbapPhonebookPullRequest: Sync complete: add=0sync time : 0 s
03-20 10:04:09.110  2718  2718 W CCS-0304: CarFunctionValueWatcher:CarFunctionValueWatcher:Time start:1584669849110
03-20 10:04:09.110  2718  2718 W CCS-0304: CarFunctionValueWatcher:CarFunctionValueWatcher:Time end:1584669849110
03-20 10:04:09.110  2718  2718 W CCS-0304: CarFunctionValueWatcher:register callback separately.
03-20 10:04:09.111  1172  2366 D PbapClientStateMachine: Processing MSG 9 from Connected
03-20 10:04:09.111  1172  2366 D PbapClientStateMachine: sendPullComplete Intent for : telecom/pb.vcf
03-20 10:04:09.111  1172  2366 D PbapClientStateMachine: sendPullComplete PBAP_MORECONTACT : -1
03-20 10:04:09.112  2377  2555 E UserAPI : parseUserJson:
03-20 10:04:09.112  2377  2555 E UserAPI : parseUserJson fail:End of input at character 0 of 
03-20 10:04:09.112  2377  2555 W System.err: org.json.JSONException: End of input at character 0 of 
03-20 10:04:09.113  2377  2555 W System.err: 	at org.json.JSONTokener.syntaxError(JSONTokener.java:449)
03-20 10:04:09.113  1281  1281 I CCS-0304: PbapExtensionImpl:onReceive android.bluetooth.pbapclient.profile.action.ACTION_PULL_COMPLETE telecom/pb.vcf
03-20 10:04:09.113  2377  2555 W System.err: 	at org.json.JSONTokener.nextValue(JSONTokener.java:97)
03-20 10:04:09.113  2377  2555 W System.err: 	at org.json.JSONObject.<init>(JSONObject.java:159)
03-20 10:04:09.113  2377  2555 W System.err: 	at org.json.JSONObject.<init>(JSONObject.java:176)
03-20 10:04:09.113  2377  2555 W System.err: 	at com.ecarx.sdk.user.UserAPIImpl.parseUserJson(UserAPIImpl.java:187)
03-20 10:04:09.113  2377  2555 W System.err: 	at com.ecarx.sdk.user.UserAPIImpl.getLoginUser(UserAPIImpl.java:218)
03-20 10:04:09.113  2377  2555 W System.err: 	at com.ecarx.multimedia.utils.StatisticsUtils$1.onApiReady(SourceFile:85)
03-20 10:04:09.113  2377  2555 W System.err: 	at com.ecarx.multimedia.common.manager.OpenApiManager$8.run(SourceFile:213)
03-20 10:04:09.113  2377  2555 W System.err: 	at android.os.Handler.handleCallback(Handler.java:873)
03-20 10:04:09.113  2377  2555 W System.err: 	at android.os.Handler.dispatchMessage(Handler.java:99)
03-20 10:04:09.113  2377  2555 W System.err: 	at android.os.Looper.loop(Looper.java:193)
03-20 10:04:09.113  2377  2555 W System.err: 	at android.os.HandlerThread.run(HandlerThread.java:65)
03-20 10:04:09.113  1281  1281 I CCS-0304: PbapExtensionImpl$3.onReceive() on line :248 || contactsCount -1
03-20 10:04:09.113  2377  2555 W System.err: java.lang.NullPointerException: Attempt to invoke interface method 'java.lang.String com.ecarx.sdk.user.IUser.getUserId()' on a null object reference
03-20 10:04:09.113  2377  2555 W System.err: 	at com.ecarx.multimedia.utils.StatisticsUtils$1.onApiReady(SourceFile:85)
03-20 10:04:09.113  2377  2555 W System.err: 	at com.ecarx.multimedia.common.manager.OpenApiManager$8.run(SourceFile:213)
03-20 10:04:09.157  2071  2085 I om.ecarx.xiaok: Background concurrent copying GC freed 17945(1287KB) AllocSpace objects, 11(280KB) LOS objects, 49% free, 1703KB/3MB, paused 9.723ms total 728.398ms
03-20 10:04:09.157  2185  2535 D XIAOKAVAL: [apprcv.cc:181][appRead] msg come in
03-20 10:04:09.157  2185  2535 D XIAOKAVAL: [apprcv.cc:370][dataProc]  begin. size = 34 marksize = 34
03-20 10:04:09.157  2185  2535 D XIAOKAVAL: [apprcv.cc:375][dataProc]  ret : 1, msg.size : 34
03-20 10:04:09.158  2185  2535 D XIAOKAVAL: [apprcv.cc:178][appRead] msg wait
03-20 10:04:09.159  2071  2828 D GKAI:GUI:2.2.20035112.937: [XKCopFileManager] ====sendADBChangedMsg====success, contactsList size = 0
03-20 10:04:09.159  2071  2828 D GKAI:GUI:2.2.20035112.937: [XKCopFileManager] bt contact size : 0and copfile contact size : 0
03-20 10:04:09.159  2071  2828 D GKAI:GUI:2.2.20035112.937: [XKCopFileManager] COP_FILE_TYPE: 0
03-20 10:04:09.162  2185  2923 D TelephonyManager:  getNetworkType 0 : UNKNOWN
03-20 10:04:09.163  2584  2584 D XCNaviService: args[0] = NAVSVC
03-20 10:04:09.163  2584  2584 D XCNaviService: args[1] = [2.0.20015211.4092]<MapStateMachine [main-2]> ====== getMachineStateByMapStatus:
03-20 10:04:09.164  2185  2984 D XIAOKAVAL: [apprcv.cc:261][msgProc] Rcv from app message is :
03-20 10:04:09.164  2185  2984 D XIAOKAVAL: system {
03-20 10:04:09.164  2185  2984 D XIAOKAVAL:   command: EVT_ADB_CHANGED
03-20 10:04:09.164  2185  2984 D XIAOKAVAL:   upadb {
03-20 10:04:09.164  2185  2984 D XIAOKAVAL:     type: INF
03-20 10:04:09.164  2185  2984 D XIAOKAVAL:     path: "/sdcard/vr/phonebook.cop"
03-20 10:04:09.164  2185  2984 D XIAOKAVAL:   }
03-20 10:04:09.164  2185  2984 D XIAOKAVAL: }
03-20 10:04:09.164  2185  2984 D XIAOKAVAL: 
03-20 10:04:09.164  2185  2984 D XIAOKAVAL: 
03-20 10:04:09.164  2185  2984 D XIAOKAVAL: [apprcv.cc:280][msgProc]  initializing so that cache msg(10)
03-20 10:04:09.167  2584  2982 D XCNaviService: args[0] = NAVSVC
03-20 10:04:09.167  2584  2982 D XCNaviService: args[1] = [2.0.20015211.4092]<MapStateMachine [mapManager-191]> ====== enter NonGuidingState
03-20 10:04:09.172  2605  2981 D TelephonyManager: getIEthernetManager mContext: com.ecarx.AndroidApplication@9ee0a6a
03-20 10:04:09.362  2584  2995 D XCNaviService: args[0] = NAVSVC
03-20 10:04:09.362  2584  2995 D XCNaviService: args[1] = [2.0.20015211.4092]<LocService [RxCachedThreadScheduler-1-196]> ====== regeoWGS84LatLng rcv:formatAddr:null, prov:null, city:null, citycode:null, district:null, adcode:null,country:null
03-20 10:04:09.378  2584  2995 D XCNaviService: args[0] = NAVSVC
03-20 10:04:09.378  2584  2995 D XCNaviService: args[1] = [2.0.20015211.4092]<LocService [RxCachedThreadScheduler-1-196]> ====== useLocalMapRegeo
03-20 10:04:09.379  2584  2995 D XCNaviService: args[0] = NAVSVC
03-20 10:04:09.379  2584  2995 D XCNaviService: args[1] = [2.0.20015211.4092]<MapManager [RxCachedThreadScheduler-1-196]> ====== getSpecialMap getSpecialMap:0
03-20 10:04:09.380  2556  2556 W ECarXApiClientImpl: Initialize open service, service name: gkuiservice, has connected: false
03-20 10:04:09.381  2584  2995 D XCNaviService: args[0] = NAVSVC
03-20 10:04:09.381  2584  2995 D XCNaviService: args[1] = [2.0.20015211.4092]<AmapProxy [RxCachedThreadScheduler-1-196]> ====== requestLocalInfo lat:0.0 lon:0.0
03-20 10:04:09.382  2556  2695 W ECarXApiClientImpl: connect open service.
03-20 10:04:09.383  2377  2377 D BTStateManager: 1
03-20 10:04:09.384  2556  2556 W ECarXApiClientImpl: Initialize open service, service name: gkuiservice, has connected: false
03-20 10:04:09.384  2556  2556 E SysApiImpl: --------->DeviceApi onAPIReady
03-20 10:04:09.385  2556  2556 D DeviceStateAPIImpl: onConnected:isConnected == true
03-20 10:04:09.386  2556  2556 D DeviceStateAPIImpl: connect:called!
03-20 10:04:09.386  2556  2556 D DeviceStateAPIImpl: connect:null == mIDrivePolicy
03-20 10:04:09.386  2584  2995 D XCNaviService: args[0] = NAVSVC
03-20 10:04:09.386  2584  2995 D XCNaviService: args[1] = [2.0.20015211.4092]<jtag-monitorsdk [RxCachedThreadScheduler-1-196]> ====== checkAndWaitSDKConnect uninit, init it
03-20 10:04:09.386  2556  2695 W ECarXApiClientImpl: connect open service.
03-20 10:04:09.386  2584  2995 D XCNaviService: args[0] = NAVSVC
03-20 10:04:09.386  2584  2995 D XCNaviService: args[1] = [2.0.20015211.4092]<jtag-monitorsdk [RxCachedThreadScheduler-1-196]> ====== sdk initing...
03-20 10:04:09.387  2556  2556 D DeviceStateAPIImpl: onConnected:isConnected == true
03-20 10:04:09.388  2556  2556 D DeviceStateAPIImpl: connect:called!
03-20 10:04:09.388  2556  2556 D DeviceStateAPIImpl: onAPIReady:ready == true
03-20 10:04:09.390  2556  2556 D DeviceStateAPIImpl: connect:called!
03-20 10:04:09.394  2584  2995 D XCNaviService: args[0] = NAVSVC
03-20 10:04:09.394  2584  2995 D XCNaviService: args[1] = [2.0.20015211.4092]<AmapProxy [RxCachedThreadScheduler-1-196]> ====== hook amap aidlControlInstance null, we init :com.autonavi.amapauto.protocol.control.a@71c21a0
03-20 10:04:09.395  2377  2377 I BTMusicManager: onA2dpChange:1
03-20 10:04:09.405  2653  2653 D CacheSystemProperties: has stored cache
03-20 10:04:09.406  2584  2995 D XCNaviService: args[0] = NAVSVC
03-20 10:04:09.406  2584  2995 D XCNaviService: args[1] = [2.0.20015211.4092]<AmapProxy [RxCachedThreadScheduler-1-196]> ====== hook amap Death:true, ServiceConn true
03-20 10:04:09.406  1251  1251 I AC_SYSTEMUI_LOG: LeftAreaView : refreshTemp : isHvacOn : false, driveTempStatus : active, driverTemp : 22.0
03-20 10:04:09.406  1251  1251 W CCS-0304: CarFunctionCustomizedValueImpl:getFunctionValue (268829184) returns 268829184
03-20 10:04:09.406  1251  1251 W CCS-0304: CarFunctionCustomizedValueImpl:getFunctionValue (268829440) returns 16.0
03-20 10:04:09.406  2584  2995 D XCNaviService: args[0] = NAVSVC
03-20 10:04:09.406  2584  2995 D XCNaviService: args[1] = [2.0.20015211.4092]<AmapProxy [RxCachedThreadScheduler-1-196]> ====== amapSDKInit
03-20 10:04:09.411  2653  2653 E CLD_[3035]-OpenApiHelper: GetEcarxId-> initDeviceAPIForGetEcarxId init deviceAPI
03-20 10:04:09.411  2653  2653 W ECarXApiClientImpl: Initialize open service, service name: device, has connected: false
03-20 10:04:09.417  1251  1251 I CCS-0304: CarFunctionSupported.isFunctionSupported() on line :43 || function 268763648 , zone 1
03-20 10:04:09.419  1251  1251 I CCS-0304: CarFunctionSupported.isFunctionSupported() on line :43 || function 268763392 , zone 1
03-20 10:04:09.423  2057  2057 D AC_SYSTEMUI_LOG: onAccessibilityEvent : sTopPackageName = com.ecarx.diagnostic
03-20 10:04:09.423  2057  2057 D AC_SYSTEMUI_LOG: onAccessibilityEvent : sTopClassName = com.ecarx.diagnostic.MainActivity
03-20 10:04:09.424  2653  2836 W ECarXApiClientImpl: connect open service.
03-20 10:04:09.431  2377  2377 E [XCMedia2Log][3.2.0_dcy11_200218.3246]BTMusicSource: MediaBrowserHelper.get().getMediaController() = null
03-20 10:04:09.524  2071  2828 E GKAI:GUI:2.2.20035112.937: [XKCopFileManager] #ECO V1.3 UTF-8;
03-20 10:04:09.524  2071  2828 E GKAI:GUI:2.2.20035112.937: #ECOScheme COP1 V1.6
03-20 10:04:09.524  2071  2828 E GKAI:GUI:2.2.20035112.937: 
03-20 10:04:09.524  2071  2828 E GKAI:GUI:2.2.20035112.937: #EDBDatabaseID CONTACT
03-20 10:04:09.524  2071  2828 E GKAI:GUI:2.2.20035112.937: #EDBTableID CONTACTS
03-20 10:04:09.524  2071  2828 E GKAI:GUI:2.2.20035112.937: #EDBTableUpdateType FullUpdate
03-20 10:04:09.524  2071  2828 E GKAI:GUI:2.2.20035112.937: #EDBTableUpdateMode GivenInColumn
03-20 10:04:09.524  2071  2828 E GKAI:GUI:2.2.20035112.937: #EDBTableUpdateID   10
03-20 10:04:09.524  2071  2828 E GKAI:GUI:2.2.20035112.937: #Column1 EDBTableUpdateMode
03-20 10:04:09.524  2071  2828 E GKAI:GUI:2.2.20035112.937: #Column2 Entry_ID
03-20 10:04:09.524  2071  2828 E GKAI:GUI:2.2.20035112.937: #Column3 Firstname_Ortho
03-20 10:04:09.524  2071  2828 E GKAI:GUI:2.2.20035112.937: #Column4 Lastname_Ortho
03-20 10:04:09.524  2071  2828 E GKAI:GUI:2.2.20035112.937: 
03-20 10:04:09.524  2071  2828 E GKAI:GUI:2.2.20035112.937: 
03-20 10:04:09.524  2071  2828 E GKAI:GUI:2.2.20035112.937: 
03-20 10:04:09.524  2071  2828 E GKAI:GUI:2.2.20035112.937: # ===EDBTableUpdateMode===
03-20 10:04:09.524  2071  2828 E GKAI:GUI:2.2.20035112.937: # The update mode must always be given.
03-20 10:04:09.524  2071  2828 E GKAI:GUI:2.2.20035112.937: #Format(EDBTableUpdateMode) Ident
03-20 10:04:09.524  2071  2828 E GKAI:GUI:2.2.20035112.937: #Cardin(EDBTableUpdateMode) 1
03-20 10:04:09.524  2071  2828 E GKAI:GUI:2.2.20035112.937: 
03-20 10:04:09.524  2071  2828 E GKAI:GUI:2.2.20035112.937: # ---Entry_ID---
03-20 10:04:09.524  2071  2828 E GKAI:GUI:2.2.20035112.937: # Entry_ID is the primary key and therefore mandatory for new entries.
03-20 10:04:09.524  2071  2828 E GKAI:GUI:2.2.20035112.937: #CardinEDBUpdate(AddEntryMode)(Entry_ID) 1
03-20 10:04:09.524  2071  2828 E GKAI:GUI:2.2.20035112.937: #NumIDFormat(Entry_ID) Decimal
03-20 10:04:09.524  2071  2828 E GKAI:GUI:2.2.20035112.937: #NumIDBinLength(Entry_ID) 64
03-20 10:04:09.524  2071  2828 E GKAI:GUI:2.2.20035112.937: #Format(Entry_ID) Ident
03-20 10:04:09.524  2071  2828 E GKAI:GUI:2.2.20035112.937: 
03-20 10:04:09.524  2071  2828 E GKAI:GUI:2.2.20035112.937: #Format(Firstname_Ortho) Quoted
03-20 10:04:09.524  2071  2828 E GKAI:GUI:2.2.20035112.937: #Format(Lastname_Ortho) Quoted
03-20 10:04:09.532  2377  2377 E CCS-0304: AdaptapiServiceConnector:Successfully connected to Adaptapi Service!
03-20 10:04:09.532  2377  2377 E CCS-0304: AdaptapiManager:onServiceConnected
03-20 10:04:09.532  2185  2535 D XIAOKAVAL: [apprcv.cc:181][appRead] msg come in
03-20 10:04:09.532  2185  2535 D XIAOKAVAL: [apprcv.cc:370][dataProc]  begin. size = 34 marksize = 34
03-20 10:04:09.532  2185  2535 D XIAOKAVAL: [apprcv.cc:375][dataProc]  ret : 1, msg.size : 34
03-20 10:04:09.532  2377  2377 E CCS-0304: StoragePolicyImpl:onServiceConnected
03-20 10:04:09.532  2185  2535 D XIAOKAVAL: [apprcv.cc:178][appRead] msg wait
03-20 10:04:09.533  2584  2584 I DeviceAPI: createDeviceAPI
03-20 10:04:09.533  2377  2377 D USBAdapterApiManager: getVolumeFullPath:USB
03-20 10:04:09.533  2377  2377 I CCS-0304: StoragePolicyImpl:getVolumeFullPath called 1
03-20 10:04:09.545  2584  2584 D CacheSystemProperties: has stored cache
03-20 10:04:09.549  1182  1387 D Property.service: registerListener: propId=0x21701354 rate=0.0
03-20 10:04:09.555  2377  2377 I CCS-0304: StoragePolicyImpl:return path for 2 null
03-20 10:04:09.556  2377  2377 D USBAdapterApiManager: getVolumeFullPath:USB2,null
03-20 10:04:09.558  1251  1251 D AC_SYSTEMUI_LOG: LeftAreaView : mHvacController.getDriverAutoSeatVentilationStatus() : active
03-20 10:04:09.564   633   684 D u-blox  : CGpsIf::setPositionMode: (4263507184): mode=0(GPS_POSITION_MODE_STANDALONE) recurrence=0(GPS_POSITION_RECURRENCE_PERIODIC) min_interval=100 preferred_accuracy=0 preferred_time=0
03-20 10:04:09.564   633   684 V u-blox  : CUbxGpsState::putRate: Put Rate rate=1000
03-20 10:04:09.565  2584  2584 D XCNaviService: args[0] = NAVSVC
03-20 10:04:09.565  2584  2584 D XCNaviService: args[1] = [2.0.20015211.4092]<NaviService [main-2]> ====== onBind(): Enter Intent { act=ecarx.intent.action.NAVI_SERVICE_STARTED cat=[ecarx.intent.category.NAVI] cmp=ecarx.naviservice/.service.NaviService }
03-20 10:04:09.626  2506  3015 D TelephonyManager:  getNetworkType 0 : UNKNOWN
03-20 10:04:09.628  2158  2158 D CellLayoutChildren: 45,74,655,904
03-20 10:04:09.629  2158  2158 D CellLayoutChildren: 655,74,1265,904
03-20 10:04:09.629  2158  2158 D CellLayoutChildren: 1265,74,1875,489
03-20 10:04:09.629  2158  2158 D CellLayoutChildren: 1265,489,1875,904
03-20 10:04:09.732   955   989 I SystemUI[Framework]: ==> disableLocked() userId=0, what=0x0, token=android.os.Binder@aea2a06, pkg=Window{f197261 u0 com.ecarx.diagnostic/com.ecarx.diagnostic.MainActivity}, whichFlag=1, bar=com.android.internal.statusbar.IStatusBar$Stub$Proxy@39ce8e6
03-20 10:04:09.733   955   989 I SystemUI[Framework]: StatusBar disabled: mDisabled1=0x0 mDisabled2=0x0
03-20 10:04:09.733   955   989 I SystemUI[Framework]:   mDisableRecords.size=0
03-20 10:04:09.746   475  2748 V APM_AudioPolicyManager: AudioPolicyManager:setRecordSilenced(uid:10013, silenced:0)
03-20 10:04:09.765   955   989 I SystemUI[Framework]: ==> disableLocked() userId=0, what=0x0, token=android.os.Binder@aea2a06, pkg=Window{f197261 u0 com.ecarx.diagnostic/com.ecarx.diagnostic.MainActivity}, whichFlag=1, bar=com.android.internal.statusbar.IStatusBar$Stub$Proxy@39ce8e6
03-20 10:04:09.765   955   989 I SystemUI[Framework]: StatusBar disabled: mDisabled1=0x0 mDisabled2=0x0
03-20 10:04:09.765   955   989 I SystemUI[Framework]:   mDisableRecords.size=0
03-20 10:04:09.785  2653  2814 D TelephonyManager:  getNetworkType 0 : UNKNOWN
03-20 10:04:09.785  2653  2814 I CrashReport: ROM ID: geely/dcy11/dcy11:9/PQ1A.190105.004/141:userdebug/test-keys/fail
03-20 10:04:09.789   955   989 I SystemUI[Framework]: ==> disableLocked() userId=0, what=0x0, token=android.os.Binder@aea2a06, pkg=Window{f197261 u0 com.ecarx.diagnostic/com.ecarx.diagnostic.MainActivity}, whichFlag=1, bar=com.android.internal.statusbar.IStatusBar$Stub$Proxy@39ce8e6
03-20 10:04:09.789   955   989 I SystemUI[Framework]: StatusBar disabled: mDisabled1=0x0 mDisabled2=0x0
03-20 10:04:09.789   955   989 I SystemUI[Framework]:   mDisableRecords.size=0
03-20 10:04:09.791  2653  2819 E CLD_[3035]-LocalCalendar: UserId invalid, get from userAPIUtils userId = null
03-20 10:04:09.791  2653  2819 E CLD_[3035]-LocalCalendar: UserId invalid!!!
03-20 10:04:09.792   955   989 I SystemUI[Framework]: ==> disableLocked() userId=0, what=0x0, token=android.os.Binder@aea2a06, pkg=Window{f197261 u0 com.ecarx.diagnostic/com.ecarx.diagnostic.MainActivity}, whichFlag=1, bar=com.android.internal.statusbar.IStatusBar$Stub$Proxy@39ce8e6
03-20 10:04:09.792   955   989 I SystemUI[Framework]: StatusBar disabled: mDisabled1=0x0 mDisabled2=0x0
03-20 10:04:09.792   955   989 I SystemUI[Framework]:   mDisableRecords.size=1
03-20 10:04:09.792   955   989 I SystemUI[Framework]:   [0] userId=0 what1=0x0 what2=0x0 pkg=null token=android.os.Binder@aea2a06
03-20 10:04:09.795  1251  1251 I CCS-0304: CarFunctionSupported.isFunctionSupported() on line :43 || function 268763904 , zone 1
03-20 10:04:09.802   955   989 I SystemUI[Framework]: ==> disableLocked() userId=0, what=0x0, token=android.os.Binder@aea2a06, pkg=Window{f197261 u0 com.ecarx.diagnostic/com.ecarx.diagnostic.MainActivity}, whichFlag=1, bar=com.android.internal.statusbar.IStatusBar$Stub$Proxy@39ce8e6
03-20 10:04:09.802   955   989 I SystemUI[Framework]: StatusBar disabled: mDisabled1=0x0 mDisabled2=0x0
03-20 10:04:09.802   955   989 I SystemUI[Framework]:   mDisableRecords.size=0
03-20 10:04:09.805   955   989 I SystemUI[Framework]: ==> disableLocked() userId=0, what=0x0, token=android.os.Binder@aea2a06, pkg=Window{f197261 u0 com.ecarx.diagnostic/com.ecarx.diagnostic.MainActivity}, whichFlag=1, bar=com.android.internal.statusbar.IStatusBar$Stub$Proxy@39ce8e6
03-20 10:04:09.805   955   989 I SystemUI[Framework]: StatusBar disabled: mDisabled1=0x0 mDisabled2=0x0
03-20 10:04:09.805   955   989 I SystemUI[Framework]:   mDisableRecords.size=1
03-20 10:04:09.805   955   989 I SystemUI[Framework]:   [0] userId=0 what1=0x0 what2=0x0 pkg=null token=android.os.Binder@aea2a06
03-20 10:04:09.816   955   989 I SystemUI[Framework]: ==> disableLocked() userId=0, what=0x0, token=android.os.Binder@aea2a06, pkg=Window{f197261 u0 com.ecarx.diagnostic/com.ecarx.diagnostic.MainActivity}, whichFlag=1, bar=com.android.internal.statusbar.IStatusBar$Stub$Proxy@39ce8e6
03-20 10:04:09.816   955   989 I SystemUI[Framework]: StatusBar disabled: mDisabled1=0x0 mDisabled2=0x0
03-20 10:04:09.816   955   989 I SystemUI[Framework]:   mDisableRecords.size=0
03-20 10:04:09.817  2653  2814 I CrashReport: SIM serial number: null
03-20 10:04:09.818  2653  2814 I CrashReport: Hardware serial number: unknown
