03-20 10:04:04.242  1899  1899 D SubtypeParser: Start Tag: subtype
03-20 10:04:04.242  1899  1899 D SubtypeParser: SubtypeItem: (subtypeId:0x31cacdb1,imeSubtypeLocale:ca,imeSubtypeMode:keyboard,imeSubtypeExtraValue:AsciiCapable,SupportTouchPositionCorrection,EmojiCapable,isAsciiCapable:true)
03-20 10:04:04.242  1899  1899 D SubtypeParser: End Tag: subtype
03-20 10:04:04.242  1899  1899 D SubtypeParser: Start Tag: subtype
03-20 10:04:04.243  1899  1899 D SubtypeParser: SubtypeItem: (subtypeId:0x31cacdb2,imeSubtypeLocale:eu_ES,imeSubtypeMode:keyboard,imeSubtypeExtraValue:AsciiCapable,SupportTouchPositionCorrection,EmojiCapable,isAsciiCapable:true)
03-20 10:04:04.243  1899  1899 D SubtypeParser: End Tag: subtype
03-20 10:04:04.243  1899  1899 D SubtypeParser: Start Tag: subtype
03-20 10:04:04.243  1899  1899 D SubtypeParser: SubtypeItem: (subtypeId:0x31cacdb2,imeSubtypeLocale:gl_ES,imeSubtypeMode:keyboard,imeSubtypeExtraValue:AsciiCapable,SupportTouchPositionCorrection,EmojiCapable,isAsciiCapable:true)
03-20 10:04:04.243  1899  1899 D SubtypeParser: End Tag: subtype
03-20 10:04:04.243  1899  1899 D SubtypeParser: Start Tag: subtype
03-20 10:04:04.243  1899  1899 D SubtypeParser: SubtypeItem: (subtypeId:0xe49c89a2,imeSubtypeLocale:kok,imeSubtypeMode:keyboard,imeSubtypeExtraValue:KeyboardLayoutSet=hindi_compact,EmojiCapable,isAsciiCapable:false)
03-20 10:04:04.243  1899  1899 D SubtypeParser: End Tag: subtype
03-20 10:04:04.243  1899  1899 D SubtypeParser: Start Tag: subtype
03-20 10:04:04.243  1899  1899 D SubtypeParser: SubtypeItem: (subtypeId:0xe49c89a2,imeSubtypeLocale:ks,imeSubtypeMode:keyboard,imeSubtypeExtraValue:KeyboardLayoutSet=hindi_compact,EmojiCapable,isAsciiCapable:false)
03-20 10:04:04.243  1899  1899 D SubtypeParser: End Tag: subtype
03-20 10:04:04.243  1899  1899 D SubtypeParser: Start Tag: subtype
03-20 10:04:04.243  1899  1899 D SubtypeParser: SubtypeItem: (subtypeId:0xe49c89a3,imeSubtypeLocale:mni_IN,imeSubtypeMode:keyboard,imeSubtypeExtraValue:KeyboardLayoutSet=hindi_compact,EmojiCapable,isAsciiCapable:false)
03-20 10:04:04.242  2344  2344 I Tinker.ComponentHotplug: method install() is not invoked, ignore ensuring operations.
03-20 10:04:04.243  1899  1899 D SubtypeParser: End Tag: subtype
03-20 10:04:04.243  1899  1899 D SubtypeParser: Start Tag: subtype
03-20 10:04:04.243  1899  1899 D SubtypeParser: SubtypeItem: (subtypeId:0xe49c89a4,imeSubtypeLocale:as_IN,imeSubtypeMode:keyboard,imeSubtypeExtraValue:KeyboardLayoutSet=hindi_compact,EmojiCapable,isAsciiCapable:false)
03-20 10:04:04.243  1899  1899 D SubtypeParser: End Tag: subtype
03-20 10:04:04.243  1899  1899 D SubtypeParser: Start Tag: subtype
03-20 10:04:04.243  2344  2344 D Tinker.DefaultAppLike: onCreate
03-20 10:04:04.244  1899  1899 D SubtypeParser: SubtypeItem: (subtypeId:0xbe66c254,imeSubtypeLocale:fa,imeSubtypeMode:keyboard,imeSubtypeExtraValue:KeyboardLayoutSet=farsi,EmojiCapable,isAsciiCapable:false)
03-20 10:04:04.244  1899  1899 D SubtypeParser: End Tag: subtype
03-20 10:04:04.244  1899  1899 D SubtypeParser: Start Tag: subtype
03-20 10:04:04.244  1899  1899 D SubtypeParser: SubtypeItem: (subtypeId:0x66fb18bd,imeSubtypeLocale:iw,imeSubtypeMode:keyboard,imeSubtypeExtraValue:SupportTouchPositionCorrection,EmojiCapable,isAsciiCapable:false)
03-20 10:04:04.244  1899  1899 D SubtypeParser: End Tag: subtype
03-20 10:04:04.244  1899  1899 D SubtypeParser: Start Tag: subtype
03-20 10:04:04.250  2158  2405 D TelephonyManager:  getNetworkType 0 : UNKNOWN
03-20 10:04:04.250  2158  2158 I CCS-0304: PbapExtensionImpl:onReceive android.bluetooth.pbapclient.profile.action.ACTION_PULL_START telecom/mch.vcf
03-20 10:04:04.250  2158  2158 I chatty  : uid=1000(system) ecarx.launcher3 identical 1 line
03-20 10:04:04.251  2158  2158 I CCS-0304: PbapExtensionImpl:onReceive android.bluetooth.pbapclient.profile.action.ACTION_PULL_START telecom/mch.vcf
03-20 10:04:04.256  1899  1899 D SubtypeParser: SubtypeItem: (subtypeId:0x6e119e6a,imeSubtypeLocale:ka_GE,imeSubtypeMode:keyboard,imeSubtypeExtraValue:KeyboardLayoutSet=georgian,EmojiCapable,isAsciiCapable:false)
03-20 10:04:04.256  1899  1899 D SubtypeParser: End Tag: subtype
03-20 10:04:04.256  1899  1899 D SubtypeParser: Start Tag: subtype
03-20 10:04:04.256  1899  1899 D SubtypeParser: SubtypeItem: (subtypeId:0xf4a5569c,imeSubtypeLocale:sr,imeSubtypeMode:keyboard,imeSubtypeExtraValue:KeyboardLayoutSet=serbian_qwertz,AsciiCapable,EmojiCapable,isAsciiCapable:true)
03-20 10:04:04.256  1899  1899 D SubtypeParser: End Tag: subtype
03-20 10:04:04.256  1899  1899 D SubtypeParser: Start Tag: subtype
03-20 10:04:04.256  1899  1899 D SubtypeParser: SubtypeItem: (subtypeId:0x763a8852,imeSubtypeLocale:kk,imeSubtypeMode:keyboard,imeSubtypeExtraValue:SupportTouchPositionCorrection,EmojiCapable,CapitalizationCapable,AsciiCapable,isAsciiCapable:false)
03-20 10:04:04.256  1899  1899 D SubtypeParser: End Tag: subtype
03-20 10:04:04.256  1899  1899 D SubtypeParser: Start Tag: subtype
03-20 10:04:04.256  1899  1899 D SubtypeParser: SubtypeItem: (subtypeId:0xf4a5569d,imeSubtypeLocale:uz,imeSubtypeMode:keyboard,imeSubtypeExtraValue:KeyboardLayoutSet=serbian_qwertz,AsciiCapable,EmojiCapable,isAsciiCapable:true)
03-20 10:04:04.256  1899  1899 D SubtypeParser: End Tag: subtype
03-20 10:04:04.256  1899  1899 D SubtypeParser: Start Tag: subtype
03-20 10:04:04.256  1899  1899 D SubtypeParser: SubtypeItem: (subtypeId:0xf4a5579d,imeSubtypeLocale:jv,imeSubtypeMode:keyboard,imeSubtypeExtraValue:KeyboardLayoutSet=serbian_qwertz,AsciiCapable,EmojiCapable,isAsciiCapable:true)
03-20 10:04:04.256  1899  1899 D SubtypeParser: End Tag: subtype
03-20 10:04:04.256  1899  1899 D SubtypeParser: Start Tag: subtype
03-20 10:04:04.257  1899  1899 D SubtypeParser: SubtypeItem: (subtypeId:0x762a8752,imeSubtypeLocale:be_BY,imeSubtypeMode:keyboard,imeSubtypeExtraValue:SupportTouchPositionCorrection,EmojiCapable,CapitalizationCapable,AsciiCapable,isAsciiCapable:false)
03-20 10:04:04.257  1899  1899 D SubtypeParser: End Tag: subtype
03-20 10:04:04.257  1899  1899 D SubtypeParser: Start Tag: subtype
03-20 10:04:04.257  1899  1899 D SubtypeParser: SubtypeItem: (subtypeId:0xf4a6579d,imeSubtypeLocale:sk,imeSubtypeMode:keyboard,imeSubtypeExtraValue:KeyboardLayoutSet=serbian_qwertz,AsciiCapable,EmojiCapable,isAsciiCapable:true)
03-20 10:04:04.257  1899  1899 D SubtypeParser: End Tag: subtype
03-20 10:04:04.257  1899  1899 D SubtypeParser: Start Tag: subtype
03-20 10:04:04.257  1899  1899 D SubtypeParser: SubtypeItem: (subtypeId:0xf4a6579d,imeSubtypeLocale:az_AZ,imeSubtypeMode:keyboard,imeSubtypeExtraValue:KeyboardLayoutSet=serbian_qwertz,AsciiCapable,EmojiCapable,isAsciiCapable:true)
03-20 10:04:04.257  1899  1899 D SubtypeParser: End Tag: subtype
03-20 10:04:04.257  1899  1899 D SubtypeParser: Start Tag: subtype
03-20 10:04:04.257  1899  1899 D SubtypeParser: SubtypeItem: (subtypeId:0x5c6b3bde,imeSubtypeLocale:si_LK,imeSubtypeMode:keyboard,imeSubtypeExtraValue:KeyboardLayoutSet=sinhala,EmojiCapable,isAsciiCapable:false)
03-20 10:04:04.261  1899  1899 D SubtypeParser: Start Tag: subtype
03-20 10:04:04.261  1899  1899 D SubtypeParser: SubtypeItem: (subtypeId:0xd80a4cee,imeSubtypeLocale:kok-ka,imeSubtypeMode:keyboard,imeSubtypeExtraValue:EmojiCapable,isAsciiCapable:false)
03-20 10:04:04.261  1899  1899 D SubtypeParser: End Tag: subtype
03-20 10:04:04.261  1899  1899 D SubtypeParser: Start Tag: subtype
03-20 10:04:04.261  1899  1899 D SubtypeParser: SubtypeItem: (subtypeId:0xd80a4cee,imeSubtypeLocale:sa,imeSubtypeMode:keyboard,imeSubtypeExtraValue:EmojiCapable,isAsciiCapable:false)
03-20 10:04:04.262  1899  1899 D SubtypeParser: End Tag: subtype
03-20 10:04:04.262  1899  1899 D SubtypeParser: Start Tag: subtype
03-20 10:04:04.262  1899  1899 D SubtypeParser: SubtypeItem: (subtypeId:0xd80a4cee,imeSubtypeLocale:hi-en,imeSubtypeMode:keyboard,imeSubtypeExtraValue:AsciiCapable,EmojiCapable,isAsciiCapable:null)
03-20 10:04:04.262  1899  1899 D SubtypeParser: End Tag: subtype
03-20 10:04:04.262  1899  1899 D SubtypeParser: Start Tag: subtype
03-20 10:04:04.263  1899  1899 D SubtypeParser: SubtypeItem: (subtypeId:0xd80a4cee,imeSubtypeLocale:hi-abc,imeSubtypeMode:keyboard,imeSubtypeExtraValue:AsciiCapable,EmojiCapable,isAsciiCapable:null)
03-20 10:04:04.263  1899  1899 D SubtypeParser: End Tag: subtype
03-20 10:04:04.263  1899  1899 D SubtypeParser: Start Tag: subtype
03-20 10:04:04.263  1899  1899 D SubtypeParser: SubtypeItem: (subtypeId:0x763a8852,imeSubtypeLocale:sr-ru,imeSubtypeMode:keyboard,imeSubtypeExtraValue:SupportTouchPositionCorrection,EmojiCapable,CapitalizationCapable,AsciiCapable,isAsciiCapable:false)
03-20 10:04:04.263  1899  1899 D SubtypeParser: End Tag: subtype
03-20 10:04:04.263  1899  1899 D SubtypeParser: Start Tag: subtype
03-20 10:04:04.263  1899  1899 D SubtypeParser: SubtypeItem: (subtypeId:0x763a8852,imeSubtypeLocale:ceb,imeSubtypeMode:keyboard,imeSubtypeExtraValue:SupportTouchPositionCorrection,EmojiCapable,CapitalizationCapable,AsciiCapable,isAsciiCapable:true)
03-20 10:04:04.263  1899  1899 D SubtypeParser: End Tag: subtype
03-20 10:04:04.263  1899  1899 D SubtypeParser: Start Tag: subtype
03-20 10:04:04.263  1899  1899 D SubtypeParser: SubtypeItem: (subtypeId:0x763a8852,imeSubtypeLocale:sq,imeSubtypeMode:keyboard,imeSubtypeExtraValue:SupportTouchPositionCorrection,EmojiCapable,CapitalizationCapable,AsciiCapable,isAsciiCapable:true)
03-20 10:04:04.265  2158  2158 I CCS-0304: PbapExtensionImpl:onReceive android.bluetooth.pbapclient.profile.action.ACTION_PULL_START telecom/mch.vcf
03-20 10:04:04.266  2158  2405 D NetworkSecurityConfig: Using Network Security Config from resource network_security_config debugBuild: false
03-20 10:04:04.267  1172  2370 D ObexHelper:  headerID = : 73
03-20 10:04:04.278  1172  2370 E ObexHelper: Remote sent an OBEX packet with incorrect header length = 3
03-20 10:04:04.279  1172  2370 D BluetoothPbapRequestPullPhoneBook: Read 0 entries.
03-20 10:04:04.279  1172  2370 D BluetoothPbapRequest: mResponseCode=160
03-20 10:04:04.279  1172  2370 V BluetoothPbapRequest: checkResponseCode
03-20 10:04:04.304  1172  2370 D PBAP PCE handler: downloadCallLog getCallLogSize0
03-20 10:04:04.305  1172  2370 D PbapCallLogPullRequest: onPullComplete
03-20 10:04:04.310  2344  2344 I UserAPI : createUserAPI
03-20 10:04:04.310  2344  2344 E UserAPI : userAPI version:1.1.102
03-20 10:04:04.312  2344  2344 D ECarXApiClientImpl: Version = 3.3.4
03-20 10:04:04.312  2344  2344 D ECarXApiClientImpl: add remote call back, com.ecarx.sdk.ECarXApiClientImpl$2@56f84b9
03-20 10:04:04.313  2071  2071 I CCS-0304: PhoneManager:TAG is PhoneManager
03-20 10:04:04.313  2344  2344 W ECarXApiClientImpl: Initialize open service, service name: user, has connected: false
03-20 10:04:04.313  2071  2071 I CCS-0304: MediaManager:TAG is MediaManager
03-20 10:04:04.314  2071  2071 I CCS-0304: ThemeManager:TAG is ThemeManager
03-20 10:04:04.314  2071  2071 I CCS-0304: AudioManager:TAG is AudioManager
03-20 10:04:04.314  2344  2344 I DeviceAPI: createDeviceAPI
03-20 10:04:04.315  2071  2071 I CCS-0304: DimInteractionImpl:registerCallback mNavigationCallback
03-20 10:04:04.315  2071  2071 I CCS-0304: NavigationManager:registerCallbackINavigationCallback  com.ecarx.xui.adaptapi.diminteraction.DimInteractionImpl$2@8824fb0,thread name main
03-20 10:04:04.317  1469  1512 I CCS-0304: NavigationHandler:registerNavigationCallback navi INavigationCallback android.cevt.dimsupportservice.navigation.INavigationCallback$Stub$Proxy@ae6d16b
03-20 10:04:04.323  2071  2071 I CCS-0304: NavigationManager:registerCallback mNaviCallbacks size is 1
03-20 10:04:04.324  2071  2071 I CCS-0304: DimInteractionImpl:getVrInteraction new one
03-20 10:04:04.328  2377  2377 W Tinker.TinkerLoader: tryLoadPatchFiles:patch dir not exist:/data/user/0/com.ecarx.multimedia/tinker
03-20 10:04:04.333  2344  2344 D CacheSystemProperties: has stored cache
03-20 10:04:04.333  2071  2071 I CCS-0304: VrInteraction:registerCallback mNavigationCallback
03-20 10:04:04.333  2071  2071 I CCS-0304: NavigationManager:registerCallbackINavigationCallback  com.ecarx.xui.adaptapi.diminteraction.VrInteraction$1@5e3be29,thread name main
03-20 10:04:04.336  1469  1512 I CCS-0304: NavigationHandler:registerNavigationCallback navi INavigationCallback android.cevt.dimsupportservice.navigation.INavigationCallback$Stub$Proxy@bd7f4c8
03-20 10:04:04.337  2344  2344 W ECarXApiClientImpl: Initialize open service, service name: device, has connected: false
03-20 10:04:04.338  2344  2344 I NaviAPI : createNaviAPI
03-20 10:04:04.339  2344  2344 W ECarXApiClientImpl: Initialize open service, service name: navi, has connected: false
03-20 10:04:04.340  2344  2344 I PolicyAPI: createPolicyAPI
03-20 10:04:04.341  2344  2344 W ECarXApiClientImpl: Initialize open service, service name: policy, has connected: false
03-20 10:04:04.342  2071  2071 I CCS-0304: NavigationManager:registerCallback mNaviCallbacks size is 2
03-20 10:04:04.348  1469  1512 I CCS-0304: PhoneHandler:mPhoneCallbacks 1
03-20 10:04:04.349  2071  2071 I CCS-0304: DimInteractionImpl:AMAPAMPgetNaviInteraction new one
03-20 10:04:04.349  2071  2071 I CCS-0304: NaviInteraction:mListCache size 0
03-20 10:04:04.350  2071  2071 I CCS-0304: NaviInteraction:registerCallback mNavigationCallback
03-20 10:04:04.350  2071  2071 I CCS-0304: NavigationManager:registerCallbackINavigationCallback  com.ecarx.xui.adaptapi.diminteraction.NaviInteraction$2@29ea5ae,thread name main
03-20 10:04:04.351  1469  1512 I CCS-0304: NavigationHandler:registerNavigationCallback navi INavigationCallback android.cevt.dimsupportservice.navigation.INavigationCallback$Stub$Proxy@2385961
03-20 10:04:04.359  2071  2071 I CCS-0304: NavigationManager:registerCallback mNaviCallbacks size is 3
03-20 10:04:04.359  2344  2430 W ECarXApiClientImpl: connect open service.
03-20 10:04:04.383  2250  2361 D TelephonyManager: getIEthernetManager mContext: com.ecarx.xcttsservice.XCTtsServiceApplication@3f9d399
03-20 10:04:04.389  2250  2361 D TelephonyManager:  getNetworkType 0 : UNKNOWN
03-20 10:04:04.394  2071  2071 D OpenGLRenderer: Skia GL Pipeline
03-20 10:04:04.397  2071  2071 I CCS-0304: AVCtoEVSwrapper:AVCtoEVSwrapper Constructor
03-20 10:04:04.406  2071  2071 E CCS-0304: PacSupportServiceConnector:Successfully connected to pac support service!
03-20 10:04:04.407  2071  2071 E CCS-0304: PacSupportManager:onServiceConnected when cached cb are 0
03-20 10:04:04.407  2071  2071 E CCS-0304: AVCtoEVSwrapper:onServiceConnected
03-20 10:04:04.407  2071  2071 E CCS-0304: PacSupportManager:onServiceConnected
03-20 10:04:04.414  2311  2311 E HotfixManager: Bugly init, BuildConfig.BUGLY_APP_ID: d472ef542d, IS_DEV_DEVICE: false
03-20 10:04:04.425   831   831 W /system/bin/vbfupdate: ERROR connecting: 111:Connection refused
03-20 10:04:04.443  2311  2311 I CCS-0304: VendorExtensionController:Connecting to Car Service...
03-20 10:04:04.472  2185  2185 E CCS-0304: AdaptapiServiceConnector:Successfully connected to Adaptapi Service!
03-20 10:04:04.473  2185  2185 E CCS-0304: AdaptapiManager:onServiceConnected
03-20 10:04:04.479  2185  2185 E CCS-0304: StoragePolicyImpl:onServiceConnected
03-20 10:04:04.483  2185  2185 I CCS-0304: StoragePolicyImpl:getVolumeFullPath called 3
03-20 10:04:04.483  2185  2185 I CCS-0304: StoragePolicyImpl:return path for 3 /mnt/product/vr
03-20 10:04:04.486  2185  2185 E AiAndroidEngine: volumeFullPath: /mnt/product/vr/
03-20 10:04:04.512  2071  2071 W CCS-0304: AVCtoEVSwrapper:Trying to add statusobserver
03-20 10:04:04.526  2071  2071 W CCS-0304: AVCtoEVSwrapper:Observer 179615452 attached, successfully
03-20 10:04:04.526  2071  2071 W CCS-0304: EVSIMpl:Observer 179615452 attached
03-20 10:04:04.527   475   475 V APM_AudioPolicyManager: AudioPolicyManager:setRecordSilenced(uid:10018, silenced:0)
03-20 10:04:04.527   475   475 V AudioFlinger: AudioFlinger::setRecordSilenced(uid:10018, silenced:0)
03-20 10:04:04.527  2071  2071 E CCS-0304: CarFunctionValueWatcher:contains587531264
03-20 10:04:04.527  2071  2071 E CCS-0304: RemoteVehicleSignalMangerUtil:create a connection to service
03-20 10:04:04.530  2071  2071 E CCS-0304: PacSupportServiceConnector:Successfully connected to pac support service!
03-20 10:04:04.530  2071  2071 E CCS-0304: PacSupportManager:onServiceConnected when cached cb are 0
03-20 10:04:04.530  2071  2071 E CCS-0304: RemoteVehicleSignalMangerUtil:onServiceConnected
03-20 10:04:04.530  2071  2071 E CCS-0304: PacSupportManager:onServiceConnected
03-20 10:04:04.533  2311  2311 W CCS-0304: CarFunctionValueWatcher:CarFunctionValueWatcher:Time start:1584669844533
03-20 10:04:04.533  2071  2071 E CCS-0304: CarFunctionValueWatcher:587531264has NO callback! Unable to register.
03-20 10:04:04.533  2311  2311 W CCS-0304: CarFunctionValueWatcher:CarFunctionValueWatcher:Time end:1584669844533
03-20 10:04:04.533  2311  2311 W CCS-0304: CarFunctionValueWatcher:register callback separately.
03-20 10:04:04.533  2071  2071 W CCS-0304: CarFunctionValueWatcher:registerFunctionValueWatcher added watchers for [I@8d113e5
03-20 10:04:04.534  2071  2071 E CCS-0304: OnCallImpl:registerCallListener only one
03-20 10:04:04.535  1416  1443 E CCS-0304: TemSupportService:registerOnCallCallback called
03-20 10:04:04.535  1416  1443 E CCS-0304: OnCallHandler:android.cevt.temsupportservice.IOnCallCallback$Stub$Proxy@2a9daac registerOnCallCallback called, ask lge xcallservice for current callstatus to trigger async callback
03-20 10:04:04.535  1416  1443 E CCS-0304: OnCallHandler:mCarXCallServiceManager NULL!
03-20 10:04:04.539  2071  2071 D GKAI:GUI:2.2.20035112.937: [PromptProcess] isOpenStr:null    isOpenReminder：true
03-20 10:04:04.540  2071  2071 I GKAI:GUI:2.2.20035112.937: [PromptProcess] ===========attachSettingDeviceProvisionedChangeObserver init ==========
03-20 10:04:04.541  2071  2071 W Settings: Setting device_provisioned has moved from android.provider.Settings.System to android.provider.Settings.Global, returning read-only global URI.
03-20 10:04:04.550  2071  2071 I GKAI:GUI:2.2.20035112.937: [PromptProcess] attachSettingDeviceProvisionedChangeObserver provisioned:1
03-20 10:04:04.550  2071  2071 I GKAI:GUI:2.2.20035112.937: [PromptProcess] attachVrInteractionObserver:mVrInteraction is null：false@com.ecarx.xui.adaptapi.diminteraction.VrInteraction@d336eba
03-20 10:04:04.550  2250  2473 D TelephonyManager: getIEthernetManager mContext: com.ecarx.xcttsservice.XCTtsServiceApplication@3f9d399
03-20 10:04:04.551  2071  2071 D GKAI:GUI:2.2.20035112.937: [VoiceServiceEngine] Create vuiEngine OK.....
03-20 10:04:04.552  2250  2473 D TelephonyManager:  getNetworkType 0 : UNKNOWN
03-20 10:04:04.563  2071  2071 D GKAI:GUI:2.2.20035112.937: [XKVoiceService] publishServiceToSystem-----------VoiceService()
03-20 10:04:04.570  2377  2377 I Tinker.TinkerPatchListener: application maxMemory:256
03-20 10:04:04.571   955  2306 E ActivityManager: Sending non-protected broadcast ecarx.intent.action.voice.boot.completed from system 2071:com.ecarx.xiaoka/1000 pkg com.ecarx.xiaoka
03-20 10:04:04.571   955  2306 E ActivityManager: java.lang.Throwable
03-20 10:04:04.571   955  2306 E ActivityManager: 	at com.android.server.am.ActivityManagerService.checkBroadcastFromSystem(ActivityManagerService.java:21304)
03-20 10:04:04.571   955  2306 E ActivityManager: 	at com.android.server.am.ActivityManagerService.broadcastIntentLocked(ActivityManagerService.java:21908)
03-20 10:04:04.571   955  2306 E ActivityManager: 	at com.android.server.am.ActivityManagerService.broadcastIntent(ActivityManagerService.java:22050)
03-20 10:04:04.571   955  2306 E ActivityManager: 	at android.app.IActivityManager$Stub.onTransact$broadcastIntent$(IActivityManager.java:10180)
03-20 10:04:04.571   955  2306 E ActivityManager: 	at android.app.IActivityManager$Stub.onTransact(IActivityManager.java:167)
03-20 10:04:04.571   955  2306 E ActivityManager: 	at com.android.server.am.ActivityManagerService.onTransact(ActivityManagerService.java:3300)
03-20 10:04:04.571   955  2306 E ActivityManager: 	at android.os.Binder.execTransact(Binder.java:731)
03-20 10:04:04.578  2377  2377 W Tinker.Tinker: tinker patch directory: /data/user/0/com.ecarx.multimedia/tinker
03-20 10:04:04.579  2377  2377 I Tinker.Tinker: try to install tinker, isEnable: true, version: 1.9.13
03-20 10:04:04.581  2250  2473 D TelephonyManager: getIEthernetManager mContext: com.ecarx.xcttsservice.XCTtsServiceApplication@3f9d399
03-20 10:04:04.582  2071  2479 D TelephonyManager: getIEthernetManager mContext: com.ecarx.xiaoka.XKApplication@d37a6f3
03-20 10:04:04.583  2377  2377 I Tinker.TinkerLoadResult: parseTinkerResult loadCode:-2, process name:com.ecarx.multimedia, main process:true, systemOTA:false, fingerPrint:geely/dcy11/dcy11:9/PQ1A.190105.004/141:userdebug/test-keys, oatDir:null, useInterpretMode:false
03-20 10:04:04.583  2377  2377 W Tinker.TinkerLoadResult: can't find patch file, is ok, just return
03-20 10:04:04.583  2377  2377 I Tinker.DefaultLoadReporter: patch loadReporter onLoadResult: patch load result, path:/data/user/0/com.ecarx.multimedia/tinker, code: -2, cost: 10ms
03-20 10:04:04.584  2071  2479 D TelephonyManager:  getNetworkType 0 : UNKNOWN
03-20 10:04:04.585  2311  2311 E CCS-0304: VehicleSignalManager:Failed to retrieve CarPropertyManager. Unable to register PA_PSET_KeyID. Cache and register after connected.
03-20 10:04:04.585  2311  2311 E CCS-0304: VehicleSignalManager:Failed to retrieve CarPropertyManager. Unable to register PA_Multikey_Found. Cache and register after connected.
03-20 10:04:04.585  2311  2311 W CarUtils: [JERRY][CarUtils]
03-20 10:04:04.585  2071  2071 W GKAI:GUI:2.2.20035112.937: [AdaptPolicyHelper] start register mic state callback...
03-20 10:04:04.585  2250  2473 D TelephonyManager:  getNetworkType 0 : UNKNOWN
03-20 10:04:04.586  2071  2071 D AdaptPolicyHelper: registerAudioRecordingCallback
03-20 10:04:04.586  2311  2311 E CCS-0304: CarImpl:registerConnectWatcher
03-20 10:04:04.586  2311  2311 I CCS-0304: VehicleSignalManager:registerReadyChangedCallback, 
03-20 10:04:04.587  2250  2473 D NetworkSecurityConfig: No Network Security Config specified, using platform default
03-20 10:04:04.590  2377  2377 W Tinker.Tinker: tinker load fail!
03-20 10:04:04.591  2071  2071 E XCStatistics: service connected!
03-20 10:04:04.595  2311  2311 E CCS-0304: DeviceImpl:registerConnectWatcher, only one watcher available
03-20 10:04:04.595  2311  2311 I CCS-0304: VehicleSignalManager:registerReadyChangedCallback, 
03-20 10:04:04.598  2435  2435 I d.process.acor: The ClassLoaderContext is a special shared library.
03-20 10:04:04.598  2071  2071 W CCS-0304: PbapExtensionImpl:PULL_PATH is null, return
03-20 10:04:04.599  2071  2071 W CCS-0304: PbapExtensionImpl:PULL_PATH is null, return
03-20 10:04:04.601  2250  2473 W System.err: java.io.IOException: Cleartext HTTP traffic to android.bugly.qq.com not permitted
03-20 10:04:04.601  2250  2473 W System.err: 	at com.android.okhttp.HttpHandler$CleartextURLFilter.checkURLPermitted(HttpHandler.java:115)
03-20 10:04:04.601  2250  2473 W System.err: 	at com.android.okhttp.internal.huc.HttpURLConnectionImpl.execute(HttpURLConnectionImpl.java:458)
03-20 10:04:04.601  2250  2473 W System.err: 	at com.android.okhttp.internal.huc.HttpURLConnectionImpl.connect(HttpURLConnectionImpl.java:127)
03-20 10:04:04.601  2250  2473 W System.err: 	at com.android.okhttp.internal.huc.HttpURLConnectionImpl.getOutputStream(HttpURLConnectionImpl.java:258)
03-20 10:04:04.601  2250  2473 W System.err: 	at com.tencent.bugly.proguard.ai.a(BUGLY:266)
03-20 10:04:04.601  2250  2473 W System.err: 	at com.tencent.bugly.proguard.ai.a(BUGLY:115)
03-20 10:04:04.601  2250  2473 W System.err: 	at com.tencent.bugly.proguard.al.run(BUGLY:355)
03-20 10:04:04.601  2250  2473 W System.err: 	at com.tencent.bugly.proguard.ak$1.run(BUGLY:723)
03-20 10:04:04.601  2250  2473 W System.err: 	at java.lang.Thread.run(Thread.java:764)
03-20 10:04:04.602  2071  2071 W CCS-0304: PbapExtensionImpl:PULL_PATH is null, return
03-20 10:04:04.604  2071  2071 D GKAI:GUI:2.2.20035112.937: [XKAppWatcherService] XKAppWatcherService onServiceConnected
03-20 10:04:04.615  2071  2071 W CCS-0304: PbapExtensionImpl:PULL_PATH is null, return
03-20 10:04:04.616  2071  2071 I chatty  : uid=1000(system) com.ecarx.xiaoka identical 1 line
03-20 10:04:04.616  2071  2071 W CCS-0304: PbapExtensionImpl:PULL_PATH is null, return
03-20 10:04:04.616  2071  2071 D GKAI:TTS-S_: [ TTSSvcHandle ] : service connected
03-20 10:04:04.617  2071  2071 I GKAI:GUI:2.2.20035112.937: [XKTTSManager] manager=com.ecarx.xcttsservice.ITTSSvrManager$Stub$Proxy@87f016b
03-20 10:04:04.617  2071  2071 I GKAI:GUI:2.2.20035112.937: [XKTTSManager] initFlytekService
03-20 10:04:04.619  2250  2280 D GKAI:TTS-S::2.1.503033.4015: <TtsSampleParameter> ====== 
03-20 10:04:04.624  2071  2479 D TelephonyManager: getIEthernetManager mContext: com.ecarx.xiaoka.XKApplication@d37a6f3
03-20 10:04:04.626  2071  2479 D TelephonyManager:  getNetworkType 0 : UNKNOWN
03-20 10:04:04.631  2311  2311 W App     : [JERRY][initGKUIConfig], mRemoteRes: android.content.res.Resources@3f9d399
03-20 10:04:04.632  2250  2280 D GKAI:TTS-S::2.1.503033.4015: <TtsSampleParameter> ====== 
03-20 10:04:04.633  2250  2280 D GKAI:TTS-S::2.1.503033.4015: <XCTtsService> ====== TTSClient TTSCLient
03-20 10:04:04.637  2444  2444 I com.ecarx.pki: The ClassLoaderContext is a special shared library.
03-20 10:04:04.643  2311  2311 V BaseActivity: LauncherAppState inited
03-20 10:04:04.643  2377  2377 D DownloadContentProvider: +++DownloadDatabaseHelper DownloadContentProvider onCreate
03-20 10:04:04.647  2311  2311 D OpenGLRenderer: Skia GL Pipeline
03-20 10:04:04.649  2311  2311 W CarUtils: [JERRY][getCameraPAC], mCameraPAC: -1
03-20 10:04:04.650  2377  2377 D DownloadDatabaseHelper: +++DatabaseHelper getInstance
03-20 10:04:04.651  2377  2377 D DownloadDatabaseHelper: +++DownloadDatabaseHelper DBHelper
03-20 10:04:04.652  2311  2311 W CarUtils: [JERRY][getEnableComponents], resInfo: ResolveInfo{76fea3f com.ecarx.parking/com.ecarx.park2.MainAvmActivity m=0x108000}
03-20 10:04:04.652  2311  2311 W CarUtils: [JERRY][getEnableComponents], result: ComponentInfo{com.ecarx.parking/com.ecarx.park2.MainAvmActivity}
03-20 10:04:04.652  2311  2311 W InDev   : [JERRY][InvariantDeviceProfile], pac: -1, pacEnableCN: ComponentInfo{com.ecarx.parking/com.ecarx.park2.MainAvmActivity}
03-20 10:04:04.652  2311  2311 W InvariantDeviceProfile: [JERRY][getDefaultLayout]layoutName: launcher3_ecarx_workspace_4x2_avm, resId: 0x0
03-20 10:04:04.658  2311  2311 W InvariantDeviceProfile: [JERRY][getDefaultLayout]layoutName: launcher3_ecarx_workspace_4x2, resId: 0x0
03-20 10:04:04.661  2311  2311 W InvariantDeviceProfile: [JERRY][getDefaultLayout]layoutName: launcher3_ecarx_workspace_3x2, resId: 0x0
03-20 10:04:04.663  2377  2377 E Tinker.ReflectApp: replaceApplicationLike delegateClass:class com.tencent.bugly.beta.tinker.TinkerApplicationLike
03-20 10:04:04.665  2377  2377 I Tinker.ComponentHotplug: method install() is not invoked, ignore ensuring operations.
03-20 10:04:04.665  2377  2377 D Tinker.DefaultAppLike: onCreate
03-20 10:04:04.744  2158  2259 D Launcher.Model: loaded workspace in 1791ms
03-20 10:04:04.744  2158  2259 D Launcher.Model: workspace layout: 
03-20 10:04:04.745  2158  2259 D Launcher.Model: [ ###.! ]
03-20 10:04:04.745  2158  2259 D Launcher.Model: [ ###.! ]
03-20 10:04:04.745  2158  2259 W Launcher.Model: [JERRY][bindWorkspace][1], currScreen： -1, orderedScreenIds.size(): 1
03-20 10:04:04.745  2158  2259 I Launcher.Model: [JERRY][bindWorkspace][2], currentScreenId： 0, isLoadingSynchronously: true
03-20 10:04:04.747  2158  2158 I LauncherImpl: bindScreens orderedScreenIds = 1 container = -100
03-20 10:04:04.748  2158  2158 I LauncherImpl: bindAddScreens  container　＝　-100 id = 0
03-20 10:04:04.752  2158  2259 I Launcher.Model: [JERRY][bindWorkspaceItems], workspaceItems.size: 0, appWidgets size: 4, postOnMainThread: false, widgetHost: ecarx.launcher3.LauncherAppWidgetHost@7be5683, arrayList size: 4
03-20 10:04:04.753  2158  2259 I Launcher.Model: [JERRY][bindWorkspaceItems], workspaceItems.size: 18, appWidgets size: 0, postOnMainThread: true, widgetHost: ecarx.launcher3.LauncherAppWidgetHost@7be5683, arrayList size: 4
03-20 10:04:04.757  2311  2311 D Launcher.Model: Old launcher provider: content://com.android.launcher2.settings/favorites?notify=true
03-20 10:04:04.757  2311  2311 D Launcher.Model: Old launcher provider does not exist.
03-20 10:04:04.760  2444  2478 I CCS-0304: VendorExtensionController:Connecting to Car Service...
03-20 10:04:04.769  2444  2444 I CCS-0304: VendorExtensionController:Connected to Car Service!
03-20 10:04:04.769  2444  2444 W CCS-0304: VendorExtensionController:before getCarManager Time:1584669844769
03-20 10:04:04.800  2377  2494 D NetworkSecurityConfig: Using Network Security Config from resource network_security_config debugBuild: false
03-20 10:04:04.807  2250  2280 V NUANCE  : JNI_OnLoad
03-20 10:04:04.807  2250  2280 I NUANCE  : createNativeEngine completed
03-20 10:04:04.815  2250  2280 D GKAI:TTS-S::2.1.503033.4015: <NuanceTtsAgent> ====== initializeSpeechEngine ttsEngine=com.nuance.android.vocalizer.VocalizerEngine@76fea3f
03-20 10:04:04.816  2250  2280 D GKAI:TTS-S::2.1.503033.4015: <XCTtsService> ====== create packageName=com.ecarx.xiaoka service=com.ecarx.xcttsservice.XCTtsService@fc01f0c manager=com.ecarx.xcttsservice.XCTtsService$1@d8b1055
03-20 10:04:04.816  2250  2280 D GKAI:TTS-S::2.1.503033.4015: <XCTtsService> ======  service=com.ecarx.xcttsservice.XCTtsService@fc01f0c manager=com.ecarx.xcttsservice.XCTtsService$1@d8b1055 mClients package=com.ecarx.xiaoka ttsClient1=com.ecarx.xcttsservice.XCTtsService$TTSClient@9ee0a6a
03-20 10:04:04.819  2250  2280 D GKAI:TTS-S::2.1.503033.4015: <XCTtsService> ====== ttsAgent = new TTSAgent(name, listener)listener=com.ecarx.xcttsservice.ITTSListener$Stub$Proxy@982eb5b
03-20 10:04:04.820  2071  2071 I CCS-0304: PbapExtensionImpl:onReceive android.bluetooth.pbapclient.profile.action.ACTION_PULL_START telecom/mch.vcf
03-20 10:04:04.821  2071  2071 I chatty  : uid=1000(system) com.ecarx.xiaoka identical 1 line
03-20 10:04:04.821  2071  2071 I CCS-0304: PbapExtensionImpl:onReceive android.bluetooth.pbapclient.profile.action.ACTION_PULL_START telecom/mch.vcf
03-20 10:04:04.826  2071  2071 W ECarXApiClientImpl: Initialize open service, service name: gkuiservice, has connected: false
03-20 10:04:04.831  2158  2158 I LauncherImpl: bindScreens orderedScreenIds = 2 container = -102
03-20 10:04:04.831  2158  2158 I LauncherImpl: bindAddScreens  container　＝　-102 id = 1
03-20 10:04:04.832  2311  2311 I AppPaneService: [JERRY][onCreate], AppPaneService mAppPaneImpl: null
03-20 10:04:04.834  2311  2311 W BaseActivity: setApplicationContext called twice! old=ecarx.launcher3.app.App@3d61ff8 new=ecarx.launcher3.app.App@3d61ff8
03-20 10:04:04.840  2444  2478 E PKIRepo : envType: production, authType: 2 -> 1
03-20 10:04:04.846  2444  2478 E PKIContentProvider: info: {"env":{"envType":"production","authType":1},"url":{"httpUrl":"https:\/\/apis.xchanger.cn","mqttUrl":"ssl:\/\/ta.xchanger.cn:18444"},"cert":{"certChain":["Connected_Car_Production_CA.pem","External_Services_Issuing_Production_CA.pem","External_Services_Production_CA.pem","Geely_Global_Production_Root_CA.pem","Global_Vehicle_Issuing_Production_CA.pem","Global_Vehicle_Policy_Production_CA.pem"]}}
03-20 10:04:04.846  2071  2178 W ECarXApiClientImpl: connect open service.
03-20 10:04:04.830  1281  1918 D ServicePoolImpl: Service[user] is not ready yet!
03-20 10:04:04.855  2158  2158 I LauncherImpl: bindAddScreens  container　＝　-102 id = 2
03-20 10:04:04.864  2158  2158 W LauncherImpl: [JERRY][bindAppWidget] , providerName: ComponentInfo{ecarx.xsf.mediacenter/ecarx.xsf.mediacenter.widget.MediaWidgetProviderSecond1x2}, screen: 0, widgetId: 12, cellX: 0, cellY: 0, spanX: 1, spanY: 2
03-20 10:04:04.865  2158  2158 D LauncherImpl: bindAppWidget: AppWidget(id=12)
03-20 10:04:04.865  2158  2158 D LauncherImpl: bindAppWidget: id=12 belongs to component ComponentInfo{ecarx.xsf.mediacenter/ecarx.xsf.mediacenter.widget.MediaWidgetProviderSecond1x2}
03-20 10:04:04.870  2435  2455 I d.process.acor: Background concurrent copying GC freed 5204(1833KB) AllocSpace objects, 0(0B) LOS objects, 49% free, 1536KB/3MB, paused 13.676ms total 201.512ms
03-20 10:04:04.870   955  1333 W LocationManagerService: Dropping incomplete location: Location[gps 0.000000,0.000000 hAcc=??? t=?!? et=+26s889ms vAcc=3750000 sAcc=20 bAcc=180 {Bundle[{satellites=0, maxCn0=0, meanCn0=0}]}]
03-20 10:04:04.871   955  1333 I GnssLocationProvider: WakeLock released by handleMessage(REPORT_LOCATION, 0, Location[gps 0.000000,0.000000 hAcc=??? t=?!? et=+26s889ms vAcc=3750000 sAcc=20 bAcc=180 {Bundle[{satellites=0, maxCn0=0, meanCn0=0}]}])
03-20 10:04:04.875  2250  2250 D GKAI:TTS-S::2.1.503033.4015: <NuanceTtsAgent> ====== onStateChanged state=2
03-20 10:04:04.875  2250  2250 D GKAI:TTS-S::2.1.503033.4015: <TtsSampleParameter> ====== 
03-20 10:04:04.875  2250  2250 D GKAI:TTS-S::2.1.503033.4015: <NuanceTtsAgent> ====== setParam 1280 9
03-20 10:04:04.875  2250  2250 D GKAI:TTS-S::2.1.503033.4015: <NuanceTtsAgent> ====== availableVoices =Binbin-Ml
03-20 10:04:04.875  2250  2250 D GKAI:TTS-S::2.1.503033.4015: <NuanceTtsAgent> ====== availableVoices =Lanlan-Ml
03-20 10:04:04.875  2250  2250 D GKAI:TTS-S::2.1.503033.4015: <NuanceTtsAgent> ====== availableVoices =Lili-Ml
03-20 10:04:04.879  1281  1918 D ServicePoolImpl: Service[navi] is not ready yet!
03-20 10:04:04.879  2071  2071 W NaviAPIImpl: Navi binder is not ready
03-20 10:04:04.880  2071  2071 I SdkLogger: NaviAPIImpl#registerNaviObserver
03-20 10:04:04.882  2158  2158 W HostView: [JERRY][initScaled]--1, oldClassName: ecarx.xsf.mediacenter.widget.MediaWidgetProviderSecond1x2, newClassName: ecarx.xsf.mediacenter.widget.MediaWidgetProvider1x2
03-20 10:04:04.882  2158  2158 W HostView: [JERRY][initScaled]--1, oldClassName: ecarx.xsf.mediacenter.widget.MediaWidgetProviderSecond1x2, newClassName: ecarx.xsf.mediacenter.widget.MediaWidgetProviderSecond1x1
03-20 10:04:04.882  2158  2158 W HostView: [JERRY][initScaled]--1, oldClassName: ecarx.xsf.mediacenter.widget.MediaWidgetProviderSecond1x2, newClassName: ecarx.xsf.mediacenter.widget.MediaWidgetProvider1x1
03-20 10:04:04.882  2158  2158 W HostView: [JERRY][initScaled]--1, oldClassName: ecarx.xsf.mediacenter.widget.MediaWidgetProviderSecond1x2, newClassName: ecarx.xsf.mediacenter.widget.MediaWidgetProviderSecond1x2
03-20 10:04:04.882  2158  2158 W HostView: [JERRY][compareNameIsSameTeam] equals.
03-20 10:04:04.882  2158  2158 I HostView: [JERRY][initScaled]--2, oldClassName: ecarx.xsf.mediacenter.widget.MediaWidgetProviderSecond1x2, mIsCanScaled: true
03-20 10:04:04.887  2158  2158 W System  : ClassLoader referenced unknown path: 
03-20 10:04:04.892  2071  2071 W ECarXApiClientImpl: Initialize open service, service name: gkuiservice, has connected: false
03-20 10:04:04.894  2071  2071 D GKAI:GUI:2.2.20035112.937: [XKApplication] **ecarxId**  onAPIReady:true
03-20 10:04:04.894  2071  2071 D GKAI:GUI:2.2.20035112.937: [XKApplication] **ecarxId**  mEcarxIdWatcher:com.ecarx.xiaoka.XKApplication$1@b0a4947
03-20 10:04:04.896  1281  1918 D DeviceService: getEcarxId isFromCallBack: false
03-20 10:04:04.896  2250  2250 I NUANCE  : openAssetFile: vocalizer/mnc_lili-ml_embedded-pro_1-1-1.xmf
03-20 10:04:04.905  2250  2268 I rx.xcttsservic: Background concurrent copying GC freed 11001(1245KB) AllocSpace objects, 42(840KB) LOS objects, 59% free, 1050KB/2MB, paused 23.143ms total 233.862ms
03-20 10:04:04.907  2071  2178 W ECarXApiClientImpl: connect open service.
03-20 10:04:04.909  2311  2327 I auncher3:appsv: Background concurrent copying GC freed 5196(582KB) AllocSpace objects, 7(152KB) LOS objects, 50% free, 1510KB/2MB, paused 4.659ms total 139.716ms
03-20 10:04:04.932   831   831 W /system/bin/vbfupdate: ERROR connecting: 111:Connection refused
03-20 10:04:04.933  2250  2250 I NUANCE  : openAssetFile: vocalizer/sysdct.xmf
03-20 10:04:04.940  2250  2250 I NUANCE  : openAssetFile: vocalizer/lid.xmf
03-20 10:04:04.967  2158  2158 I LauncherImpl: Deferring update until onResume
03-20 10:04:04.969  1868  1953 I CCS-0304: CarFunctionSupported.isFunctionSupported() on line :43 || function 587464960 , zone 0
03-20 10:04:04.973  2158  2158 I Launcher.Model: [JERRY][bindRemainingSynchronousPages]
03-20 10:04:04.981  2158  2158 I chatty  : uid=1000(system) ecarx.launcher3 identical 3 lines
03-20 10:04:04.981  2158  2158 I Launcher.Model: [JERRY][bindRemainingSynchronousPages]
03-20 10:04:04.981  1868  1953 I XC_PAC_CCS: ParkApiManager.java(186):getFuncValue: SAP_ACTIVATION, ret: 0, availability: active
03-20 10:04:04.981  2158  2158 W LauncherImpl: [JERRY][bindAppWidget] , providerName: ComponentInfo{ecarx.naviservice/ecarx.naviservice.widget.BaseWidgetProvider}, screen: 0, widgetId: 13, cellX: 1, cellY: 0, spanX: 1, spanY: 2
03-20 10:04:04.982  2158  2158 D LauncherImpl: bindAppWidget: AppWidget(id=13)
03-20 10:04:04.982  1868  1953 I XC_PAC  : BooleanAttri.java(30):fetchForce: SAP_ACTIVATION=[OFF:active]
03-20 10:04:04.982  2158  2158 D LauncherImpl: bindAppWidget: id=13 belongs to component ComponentInfo{ecarx.naviservice/ecarx.naviservice.widget.BaseWidgetProvider}
03-20 10:04:04.982  2158  2158 I LauncherAppWidgetHost: load custom view widget : ecarx.naviservice.widget.BaseWidgetProvider
03-20 10:04:04.982  1868  1953 I CCS-0304: CarFunctionSupported.isFunctionSupported() on line :43 || function 587399424 , zone 0
03-20 10:04:04.982  1868  1953 W CCS-0304: CarFunctionSupported:This is a high Prio Func, get from remote
03-20 10:04:04.984  1868  1953 E CCS-0304: RemoteVehicleSignalMangerUtil:587399424 Availability remotely 1
03-20 10:04:04.984  1868  1953 W CCS-0304: CarFunctionValueImpl:This is a high Prio Func, get from remote
03-20 10:04:04.992  1868  1953 E CCS-0304: RemoteVehicleSignalMangerUtil:587399424 Value remotely 0
03-20 10:04:04.992  1868  1953 I XC_PAC_CCS: ParkApiManager.java(186):getFuncValue: PAC_ACTIVATION, ret: 0, availability: active
03-20 10:04:04.992  1868  1953 I XC_PAC  : BooleanAttri.java(30):fetchForce: PAC_ACTIVATION=[OFF:active]
03-20 10:04:04.992  2435  2435 I ContactsPerf: VoicemailContentProvider.onCreate start
03-20 10:04:04.995  2158  2158 W ecarx.launcher: Unsupported class loader
03-20 10:04:05.005  2158  2158 W ecarx.launcher: Skipping duplicate class check due to unsupported classloader
03-20 10:04:05.009  2158  2158 W HostView: [JERRY][initScaled]--1, oldClassName: ecarx.naviservice.widget.BaseWidgetProvider, newClassName: ecarx.naviservice.widget.WidgetProvider1x1
03-20 10:04:05.009  2158  2158 W HostView: [JERRY][initScaled]--1, oldClassName: ecarx.naviservice.widget.BaseWidgetProvider, newClassName: ecarx.naviservice.widget.BaseWidgetProvider
03-20 10:04:05.009  2158  2158 W HostView: [JERRY][compareNameIsSameTeam] equals.
03-20 10:04:05.009  2158  2158 I HostView: [JERRY][initScaled]--2, oldClassName: ecarx.naviservice.widget.BaseWidgetProvider, mIsCanScaled: true
03-20 10:04:05.013  2435  2435 I ContactsPerf: VoicemailContentProvider.onCreate finish
03-20 10:04:05.020  2435  2435 D StrictMode: StrictMode policy violation; ~duration=265 ms: android.os.strictmode.DiskReadViolation
03-20 10:04:05.020  2435  2435 D StrictMode: 	at android.os.StrictMode$AndroidBlockGuardPolicy.onReadFromDisk(StrictMode.java:1504)
03-20 10:04:05.020  2435  2435 D StrictMode: 	at java.io.UnixFileSystem.checkAccess(UnixFileSystem.java:251)
03-20 10:04:05.020  2435  2435 D StrictMode: 	at java.io.File.exists(File.java:815)
03-20 10:04:05.020  2435  2435 D StrictMode: 	at com.android.server.SystemConfig.readPermissions(SystemConfig.java:342)
03-20 10:04:05.020  2435  2435 D StrictMode: 	at com.android.server.SystemConfig.<init>(SystemConfig.java:298)
03-20 10:04:05.020  2435  2435 D StrictMode: 	at com.android.server.SystemConfig.getInstance(SystemConfig.java:182)
03-20 10:04:05.020  2435  2435 D StrictMode: 	at com.lge.config.Features.<clinit>(Features.java:7)
03-20 10:04:05.020  2435  2435 D StrictMode: 	at android.telephony.TelephonyManager.<clinit>(TelephonyManager.java:170)
03-20 10:04:05.020  2435  2435 D StrictMode: 	at android.app.SystemServiceRegistry$39.createService(SystemServiceRegistry.java:505)
03-20 10:04:05.020  2435  2435 D StrictMode: 	at android.app.SystemServiceRegistry$39.createService(SystemServiceRegistry.java:502)
03-20 10:04:05.020  2435  2435 D StrictMode: 	at android.app.SystemServiceRegistry$CachedServiceFetcher.getService(SystemServiceRegistry.java:1098)
03-20 10:04:05.020  2435  2435 D StrictMode: 	at android.app.SystemServiceRegistry.getSystemService(SystemServiceRegistry.java:1014)
03-20 10:04:05.020  2435  2435 D StrictMode: 	at android.app.ContextImpl.getSystemService(ContextImpl.java:1721)
03-20 10:04:05.020  2435  2435 D StrictMode: 	at android.content.ContextWrapper.getSystemService(ContextWrapper.java:728)
03-20 10:04:05.020  2435  2435 D StrictMode: 	at com.android.providers.contacts.GlobalSearchSupport.<init>(GlobalSearchSupport.java:172)
03-20 10:04:05.020  2435  2435 D StrictMode: 	at com.android.providers.contacts.ContactsProvider2.initialize(ContactsProvider2.java:1600)
03-20 10:04:05.020  2435  2435 D StrictMode: 	at com.android.providers.contacts.ContactsProvider2.onCreate(ContactsProvider2.java:1563)
03-20 10:04:05.020  2435  2435 D StrictMode: 	at android.content.ContentProvider.attachInfo(ContentProvider.java:1919)
03-20 10:04:05.020  2435  2435 D StrictMode: 	at android.content.ContentProvider.attachInfo(ContentProvider.java:1894)
03-20 10:04:05.020  2435  2435 D StrictMode: 	at android.app.ActivityThread.installProvider(ActivityThread.java:6459)
03-20 10:04:05.020  2435  2435 D StrictMode: 	at android.app.ActivityThread.installContentProviders(ActivityThread.java:6006)
03-20 10:04:05.020  2435  2435 D StrictMode: 	at android.app.ActivityThread.handleBindApplication(ActivityThread.java:5921)
03-20 10:04:05.020  2435  2435 D StrictMode: 	at android.app.ActivityThread.access$1100(ActivityThread.java:200)
03-20 10:04:05.020  2435  2435 D StrictMode: 	at android.app.ActivityThread$H.handleMessage(ActivityThread.java:1668)
03-20 10:04:05.020  2435  2435 D StrictMode: 	at android.os.Handler.dispatchMessage(Handler.java:106)
03-20 10:04:05.020  2435  2435 D StrictMode: 	at android.os.Looper.loop(Looper.java:193)
03-20 10:04:05.020  2435  2435 D StrictMode: 	at android.app.ActivityThread.main(ActivityThread.java:6742)
03-20 10:04:05.020  2435  2435 D StrictMode: 	at java.lang.reflect.Method.invoke(Native Method)
03-20 10:04:05.020  2435  2435 D StrictMode: 	at com.android.internal.os.RuntimeInit$MethodAndArgsCaller.run(RuntimeInit.java:493)
03-20 10:04:05.020  2435  2435 D StrictMode: 	at com.android.internal.os.ZygoteInit.main(ZygoteInit.java:858)
03-20 10:04:05.020  1182  1182 D CarBluetoothUsrSvc: getBluetoothProfileProxy profile: 16
03-20 10:04:05.020  2435  2435 D StrictMode: StrictMode policy violation; ~duration=265 ms: android.os.strictmode.DiskReadViolation
03-20 10:04:05.020  2435  2435 D StrictMode: 	at android.os.StrictMode$AndroidBlockGuardPolicy.onReadFromDisk(StrictMode.java:1504)
03-20 10:04:05.020  2435  2435 D StrictMode: 	at java.io.UnixFileSystem.getBooleanAttributes(UnixFileSystem.java:241)
03-20 10:04:05.020  2435  2435 D StrictMode: 	at java.io.File.isDirectory(File.java:845)
03-20 10:04:05.020  2435  2435 D StrictMode: 	at com.android.server.SystemConfig.readPermissions(SystemConfig.java:342)
03-20 10:04:05.020  2435  2435 D StrictMode: 	at com.android.server.SystemConfig.<init>(SystemConfig.java:298)
03-20 10:04:05.020  2435  2435 D StrictMode: 	at com.android.server.SystemConfig.getInstance(SystemConfig.java:182)
03-20 10:04:05.020  2435  2435 D StrictMode: 	at com.lge.config.Features.<clinit>(Features.java:7)
03-20 10:04:05.020  2435  2435 D StrictMode: 	at android.telephony.TelephonyManager.<clinit>(TelephonyManager.java:170)
03-20 10:04:05.020  2435  2435 D StrictMode: 	at android.app.SystemServiceRegistry$39.createService(SystemServiceRegistry.java:505)
03-20 10:04:05.020  2435  2435 D StrictMode: 	at android.app.SystemServiceRegistry$39.createService(SystemServiceRegistry.java:502)
03-20 10:04:05.020  2435  2435 D StrictMode: 	at android.app.SystemServiceRegistry$CachedServiceFetcher.getService(SystemServiceRegistry.java:1098)
03-20 10:04:05.020  2435  2435 D StrictMode: 	at android.app.SystemServiceRegistry.getSystemService(SystemServiceRegistry.java:1014)
03-20 10:04:05.020  2435  2435 D StrictMode: 	at android.app.ContextImpl.getSystemService(ContextImpl.java:1721)
03-20 10:04:05.020  2435  2435 D StrictMode: 	at android.content.ContextWrapper.getSystemService(ContextWrapper.java:728)
03-20 10:04:05.020  2435  2435 D StrictMode: 	at com.android.providers.contacts.GlobalSearchSupport.<init>(GlobalSearchSupport.java:172)
03-20 10:04:05.020  2435  2435 D StrictMode: 	at com.android.providers.contacts.ContactsProvider2.initialize(ContactsProvider2.java:1600)
03-20 10:04:05.020  2435  2435 D StrictMode: 	at com.android.providers.contacts.ContactsProvider2.onCreate(ContactsProvider2.java:1563)
03-20 10:04:05.020  2435  2435 D StrictMode: 	at android.content.ContentProvider.attachInfo(ContentProvider.java:1919)
03-20 10:04:05.020  2435  2435 D StrictMode: 	at android.content.ContentProvider.attachInfo(ContentProvider.java:1894)
03-20 10:04:05.020  2435  2435 D StrictMode: 	at android.app.ActivityThread.installProvider(ActivityThread.java:6459)
03-20 10:04:05.020  2435  2435 D StrictMode: 	at android.app.ActivityThread.installContentProviders(ActivityThread.java:6006)
03-20 10:04:05.020  2435  2435 D StrictMode: 	at android.app.ActivityThread.handleBindApplication(ActivityThread.java:5921)
03-20 10:04:05.020  2435  2435 D StrictMode: 	at android.app.ActivityThread.access$1100(ActivityThread.java:200)
03-20 10:04:05.020  2435  2435 D StrictMode: 	at android.app.ActivityThread$H.handleMessage(ActivityThread.java:1668)
03-20 10:04:05.020  2435  2435 D StrictMode: 	at android.os.Handler.dispatchMessage(Handler.java:106)
03-20 10:04:05.020  2435  2435 D StrictMode: 	at android.os.Looper.loop(Looper.java:193)
03-20 10:04:05.020  2435  2435 D StrictMode: 	at android.app.ActivityThread.main(ActivityThread.java:6742)
03-20 10:04:05.020  2435  2435 D StrictMode: 	at java.lang.reflect.Method.invoke(Native Method)
03-20 10:04:05.020  2435  2435 D StrictMode: 	at com.android.internal.os.RuntimeInit$MethodAndArgsCaller.run(RuntimeInit.java:493)
03-20 10:04:05.020  2435  2435 D StrictMode: 	at com.android.internal.os.ZygoteInit.main(ZygoteInit.java:858)
03-20 10:04:05.020  2344  2344 E a       : save the data in queue!
03-20 10:04:05.021  2435  2435 D StrictMode: StrictMode policy violation; ~duration=265 ms: android.os.strictmode.DiskReadViolation
03-20 10:04:05.021  2435  2435 D StrictMode: 	at android.os.StrictMode$AndroidBlockGuardPolicy.onReadFromDisk(StrictMode.java:1504)
03-20 10:04:05.021  2435  2435 D StrictMode: 	at java.io.UnixFileSystem.checkAccess(UnixFileSystem.java:251)
03-20 10:04:05.021  2435  2435 D StrictMode: 	at java.io.File.canRead(File.java:763)
03-20 10:04:05.021  2435  2435 D StrictMode: 	at com.android.server.SystemConfig.readPermissions(SystemConfig.java:348)
03-20 10:04:05.021  2435  2435 D StrictMode: 	at com.android.server.SystemConfig.<init>(SystemConfig.java:298)
03-20 10:04:05.021  2435  2435 D StrictMode: 	at com.android.server.SystemConfig.getInstance(SystemConfig.java:182)
03-20 10:04:05.021  2435  2435 D StrictMode: 	at com.lge.config.Features.<clinit>(Features.java:7)
03-20 10:04:05.021  2435  2435 D StrictMode: 	at android.telephony.TelephonyManager.<clinit>(TelephonyManager.java:170)
03-20 10:04:05.021  2435  2435 D StrictMode: 	at android.app.SystemServiceRegistry$39.createService(SystemServiceRegistry.java:505)
03-20 10:04:05.021  2435  2435 D StrictMode: 	at android.app.SystemServiceRegistry$39.createService(SystemServiceRegistry.java:502)
03-20 10:04:05.021  2435  2435 D StrictMode: 	at android.app.SystemServiceRegistry$CachedServiceFetcher.getService(SystemServiceRegistry.java:1098)
03-20 10:04:05.021  2435  2435 D StrictMode: 	at android.app.SystemServiceRegistry.getSystemService(SystemServiceRegistry.java:1014)
03-20 10:04:05.021  2435  2435 D StrictMode: 	at android.app.ContextImpl.getSystemService(ContextImpl.java:1721)
03-20 10:04:05.021  2435  2435 D StrictMode: 	at android.content.ContextWrapper.getSystemService(ContextWrapper.java:728)
03-20 10:04:05.021  2435  2435 D StrictMode: 	at com.android.providers.contacts.GlobalSearchSupport.<init>(GlobalSearchSupport.java:172)
03-20 10:04:05.021  2435  2435 D StrictMode: 	at com.android.providers.contacts.ContactsProvider2.initialize(ContactsProvider2.java:1600)
03-20 10:04:05.021  2435  2435 D StrictMode: 	at com.android.providers.contacts.ContactsProvider2.onCreate(ContactsProvider2.java:1563)
03-20 10:04:05.021  2435  2435 D StrictMode: 	at android.content.ContentProvider.attachInfo(ContentProvider.java:1919)
03-20 10:04:05.021  2435  2435 D StrictMode: 	at android.content.ContentProvider.attachInfo(ContentProvider.java:1894)
03-20 10:04:05.021  2435  2435 D StrictMode: 	at android.app.ActivityThread.installProvider(ActivityThread.java:6459)
03-20 10:04:05.021  2435  2435 D StrictMode: 	at android.app.ActivityThread.installContentProviders(ActivityThread.java:6006)
03-20 10:04:05.021  2435  2435 D StrictMode: 	at android.app.ActivityThread.handleBindApplication(ActivityThread.java:5921)
03-20 10:04:05.021  2435  2435 D StrictMode: 	at android.app.ActivityThread.access$1100(ActivityThread.java:200)
03-20 10:04:05.021  2435  2435 D StrictMode: 	at android.app.ActivityThread$H.handleMessage(ActivityThread.java:1668)
03-20 10:04:05.021  2435  2435 D StrictMode: 	at android.os.Handler.dispatchMessage(Handler.java:106)
