03-20 10:04:02.895  1868  1953 W CCS-0304: CarFunctionSupported:This is a high Prio Func, get from remote
03-20 10:04:02.898  1868  1953 E CCS-0304: RemoteVehicleSignalMangerUtil:587399424 Availability remotely 1
03-20 10:04:02.898  1868  1953 W CCS-0304: CarFunctionValueImpl:This is a high Prio Func, get from remote
03-20 10:04:02.901   633  1343 V u-blox  : CProtocolUBX::ProcessEsfStatus: GYRO Z Cal.: 0, WT Cal.: 0, ACCEL X Cal.:0
03-20 10:04:02.901  1868  1953 E CCS-0304: RemoteVehicleSignalMangerUtil:587399424 Value remotely 0
03-20 10:04:02.902  1868  1953 I XC_PAC_CCS: ParkApiManager.java(186):getFuncValue: PAC_ACTIVATION, ret: 0, availability: active
03-20 10:04:02.902  1868  1953 I XC_PAC  : BooleanAttri.java(30):fetchForce: PAC_ACTIVATION=[OFF:active]
03-20 10:04:02.904   955  1333 I GnssLocationProvider: WakeLock released by handleMessage(REPORT_LOCATION, 0, Location[gps 0.000000,0.000000 hAcc=??? t=?!? et=+24s868ms vAcc=3750000 sAcc=20 bAcc=180 {Bundle[{satellites=0, maxCn0=0, meanCn0=0}]}])
03-20 10:04:02.920  1544  1544 D 2.0.20035110.3117  mycar_log: BaseSwitcher onEnabled
03-20 10:04:02.920  1544  1544 I 2.0.20035110.3117  mycar_log: BaseSwitcher action :android.appwidget.action.APPWIDGET_ENABLED
03-20 10:04:02.930  2044  2286 V MediaScannerService: [MediaScanner] mExternalStoragePaths[0] = /storage/emulated/0
03-20 10:04:02.930  2044  2286 D MediaScannerService: start scanning volume external: [/storage/emulated/0]
03-20 10:04:02.935  1544  1544 I 2.0.20035110.3117  mycar_log: BaseSwitcher onUpdate
03-20 10:04:02.936  1544  1544 I CCS-0304: CarFunctionSupported.isFunctionSupported() on line :43 || function 538247680 , zone 0
03-20 10:04:02.936   831   831 W /system/bin/vbfupdate: ERROR connecting: 111:Connection refused
03-20 10:04:02.942  1544  1544 I 2.0.20035110.3117  mycar_log: functionId = 538247680 functionSupported : active
03-20 10:04:02.967  2158  2158 I LauncherImpl: changeShowWorkspace isApppane = false
03-20 10:04:02.968  2158  2158 I LauncherImpl: [JERRY][onCreate], mRestoring: false
03-20 10:04:02.968  1544  1544 I 2.0.20035110.3117  mycar_log: functionId = 538247680 get Value : 1
03-20 10:04:02.968  2158  2158 I Launcher.Model: [JRICON][checkThemeIcons] , is App: false
03-20 10:04:02.968  1544  1544 I 2.0.20035110.3117  mycar_log: BaseSwitcher nowCount:1 code:0
03-20 10:04:02.968  2158  2158 I Launcher.Model: [JERRY][startLoader] --2
03-20 10:04:02.972  2158  2259 D Launcher.Model: [JERRY] step 1: loading workspace
03-20 10:04:02.972  2158  2259 D Launcher.Model: loadAndBindWorkspace mWorkspaceLoaded=false
03-20 10:04:02.973  1544  1544 I 2.0.20035110.3117  mycar_log: BaseSwitcher action :android.appwidget.action.APPWIDGET_UPDATE
03-20 10:04:02.982  1182  1182 D CarBluetoothUsrSvc: getBluetoothProfileProxy profile: 16
03-20 10:04:02.988  1182  1182 D CarBluetoothUsrSvc: getBluetoothProfileProxy profile: 16
03-20 10:04:02.990  2071  2071 E XCStatistics: bind success!
03-20 10:04:02.990  2071  2071 D GKAI:GUI:2.2.20035112.937: [HotfixManager] HotfixManager init
03-20 10:04:02.992  2120  2120 W ECarXApiClientImpl: Initialize open service, service name: gkuiservice, has connected: false
03-20 10:04:02.994  1544  1544 D 2.0.20035110.3117  mycar_log: BaseSwitcher onEnabled
03-20 10:04:02.994  1544  1544 I 2.0.20035110.3117  mycar_log: BaseSwitcher action :android.appwidget.action.APPWIDGET_ENABLED
03-20 10:04:02.997  2158  2259 W BaseActivity: setApplicationContext called twice! old=ecarx.launcher3.app.App@3617cc2 new=ecarx.launcher3.app.App@3617cc2
03-20 10:04:02.998  1182  1182 D CarBluetoothUsrSvc: getBluetoothProfileProxy profile: 11
03-20 10:04:03.002  2120  2258 W ECarXApiClientImpl: connect open service.
03-20 10:04:03.004  2158  2158 I BaseActivity: onStart this = ecarx.launcher3.Launcher@3a5f50d
03-20 10:04:03.005  2158  2158 I LauncherImpl: launcherImpl onStart
03-20 10:04:03.006  1182  1182 D CarBluetoothUsrSvc: getBluetoothProfileProxy profile: 16
03-20 10:04:03.010  2120  2120 W ECarXApiClientImpl: Initialize open service, service name: gkuiservice, has connected: false
03-20 10:04:03.010  2120  2120 D StatisticsService: init sys api, ready: true
03-20 10:04:03.011  1182  1182 D CarBluetoothUsrSvc: getBluetoothProfileProxy profile: 11
03-20 10:04:03.014  2120  2120 D StatisticsService: initStatistic, ihuid: 5120910093147100K6CDCY11
03-20 10:04:03.017  2120  2120 D StatisticsUtils: envType: production
03-20 10:04:03.017  2120  2120 D Countly : [Init] Initializing Countly SDk version 19.09
03-20 10:04:03.017  2120  2120 D Countly : [Init] Checking init parameters
03-20 10:04:03.017  2120  2120 D Countly : [Init] Is consent required? [false]
03-20 10:04:03.017  2120  2120 D Countly : [Init] Provided Context [StatisticsService], it's superclass: [Service]
03-20 10:04:03.019  1182  1182 D GeelyBluetoothConnectionManager: MESSAGE_CONNECT_CHECK allowHfp:true, connectHfp:2 allowA2dp:true, connectA2dp:0
03-20 10:04:03.019  1182  1182 D GeelyBluetoothConnectionManager: MESSAGE_CONNECT_CHECK connect A2DP_SINK
03-20 10:04:03.020  1544  1544 I 2.0.20035110.3117  mycar_log: BaseSwitcher onUpdate
03-20 10:04:03.021  1544  1544 I CCS-0304: CarFunctionSupported.isFunctionSupported() on line :43 || function 570491136 , zone 0
03-20 10:04:03.023  2120  2258 W ECarXApiClientImpl: connect open service.
03-20 10:04:03.025  1182  1182 D CarBluetoothUsrSvc: Trying to connect to 凌辉的 iPhone Profile: 11
03-20 10:04:03.025  1182  1182 D BluetoothA2dpSink: connect(98:9E:63:EB:1F:D0)
03-20 10:04:03.037  1172  2003 D A2dpSinkStateMachine: Disconnected process message: 1
03-20 10:04:03.037  1182  1182 D GeelyBluetoothConnectionManager: Device Connecting check...
03-20 10:04:03.037  1172  2003 I BluetoothA2dpSinkServiceJni: connectA2dpNative: sBluetoothA2dpInterface: 0x7961e8f938
03-20 10:04:03.037  1172  2003 I btif_av : sink_connect_src: Peer 98:9e:63:eb:1f:d0
03-20 10:04:03.037  1172  2003 D A2dpSinkStateMachine: Exit Disconnected: 1
03-20 10:04:03.037  1172  2003 D A2dpSinkStateMachine: Enter Pending: 1
03-20 10:04:03.037  1172  1369 I bt_btif_queue: queue_int_add: adding connection request: address=98:9e:63:eb:1f:d0 UUID=110B busy=false
03-20 10:04:03.038  1172  1369 I bt_btif_queue: btif_queue_connect_next: executing connection request: address=98:9e:63:eb:1f:d0 UUID=110B busy=false
03-20 10:04:03.038  1172  1369 I btif_av : BtifAvPeer *BtifAvSink::FindOrCreatePeer(const RawAddress &, tBTA_AV_HNDL): Create peer: peer_address=98:9e:63:eb:1f:d0 bta_handle=0x41 peer_id=0
03-20 10:04:03.038  1172  1369 W bt_btif : btif_av_get_peer_sep: No active peer found
03-20 10:04:03.038  1172  1369 I bt_btif_a2dp: btif_a2dp_on_idle: ## ON A2DP IDLE ## peer_sep = 1
03-20 10:04:03.038  1172  1369 W bt_btif : btif_av_get_peer_sep: No active peer found
03-20 10:04:03.038  1172  1369 I bt_btif_a2dp_source: btif_a2dp_source_on_idle
03-20 10:04:03.038  2044  2286 V MediaProvider: insertInternal: content://media/none/media_scanner, initValues=volume=external
03-20 10:04:03.042  1251  1251 I AC_SYSTEMUI_LOG: GoogleBTStrategy : BT onReceive action : android.bluetooth.a2dp-sink.profile.action.CONNECTION_STATE_CHANGED
03-20 10:04:03.043  1172  1795 I btif_av : void BtifAvSink::DeleteIdlePeers()
03-20 10:04:03.043  1172  1369 I bt_bta_av: BTA_AvOpen: peer 98:9e:63:eb:1f:d0 handle:0x41 use_rc=true sec_mask=0x12 uuid=0x110b
03-20 10:04:03.044  1182  1182 D BTDevConnectionPolicy: Received Intent for device: 98:9E:63:EB:1F:D0 android.bluetooth.a2dp-sink.profile.action.CONNECTION_STATE_CHANGED
03-20 10:04:03.044  1182  1182 D BTDevConnectionPolicy: notifyConnectionStatus() Ignoring state: 1
03-20 10:04:03.044  1182  1182 D LGBtConnectionMng: Received Intent for device: 98:9E:63:EB:1F:D0 android.bluetooth.a2dp-sink.profile.action.CONNECTION_STATE_CHANGED
03-20 10:04:03.044  1182  1182 D GeelyBluetoothConnectionManager: updateConnectionState profile:11 state:1 prevState:0
03-20 10:04:03.044  1182  1182 D LGBtConnectionMng: Received Intent for device: 98:9E:63:EB:1F:D0 android.bluetooth.a2dp-sink.profile.action.CONNECTION_STATE_CHANGED
03-20 10:04:03.044  1182  1182 D GeelyBluetoothConnectionManager: updateConnectionState profile:11 state:1 prevState:0
03-20 10:04:03.044  1172  1795 I bt_bta_av: bta_av_save_addr: reset flags old_addr=00:00:00:00:00:00 new_addr=98:9e:63:eb:1f:d0
03-20 10:04:03.044  1172  1795 D bt_bta_av: SetAvdtpVersion: AVDTP version for 98:9e:63:eb:1f:d0 set to 0x103
03-20 10:04:03.044  1172  1795 I a2dp_api: A2DP_FindService: peer: 98:9e:63:eb:1f:d0 UUID: 0x110a
03-20 10:04:03.044  1172  1172 D A2dpSinkStateMachine: Connection state 98:9E:63:EB:1F:D0: 0->1 error code: 0
03-20 10:04:03.044  1172  1172 D AdapterProperties: PROFILE_CONNECTION_STATE_CHANGE: profile=11, device=98:9E:63:EB:1F:D0, 0 -> 1
03-20 10:04:03.045  1172  1369 I btif_av : btif_report_connection_state: peer_address=98:9e:63:eb:1f:d0 state=1
03-20 10:04:03.045  1172  1369 I BluetoothA2dpSinkServiceJni: bta2dp_connection_state_callback
03-20 10:04:03.046  1172  2003 D A2dpSinkStateMachine: Pending process message: 101
03-20 10:04:03.046  1172  2003 D A2dpSinkStateMachine: STACK_EVENT 1
03-20 10:04:03.046  1172  2003 D A2dpSinkStateMachine: processConnectionEvent state 1
03-20 10:04:03.047  1172  2003 D A2dpSinkStateMachine: Devices curr: null target: 98:9E:63:EB:1F:D0 incoming: null device: 98:9E:63:EB:1F:D0
03-20 10:04:03.047  1172  2003 D A2dpSinkStateMachine: Stack and target device are connecting
03-20 10:04:03.048  1469  1469 I CCS-0304: BluetoothManager$1.onReceive() on line :57 || stateAction android.bluetooth.a2dp-sink.profile.action.CONNECTION_STATE_CHANGED
03-20 10:04:03.048  1469  1469 I CCS-0304: BluetoothManager$1.onReceive() on line :80 || 凌辉的 iPhone is in state 1
03-20 10:04:03.048  1469  1469 D CachedBluetoothDevice: onProfileStateChanged: profile A2DPSink newProfileState 1
03-20 10:04:03.061  2158  2158 I LauncherImpl: [JERRY][showWorkspace-2], from state: WORKSPACE
03-20 10:04:03.062  2158  2158 I BaseActivity: onResume[V1108-1] time = 25069
03-20 10:04:03.067  1544  1544 I 2.0.20035110.3117  mycar_log: functionId = 570491136 functionSupported : active
03-20 10:04:03.068  1544  1544 I CCS-0304: CarFunctionSupported.isFunctionSupported() on line :43 || function 570491137 , zone 0
03-20 10:04:03.086  2105  2105 E XCStatistics: bind success!
03-20 10:04:03.087  1172  1795 W bt_sdp  : process_service_search_attr_rsp
03-20 10:04:03.088  2105  2105 I [XSFNotification]NotificationStatInner: [(NotificationStatInner.java:42)#A ] versionName: 2.0.19531110.3059
03-20 10:04:03.090  1544  1544 I 2.0.20035110.3117  mycar_log: functionId = 570491137 functionSupported : active
03-20 10:04:03.092  1172  1795 I a2dp_api: a2dp_sdp_cback: status: 0
03-20 10:04:03.092  1172  1795 D bt_bta_av: SetAvdtpVersion: AVDTP version for 98:9e:63:eb:1f:d0 set to 0x103
03-20 10:04:03.092  1172  1795 W bt_avp  : AVDT_ConnectReq: address=98:9e:63:eb:1f:d0 channel_index=0 sec_mask=0x12
03-20 10:04:03.092  1172  1795 W bt_avp  : AVDT_ConnectReq: address=98:9e:63:eb:1f:d0 result=0
03-20 10:04:03.102  1544  1544 I 2.0.20035110.3117  mycar_log: functionId = 570491136 get Value : 570491138
03-20 10:04:03.102  1544  1544 I CCS-0304: CarFunctionSupported.isFunctionSupported() on line :43 || function 570491137 , zone 0
03-20 10:04:03.106  1172  1795 I bt_bta_av: bta_av_conn_cback: conn_cback bd_addr: 98:9e:63:eb:1f:d0
03-20 10:04:03.106  1172  1795 I bt_bta_av: bta_av_sig_chg: AVDT_CONNECT_IND_EVT: peer 98:9e:63:eb:1f:d0 selected lcb_index 0
03-20 10:04:03.106  1172  1795 E bt_btif : bta_av_rc_create: ACP handle exist for shdl:0
03-20 10:04:03.112  1544  1544 I 2.0.20035110.3117  mycar_log: functionId = 570491137 functionSupported : active
03-20 10:04:03.113  1544  1544 I CCS-0304: CarFunctionSupported.isFunctionSupported() on line :43 || function 570491138 , zone 0
03-20 10:04:03.119  2158  2158 E CCS-0304: VehicleSignalManager:Could not set DidEcuSerial because connection to CarPropertyManager has not been established yet!
03-20 10:04:03.119  2158  2158 E CCS-0304: DeviceImpl:getXdsn(): Failed to get Xdsn. didEcuSerial / didEcuSerial.value is null.
03-20 10:04:03.119  2158  2158 E XCStatistics: save the data in queue!
03-20 10:04:03.119  2158  2158 E XCStatistics: save the data in queue!
03-20 10:04:03.120  2158  2158 I LauncherImpl: [JERRY][showWorkspace-2], from state: WORKSPACE
03-20 10:04:03.122  1544  1544 I 2.0.20035110.3117  mycar_log: functionId = 570491138 functionSupported : active
03-20 10:04:03.123  2158  2158 E check hotfix: check hotfix
03-20 10:04:03.125  2158  2158 I BaseActivity: checkHotfix mResumeCount = 0
03-20 10:04:03.125  2158  2158 I BaseActivity: onResume [end]
03-20 10:04:03.147  2158  2259 D Launcher.Model: [JERRY][loadWorkspace] loading model from content://ecarx.launcher3.settings/favorites
03-20 10:04:03.149  2105  2105 I [XSFNotification][2.0.19531110.3059]PushV3: [(PushV3.java:55)#A ] PushV3 pushSDK init called
03-20 10:04:03.159  2250  2250 I MultiDex: VM with version 2.1.0 has multidex support
03-20 10:04:03.159  2250  2250 I MultiDex: Installing application
03-20 10:04:03.159  2250  2250 I MultiDex: VM has multidex support, MultiDex support library is disabled.
03-20 10:04:03.161  1868  1886 I m.ecarx.parkin: WaitForGcToComplete blocked ProfileSaver on HeapTrim for 609.366ms
03-20 10:04:03.165  1544  1544 I 2.0.20035110.3117  mycar_log: functionId = 570491136 get Value : 570491138
03-20 10:04:03.165  1544  1544 I CCS-0304: CarFunctionSupported.isFunctionSupported() on line :43 || function 570491138 , zone 0
03-20 10:04:03.168  1544  1544 I 2.0.20035110.3117  mycar_log: functionId = 570491138 functionSupported : active
03-20 10:04:03.169  1544  1544 I CCS-0304: CarFunctionSupported.isFunctionSupported() on line :43 || function 570491139 , zone 0
03-20 10:04:03.176  1544  1544 I 2.0.20035110.3117  mycar_log: functionId = 570491139 functionSupported : active
03-20 10:04:03.179  2120  2120 D Countly : [Init] About to init internal systems
03-20 10:04:03.180  2120  2120 D Countly : [Init] Currently cached advertising ID []
03-20 10:04:03.180  2105  2222 D TelephonyManager: getIEthernetManager mContext: ecarx.xsf.notificationcenter.AppApplication@8fae237
03-20 10:04:03.181  2105  2105 D ECarXApiClientImpl: Version = 3.3.4
03-20 10:04:03.182  2105  2105 D ECarXApiClientImpl: add remote call back, com.ecarx.sdk.ECarXApiClientImpl$2@14943a4
03-20 10:04:03.182  2105  2105 W ECarXApiClientImpl: Initialize open service, service name: push, has connected: false
03-20 10:04:03.182  2120  2120 D Countly : [Init] [TemporaryDeviceId] Previously was enabled: [false]
03-20 10:04:03.184  1544  1544 I 2.0.20035110.3117  mycar_log: functionId = 570491136 get Value : 570491138
03-20 10:04:03.184  2288  2288 I carx.debugtool: The ClassLoaderContext is a special shared library.
03-20 10:04:03.184  1544  1544 I CCS-0304: CarFunctionSupported.isFunctionSupported() on line :43 || function 570491139 , zone 0
03-20 10:04:03.187  1544  1544 I 2.0.20035110.3117  mycar_log: functionId = 570491139 functionSupported : active
03-20 10:04:03.188  1544  1544 I CCS-0304: CarFunctionSupported.isFunctionSupported() on line :43 || function 570491140 , zone 0
03-20 10:04:03.188  2120  2120 D Countly : Checking for native crash dumps
03-20 10:04:03.196  1544  1544 I 2.0.20035110.3117  mycar_log: functionId = 570491140 functionSupported : active
03-20 10:04:03.197  1544  1544 I CCS-0304: CarFunctionSupported.isFunctionSupported() on line :43 || function 570491141 , zone 0
03-20 10:04:03.198   955   989 I SystemUI[Framework]: ==> disableLocked() userId=0, what=0x0, token=android.os.Binder@aea2a06, pkg=Window{a938d68 u0 com.ecarx.settings/com.ecarx.settings.setting.FallbackHome}, whichFlag=1, bar=com.android.internal.statusbar.IStatusBar$Stub$Proxy@39ce8e6
03-20 10:04:03.198   955   989 I SystemUI[Framework]: StatusBar disabled: mDisabled1=0x0 mDisabled2=0x0
03-20 10:04:03.198   955   989 I SystemUI[Framework]:   mDisableRecords.size=0
03-20 10:04:03.200  2158  2158 I CCS-0304: VendorExtensionController:Connected to Car Service!
03-20 10:04:03.201  2158  2158 W CCS-0304: VendorExtensionController:before getCarManager Time:1584669843201
03-20 10:04:03.202  1544  1544 I 2.0.20035110.3117  mycar_log: functionId = 570491141 functionSupported : notavailable
03-20 10:04:03.203  2120  2120 D Countly : Native crash folder does not exist
03-20 10:04:03.209  2120  2120 D DeviceStateAPIImpl: onConnected:isConnected == true
03-20 10:04:03.210  2120  2120 D DeviceStateAPIImpl: connect:called!
03-20 10:04:03.210  2120  2120 D DeviceStateAPIImpl: connect:null == mIDrivePolicy
03-20 10:04:03.215  1544  1544 I 2.0.20035110.3117  mycar_log: functionId = 570491136 get Value : 570491138
03-20 10:04:03.216  1544  1544 I CCS-0304: CarFunctionSupported.isFunctionSupported() on line :43 || function 570491140 , zone 0
03-20 10:04:03.217  1137  1217 D LGE.CAR.TIME: onEvent : LgeCarPropertyEvent{mEventType=0, mCarPropertyValue=LgeCarPropertyValue{mPropertyId=0x21415400, mAreaId=0x0, mStatus=0, mTimestamp=25210895350, mValue=[Ljava.lang.Integer;@16005e6}}
03-20 10:04:03.217  1137  1217 D LGE.CAR.TIME: onEvent : LgeCarPropertyEvent{mEventType=0, mCarPropertyValue=LgeCarPropertyValue{mPropertyId=0x21415402, mAreaId=0x0, mStatus=0, mTimestamp=25210994569, mValue=[Ljava.lang.Integer;@d92c727}}
03-20 10:04:03.218  2044  2286 V MediaProvider: insertInternal: content://media/, initValues=name=external
03-20 10:04:03.220  1544  1544 I 2.0.20035110.3117  mycar_log: functionId = 570491140 functionSupported : active
03-20 10:04:03.221  1544  1544 I CCS-0304: CarFunctionSupported.isFunctionSupported() on line :43 || function 570491142 , zone 0
03-20 10:04:03.225  2250  2250 I Tinker.TinkerPatchListener: application maxMemory:256
03-20 10:04:03.229  2250  2250 W Tinker.Tinker: tinker patch directory: /data/user/0/com.ecarx.xcttsservice/tinker
03-20 10:04:03.230  2120  2334 W AdvertisingIdAdapter: Play Services are not available, while checking if limited ad tracking enabled
03-20 10:04:03.230  2120  2334 W AdvertisingIdAdapter: Play Services are not available, while caching advertising id
03-20 10:04:03.232  1544  1544 I 2.0.20035110.3117  mycar_log: functionId = 570491142 functionSupported : notavailable
03-20 10:04:03.232  1544  1544 I CCS-0304: CarFunctionSupported.isFunctionSupported() on line :43 || function 570491143 , zone 0
03-20 10:04:03.234   955  1937 D AlarmManagerService: Setting time of day to sec=1584669843
03-20 10:04:03.217  2120  2120 D DeviceStateAPIImpl: onConnected:isConnected == true
03-20 10:04:03.217  2250  2250 I Tinker.Tinker: try to install tinker, isEnable: true, version: 1.9.13
03-20 10:04:03.217  2120  2120 D DeviceStateAPIImpl: connect:called!
03-20 10:04:03.217  2120  2120 D DeviceStateAPIImpl: onAPIReady:ready == true
03-20 10:04:03.218  2250  2250 I Tinker.TinkerLoadResult: parseTinkerResult loadCode:-2, process name:com.ecarx.xcttsservice, main process:true, systemOTA:false, fingerPrint:geely/dcy11/dcy11:9/PQ1A.190105.004/141:userdebug/test-keys, oatDir:null, useInterpretMode:false
03-20 10:04:03.218  2250  2250 W Tinker.TinkerLoadResult: can't find patch file, is ok, just return
03-20 10:04:03.218  2250  2250 I Tinker.DefaultLoadReporter: patch loadReporter onLoadResult: patch load result, path:/data/user/0/com.ecarx.xcttsservice/tinker, code: -2, cost: 13ms
03-20 10:04:03.218  2120  2120 D DeviceStateAPIImpl: connect:called!
03-20 10:04:03.219  1544  1544 I 2.0.20035110.3117  mycar_log: functionId = 570491143 functionSupported : notavailable
03-20 10:04:03.219  1544  1544 I CCS-0304: CarFunctionSupported.isFunctionSupported() on line :43 || function 570491144 , zone 0
03-20 10:04:03.221   955  1937 W AlarmManagerService: Unable to set rtc to 1584669843: Invalid argument
03-20 10:04:03.222  1137  1217 D LGE.CAR.TIME: [setMicomClockTime] date: 2020/2/20 time: 10:4:3
03-20 10:04:03.223  1544  1544 I 2.0.20035110.3117  mycar_log: functionId = 570491144 functionSupported : notavailable
03-20 10:04:03.223  1544  1544 I CCS-0304: CarFunctionSupported.isFunctionSupported() on line :43 || function 570491141 , zone 0
03-20 10:04:03.227  1544  1544 I 2.0.20035110.3117  mycar_log: functionId = 570491141 functionSupported : notavailable
03-20 10:04:03.227  1544  1544 I CCS-0304: CarFunctionSupported.isFunctionSupported() on line :43 || function 570491141 , zone 0
03-20 10:04:03.230  1544  1544 I 2.0.20035110.3117  mycar_log: functionId = 570491141 functionSupported : notavailable
03-20 10:04:03.233  1544  1544 I CCS-0304: CarFunctionSupported.isFunctionSupported() on line :43 || function 570491152 , zone 0
03-20 10:04:03.235  2105  2105 D [XSFNotification][2.0.19531110.3059]ECarxNotificationListenerService: [(ECarxNotificationListenerService.java:82)#OnCreate ] onCreate()
03-20 10:04:03.236  2105  2222 D TelephonyManager:  getNetworkType 0 : UNKNOWN
03-20 10:04:03.240  1544  1544 I 2.0.20035110.3117  mycar_log: functionId = 570491152 functionSupported : notavailable
03-20 10:04:03.240  1544  1544 I 2.0.20035110.3117  mycar_log: BaseSwitcher nowCount:2 code:0
03-20 10:04:03.244  2250  2250 W Tinker.Tinker: tinker load fail!
03-20 10:04:03.252  1544  1544 I 2.0.20035110.3117  mycar_log: functionId = 570491136 get Value : 570491138
03-20 10:04:03.260  2105  2105 W [XSFNotification][2.0.19531110.3059]ECarxNotificationListenerService: [(ECarxNotificationListenerService.java:106)#OnCreate ] isDcy11Project: true
03-20 10:04:03.261  2105  2105 D [XSFNotification][2.0.19531110.3059]ECarxNotificationListenerService: [(ECarxNotificationListenerService.java:116)#OnBind ] onBind: Intent { act=android.service.notification.NotificationListenerService cmp=ecarx.xsf.notificationcenter/.ECarxNotificationListenerService }
03-20 10:04:03.266  2105  2105 I [XSFNotification][2.0.19531110.3059]NetworkChangeReceiver: [(NetworkChangeReceiver.java:30)#OnReceive ] 3G networkconnected, checkHotfix...
03-20 10:04:03.266  2105  2105 W [XSFNotification][2.0.19531110.3059]check hotfix: [(HotfixManager.java:119)#CheckHotfix ] check hotfix
03-20 10:04:03.267  2105  2105 E XCStatistics: service connected!
03-20 10:04:03.267  2105  2105 W Tinker.UpgradePatchRetry: onPatchRetryLoad retry info not exist, just return
03-20 10:04:03.268  2250  2250 E Tinker.ReflectApp: replaceApplicationLike delegateClass:class com.tencent.bugly.beta.tinker.TinkerApplicationLike
03-20 10:04:03.269  2250  2250 I Tinker.ComponentHotplug: method install() is not invoked, ignore ensuring operations.
03-20 10:04:03.269  2250  2250 D Tinker.DefaultAppLike: onCreate
03-20 10:04:03.274  2120  2199 D TelephonyManager: getIEthernetManager mContext: com.ecarx.statistics.MainApplication@8fae237
03-20 10:04:03.279  2057  2068 I systemui.plugi: Background concurrent copying GC freed 7968(1114KB) AllocSpace objects, 59(1180KB) LOS objects, 66% free, 756KB/2MB, paused 172.566ms total 584.560ms
03-20 10:04:03.280  2120  2199 D TelephonyManager:  getNetworkType 0 : UNKNOWN
03-20 10:04:03.282  2105  2105 D [XSFNotification][2.0.19531110.3059]ECarxNotificationListenerService: [(ECarxNotificationListenerService.java:141)#A ] activeNotifications.count=5
03-20 10:04:03.283  2105  2105 I [XSFNotification][2.0.19531110.3059]ECarxNotificationListenerService: [(ECarxNotificationListenerService.java:158)#OnListenerConnected ] onListenerConnected
03-20 10:04:03.283  2105  2336 D [XSFNotification][2.0.19531110.3059]ECarxNotificationListenerService: [(ECarxNotificationListenerService.java:349)#A ] ignoreNotification packageName = com.ecarx.settings with flags=0x62
03-20 10:04:03.284  2105  2336 I chatty  : uid=1000(system) active_notifica identical 1 line
03-20 10:04:03.284  2105  2336 D [XSFNotification][2.0.19531110.3059]ECarxNotificationListenerService: [(ECarxNotificationListenerService.java:349)#A ] ignoreNotification packageName = com.ecarx.settings with flags=0x62
03-20 10:04:03.285  2105  2336 D [XSFNotification][2.0.19531110.3059]ECarxNotificationListenerService: [(ECarxNotificationListenerService.java:349)#A ] ignoreNotification packageName = com.ecarx.sdk.openapi with flags=0x62
03-20 10:04:03.285  2105  2336 D [XSFNotification][2.0.19531110.3059]ECarxNotificationListenerService: [(ECarxNotificationListenerService.java:349)#A ] ignoreNotification packageName = ecarx.xsf.gkuiservice with flags=0x62
03-20 10:04:03.287  1544  1544 I 2.0.20035110.3117  mycar_log: functionId = 570491136 get Value : 570491138
03-20 10:04:03.290  2105  2335 W ECarXApiClientImpl: connect open service.
03-20 10:04:03.290  1544  1544 I 2.0.20035110.3117  mycar_log: BaseSwitcher action :android.appwidget.action.APPWIDGET_UPDATE
03-20 10:04:03.296  1544  1544 D 2.0.20035110.3117  mycar_log: BaseSwitcher onEnabled
03-20 10:04:03.297  1544  1544 I 2.0.20035110.3117  mycar_log: BaseSwitcher action :android.appwidget.action.APPWIDGET_ENABLED
03-20 10:04:03.299  1544  1544 I 2.0.20035110.3117  mycar_log: BaseSwitcher onUpdate
03-20 10:04:03.310  1544  1544 I 2.0.20035110.3117  mycar_log: functionId = 537985280 get Value : 1
03-20 10:04:03.313  1544  1544 I 2.0.20035110.3117  mycar_log: functionId = 537985536 get Value : 0
03-20 10:04:03.313  1544  1544 I 2.0.20035110.3117  mycar_log: BaseSwitcher nowCount:0 code:0
03-20 10:04:03.318  1544  1544 I 2.0.20035110.3117  mycar_log: BaseSwitcher action :android.appwidget.action.APPWIDGET_UPDATE
03-20 10:04:03.321  2105  2105 D ECarXApiClientImpl: >>>onOpenAPIServiceConnected<<<
03-20 10:04:03.329  2158  2158 W CCS-0304: VendorExtensionController:after getCarManager Time:1584669843329
03-20 10:04:03.329  2158  2158 I CCS-0304: VehicleSignalManager:Current cached registeration number: 2
03-20 10:04:03.329  2158  2158 I CCS-0304: VehicleSignalManager:Register callback:560993120
03-20 10:04:03.329  2158  2212 D TelephonyManager: getIEthernetManager mContext: ecarx.launcher3.app.App@3617cc2
03-20 10:04:03.330  1182  1387 D Property.service: registerListener: propId=0x21701360 rate=0.0
03-20 10:04:03.331  2158  2158 I CCS-0304: VehicleSignalManager:Register callback:560993108
03-20 10:04:03.331  1182  1204 D Property.service: registerListener: propId=0x21701354 rate=0.0
03-20 10:04:03.332  2158  2158 I CCS-0304: VehicleSignalManager:mCachedRegisteration cleared!
03-20 10:04:03.333  2158  2158 E CCS-0304: CarImpl:connected
03-20 10:04:03.333  2158  2158 W CarUtils: [JERRY][CarUtils][onConnected]
03-20 10:04:03.340  2158  2212 D TelephonyManager:  getNetworkType 0 : UNKNOWN
03-20 10:04:03.342  2158  2158 E CCS-0304: DeviceImpl:current connectable status: true
03-20 10:04:03.351  2158  2158 I BaseActivity: [onAttachedToWindow][END] time = 25375
03-20 10:04:03.373  2158  2331 I Adreno  : QUALCOMM build                   : afcfcfe, Ideadcc1e74
03-20 10:04:03.373  2158  2331 I Adreno  : Build Date                       : 06/05/19
03-20 10:04:03.373  2158  2331 I Adreno  : OpenGL ES Shader Compiler Version: EV031.25.19.01
03-20 10:04:03.373  2158  2331 I Adreno  : Local Branch                     : 
03-20 10:04:03.373  2158  2331 I Adreno  : Remote Branch                    : 
03-20 10:04:03.373  2158  2331 I Adreno  : Remote Branch                    : 
03-20 10:04:03.373  2158  2331 I Adreno  : Reconstruct Branch               : 
03-20 10:04:03.373  2158  2331 I Adreno  : Build Config                     : S L 6.0.2 AArch64
03-20 10:04:03.376   955   989 I SystemUI[Framework]: ==> disableLocked() userId=0, what=0x0, token=android.os.Binder@aea2a06, pkg=Window{a938d68 u0 com.ecarx.settings/com.ecarx.settings.setting.FallbackHome}, whichFlag=1, bar=com.android.internal.statusbar.IStatusBar$Stub$Proxy@39ce8e6
03-20 10:04:03.376   955   989 I SystemUI[Framework]: StatusBar disabled: mDisabled1=0x0 mDisabled2=0x0
03-20 10:04:03.376   955   989 I SystemUI[Framework]:   mDisableRecords.size=1
03-20 10:04:03.376   955   989 I SystemUI[Framework]:   [0] userId=0 what1=0x0 what2=0x0 pkg=null token=android.os.Binder@aea2a06
03-20 10:04:03.376   955   989 I SystemUI[Framework]: ==> disableLocked() userId=0, what=0x0, token=android.os.Binder@aea2a06, pkg=Window{6b5132c u0 ecarx.launcher3/ecarx.launcher3.Launcher}, whichFlag=1, bar=com.android.internal.statusbar.IStatusBar$Stub$Proxy@39ce8e6
03-20 10:04:03.376   955   989 I SystemUI[Framework]: StatusBar disabled: mDisabled1=0x0 mDisabled2=0x0
03-20 10:04:03.376   955   989 I SystemUI[Framework]:   mDisableRecords.size=0
03-20 10:04:03.376   955   989 I SystemUI[Framework]: ==> disableLocked() userId=0, what=0x0, token=android.os.Binder@aea2a06, pkg=Window{6b5132c u0 ecarx.launcher3/ecarx.launcher3.Launcher}, whichFlag=1, bar=com.android.internal.statusbar.IStatusBar$Stub$Proxy@39ce8e6
03-20 10:04:03.376   955   989 I SystemUI[Framework]: StatusBar disabled: mDisabled1=0x0 mDisabled2=0x0
03-20 10:04:03.376   955   989 I SystemUI[Framework]:   mDisableRecords.size=1
03-20 10:04:03.376   955   989 I SystemUI[Framework]:   [0] userId=0 what1=0x0 what2=0x0 pkg=null token=android.os.Binder@aea2a06
03-20 10:04:03.380   955   987 W Searchables: No global search activity found
03-20 10:04:03.383  1251  1251 D StatusBar: updateSystemBarsUiVisibility() called with: vis = [8708]
03-20 10:04:03.383  1251  1251 D StatusBar: setSystemUiVisibility to EcarxStatusBarView with: vis = [8708]
03-20 10:04:03.383  1251  1251 D AC_SYSTEMUI_LOG: EcarxStatusBarView : setSystemUiVisibility: flag : 8708, sIsStatusBarCompleted : true, sIsNavigationBarCompleted : true
03-20 10:04:03.384  1251  1251 E AC_SYSTEMUI_LOG: UIModeUtils : android.provider.Settings$SettingNotFoundException: ui_night_mode
03-20 10:04:03.385  1251  1251 D AC_SYSTEMUI_LOG: EcarxStatusBarView : setSystemUiVisibility uiMode : 0; LastUIMode :0; CurrentIsGaoDe : false
03-20 10:04:03.387  2105  2105 I ECarXApiClientImpl: {"DEBUG":"true", "APPLICATION_ID":"com.ecarx", "BUILD_TYPE":"debug", "FLAVOR":"", "VERSION_CODE":"18", "VERSION_NAME":"2.335.20034010", "GENERATE_APK_DATE":"2020.01.16", "RELEASE_BRANCH":"全分支通版", "UPDATE_INFO":"1.集成CarAudioManager", "RELEASE_PERSON":"zhaozhijun"}
03-20 10:04:03.393  2105  2105 D VersionInfoUtil_impl: has get remote service versioninfo string
03-20 10:04:03.395  2105  2105 I ECarXApiClientImpl: {"DEBUG":"false", "APPLICATION_ID":"com.ecarx.sdk.openapi", "BUILD_TYPE":"release", "FLAVOR":"geO", "VERSION_CODE":"3016", "VERSION_NAME":"1.1.20034110.3016", "APPLICABLE_ROM_VERSION":"适用于当前系统 >= Android O的项目", "CURRENT_APP_VERSION_APPLICABLE_IMPL_VERSION":"2.0.03", "GENERATE_APK_DATE":"2019.08.21", "RELEASE_BRANCH":"p/gkui/l/forp/dev", "UPDATE_INFO":"1、更改加密方式使openIHUID与openVIN加密后的值不变", "VERIFICATION":"true", "RELEASE_PERSON":"zhaozhijun"}
03-20 10:04:03.400  2120  2136 I carx.statistic: Background concurrent copying GC freed 6671(791KB) AllocSpace objects, 26(520KB) LOS objects, 50% free, 2MB/5MB, paused 108us total 347.050ms
03-20 10:04:03.412  2158  2175 I ecarx.launcher: Background concurrent copying GC freed 4873(932KB) AllocSpace objects, 8(160KB) LOS objects, 49% free, 3MB/7MB, paused 3.353ms total 458.254ms
03-20 10:04:03.413  2158  2158 W CCS-0304: CarFunctionValueImpl:This is a high Prio Func, get from remote
03-20 10:04:03.413  2158  2158 E CCS-0304: RemoteVehicleSignalMangerUtil:create a connection to service
03-20 10:04:03.415  2158  2158 E CCS-0304: PacSupportServiceConnector:Successfully connected to pac support service!
03-20 10:04:03.417  2057  2057 D AC_SYSTEMUI_LOG: onAccessibilityEvent : sTopPackageName = ecarx.launcher3
03-20 10:04:03.417  2057  2057 D AC_SYSTEMUI_LOG: onAccessibilityEvent : sTopClassName = ecarx.launcher3.Launcher
03-20 10:04:03.417  2158  2158 E CCS-0304: PacSupportManager:onServiceConnected when cached cb are 0
03-20 10:04:03.418  2158  2158 E CCS-0304: RemoteVehicleSignalMangerUtil:onServiceConnected
03-20 10:04:03.418  2158  2158 E CCS-0304: PacSupportManager:onServiceConnected
03-20 10:04:03.421  2158  2331 I Adreno  : PFP: 0x005ff112, ME: 0x005ff066
03-20 10:04:03.421   831   831 W /system/bin/vbfupdate: ERROR connecting: 111:Connection refused
03-20 10:04:03.427  1514  1934 E CCS-0304: PaPacCameraTypeAvailability:Value 0 can not be converted to PaPacCameraTypeAvailability enum
03-20 10:04:03.427  2158  2158 E CCS-0304: RemoteVehicleSignalMangerUtil:587400448 Value remotely 587400450
03-20 10:04:03.427  2158  2158 W CarUtils: [JERRY][CarUtils][updateCarConnected], mCameraPAC: 587400450
03-20 10:04:03.427  2158  2158 I CCS-0304: SensorImpl:isSensorSupported Sensor (1049344)
03-20 10:04:03.430  2158  2331 I ConfigStore: android::hardware::configstore::V1_0::ISurfaceFlingerConfigs::hasWideColorDisplay retrieved: 0
03-20 10:04:03.430  2158  2331 I ConfigStore: android::hardware::configstore::V1_0::ISurfaceFlingerConfigs::hasHDRDisplay retrieved: 0
03-20 10:04:03.432  2158  2331 I OpenGLRenderer: Initialized EGL, version 1.4
03-20 10:04:03.432  2158  2331 D OpenGLRenderer: Swap behavior 2
03-20 10:04:03.437  2158  2158 W CarUtils: [JERRY][CarUtils][HVAC] PM25:, functionStatus: active
03-20 10:04:03.437  2158  2158 W CarUtils: [JERRY][CarUtils][updateApps], 360 mCameraPAC: 587400450
03-20 10:04:03.439  2158  2158 W Launcher.Utilities: [JERRY][enablePackage], ComponentName: ComponentInfo{com.ecarx.parking/com.ecarx.park2.MainAvmActivity}, state: 1, enable: true
03-20 10:04:03.441  2158  2158 W Launcher.Utilities: [JERRY][enablePackage], ComponentName: ComponentInfo{com.ecarx.parking/com.ecarx.park2.MainPacActivity}, state: 2, enable: false
03-20 10:04:03.452  2158  2158 I CCS-0304: DeviceImpl:483 CarConfig.value = 2
03-20 10:04:03.452  2158  2158 W CarUtils: [JERRY][CarUtils][Device][updateDeviceConnected], mDVRComponent mDVRConfigured: true
03-20 10:04:03.454  2158  2158 W Launcher.Utilities: [JERRY][enablePackage], ComponentName: ComponentInfo{ecarx.camera.dvr/ecarx.camera.dvr.MainActivity}, state: 1, enable: true
03-20 10:04:03.465   955   989 I SystemUI[Framework]: ==> disableLocked() userId=0, what=0x0, token=android.os.Binder@aea2a06, pkg=Window{6b5132c u0 ecarx.launcher3/ecarx.launcher3.Launcher}, whichFlag=1, bar=com.android.internal.statusbar.IStatusBar$Stub$Proxy@39ce8e6
03-20 10:04:03.465   955   989 I SystemUI[Framework]: StatusBar disabled: mDisabled1=0x0 mDisabled2=0x0
03-20 10:04:03.465   955   989 I SystemUI[Framework]:   mDisableRecords.size=0
03-20 10:04:03.471  1182  1780 D BTAutoConnStateMachine: Idle processMessage 1006
03-20 10:04:03.476  1182  1780 D BTAutoConnStateMachine: try to connect to PBAP/MAP after pairing: (name = 凌辉的 iPhone, addr = 98:9E:63:EB:1F:D0)
03-20 10:04:03.478  2057  2351 D TelephonyManager: getIEthernetManager mContext: com.ecarx.systemui.plugin.SystemuiPluginApplication@3f9d399
03-20 10:04:03.481  2057  2351 D TelephonyManager:  getNetworkType 0 : UNKNOWN
03-20 10:04:03.492  1182  1780 D BTDevConnectionPolicy: in connectToDeviceOnProfile for Profile:17, device: (name = 凌辉的 iPhone, addr = 98:9E:63:EB:1F:D0)
03-20 10:04:03.493  1182  1780 D CarBluetoothDevicesInfo: Profile: 17 Num of connections: 0 Conn Supported: 1, the flag: mDeviceAvailableToConnect = true
03-20 10:04:03.496  1182  1780 D CarBluetoothUsrSvc: Trying to connect to 凌辉的 iPhone Profile: 17
03-20 10:04:03.499  1172  2042 D PbapClientService: PbapClient Binder connect 
03-20 10:04:03.500  1172  2042 D PbapClientService: Received request to ConnectPBAPPhonebook 98:9E:63:EB:1F:D0
03-20 10:04:03.512   955   989 I SystemUI[Framework]: ==> disableLocked() userId=0, what=0x0, token=android.os.Binder@aea2a06, pkg=Window{6b5132c u0 ecarx.launcher3/ecarx.launcher3.Launcher}, whichFlag=1, bar=com.android.internal.statusbar.IStatusBar$Stub$Proxy@39ce8e6
03-20 10:04:03.512   955   989 I SystemUI[Framework]: StatusBar disabled: mDisabled1=0x0 mDisabled2=0x0
03-20 10:04:03.512   955   989 I SystemUI[Framework]:   mDisableRecords.size=1
03-20 10:04:03.512   955   989 I SystemUI[Framework]:   [0] userId=0 what1=0x0 what2=0x0 pkg=null token=android.os.Binder@aea2a06
03-20 10:04:03.513  2311  2311 I auncher3:appsv: The ClassLoaderContext is a special shared library.
03-20 10:04:03.526  1172  2366 D PbapClientStateMachine: Enter Connecting: -2
03-20 10:04:03.527  1172  2366 D PbapClientStateMachine: Connection state 98:9E:63:EB:1F:D0: 0->1
03-20 10:04:03.527  2071  2071 E GKAI:GUI:2.2.20035112.937: [check hotfix] check hotfix
03-20 10:04:03.529  1172  1172 D AdapterProperties: PROFILE_CONNECTION_STATE_CHANGE: profile=17, device=98:9E:63:EB:1F:D0, 0 -> 1
03-20 10:04:03.531  1251  1251 W CCS-0304: PbapExtensionImpl:PULL_PATH is null, return
03-20 10:04:03.535  2071  2071 D GKAI:GUI:2.2.20035112.937: [XKAccessibilityHelper] enableAccessibility: the accessibility has been enabled
03-20 10:04:03.535  2071  2071 I DeviceAPI: createDeviceAPI
03-20 10:04:03.535  1182  1780 D CarBluetoothDevicesInfo: Setting 98:9E:63:EB:1F:D0 state to 1
03-20 10:04:03.538  1544  1544 W CCS-0304: PbapExtensionImpl:PULL_PATH is null, return
03-20 10:04:03.538  1469  1469 D CachedBluetoothDevice: onProfileStateChanged: profile PbapClient newProfileState 1
03-20 10:04:03.539  1182  1182 D BTDevConnectionPolicy: Received Intent for device: 98:9E:63:EB:1F:D0 android.bluetooth.pbapclient.profile.action.CONNECTION_STATE_CHANGED
03-20 10:04:03.539  1182  1182 D BTDevConnectionPolicy: notifyConnectionStatus() Ignoring state: 1
03-20 10:04:03.539  1182  1182 D LGBtConnectionMng: Received Intent for device: 98:9E:63:EB:1F:D0 android.bluetooth.pbapclient.profile.action.CONNECTION_STATE_CHANGED
03-20 10:04:03.539  1182  1182 D GeelyBluetoothConnectionManager: updateConnectionState profile:17 state:1 prevState:0
03-20 10:04:03.539  1182  1182 D LGBtConnectionMng: Received Intent for device: 98:9E:63:EB:1F:D0 android.bluetooth.pbapclient.profile.action.CONNECTION_STATE_CHANGED
03-20 10:04:03.539  1182  1182 D GeelyBluetoothConnectionManager: updateConnectionState profile:17 state:1 prevState:0
03-20 10:04:03.541  1182  1780 D BTDevConnectionPolicy: Increment Retry to: 1, for Profile: 17, on device: (name = 凌辉的 iPhone, addr = 98:9E:63:EB:1F:D0)
03-20 10:04:03.542  1281  1281 W CCS-0304: PbapExtensionImpl:PULL_PATH is null, return
03-20 10:04:03.551   955   989 I SystemUI[Framework]: ==> disableLocked() userId=0, what=0x0, token=android.os.Binder@aea2a06, pkg=Window{6b5132c u0 ecarx.launcher3/ecarx.launcher3.Launcher}, whichFlag=1, bar=com.android.internal.statusbar.IStatusBar$Stub$Proxy@39ce8e6
03-20 10:04:03.551   955   989 I SystemUI[Framework]: StatusBar disabled: mDisabled1=0x0 mDisabled2=0x0
03-20 10:04:03.551   955   989 I SystemUI[Framework]:   mDisableRecords.size=0
03-20 10:04:03.551   955   989 I SystemUI[Framework]: ==> disableLocked() userId=0, what=0x0, token=android.os.Binder@aea2a06, pkg=Window{6b5132c u0 ecarx.launcher3/ecarx.launcher3.Launcher}, whichFlag=1, bar=com.android.internal.statusbar.IStatusBar$Stub$Proxy@39ce8e6
03-20 10:04:03.551   955   989 I SystemUI[Framework]: StatusBar disabled: mDisabled1=0x0 mDisabled2=0x0
03-20 10:04:03.551   955   989 I SystemUI[Framework]:   mDisableRecords.size=1
03-20 10:04:03.551   955   989 I SystemUI[Framework]:   [0] userId=0 what1=0x0 what2=0x0 pkg=null token=android.os.Binder@aea2a06
03-20 10:04:03.552  1267  1267 W CCS-0304: PbapExtensionImpl:PULL_PATH is null, return
03-20 10:04:03.552   955   996 I ActivityManager: Displayed ecarx.launcher3/.Launcher: +2s213ms (total +10s178ms)
03-20 10:04:03.555   955   989 I SystemUI[Framework]: ==> disableLocked() userId=0, what=0x0, token=android.os.Binder@aea2a06, pkg=Window{6b5132c u0 ecarx.launcher3/ecarx.launcher3.Launcher}, whichFlag=1, bar=com.android.internal.statusbar.IStatusBar$Stub$Proxy@39ce8e6
03-20 10:04:03.555   955   989 I SystemUI[Framework]: StatusBar disabled: mDisabled1=0x0 mDisabled2=0x0
03-20 10:04:03.555   955   989 I SystemUI[Framework]:   mDisableRecords.size=0
03-20 10:04:03.559   955   989 I SystemUI[Framework]: ==> disableLocked() userId=0, what=0x0, token=android.os.Binder@aea2a06, pkg=Window{6b5132c u0 ecarx.launcher3/ecarx.launcher3.Launcher}, whichFlag=1, bar=com.android.internal.statusbar.IStatusBar$Stub$Proxy@39ce8e6
03-20 10:04:03.559   955   989 I SystemUI[Framework]: StatusBar disabled: mDisabled1=0x0 mDisabled2=0x0
03-20 10:04:03.559   955   989 I SystemUI[Framework]:   mDisableRecords.size=1
03-20 10:04:03.559   955   989 I SystemUI[Framework]:   [0] userId=0 what1=0x0 what2=0x0 pkg=null token=android.os.Binder@aea2a06
03-20 10:04:03.563   955   989 I SystemUI[Framework]: ==> disableLocked() userId=0, what=0x0, token=android.os.Binder@aea2a06, pkg=Window{6b5132c u0 ecarx.launcher3/ecarx.launcher3.Launcher}, whichFlag=1, bar=com.android.internal.statusbar.IStatusBar$Stub$Proxy@39ce8e6
03-20 10:04:03.563   955   989 I SystemUI[Framework]: StatusBar disabled: mDisabled1=0x0 mDisabled2=0x0
03-20 10:04:03.563   955   989 I SystemUI[Framework]:   mDisableRecords.size=0
03-20 10:04:03.569   955   989 I SystemUI[Framework]: ==> disableLocked() userId=0, what=0x0, token=android.os.Binder@aea2a06, pkg=Window{6b5132c u0 ecarx.launcher3/ecarx.launcher3.Launcher}, whichFlag=1, bar=com.android.internal.statusbar.IStatusBar$Stub$Proxy@39ce8e6
03-20 10:04:03.569   955   989 I SystemUI[Framework]: StatusBar disabled: mDisabled1=0x0 mDisabled2=0x0
03-20 10:04:03.569   955   989 I SystemUI[Framework]:   mDisableRecords.size=1
03-20 10:04:03.569   955   989 I SystemUI[Framework]:   [0] userId=0 what1=0x0 what2=0x0 pkg=null token=android.os.Binder@aea2a06
03-20 10:04:03.574   955   989 I SystemUI[Framework]: ==> disableLocked() userId=0, what=0x0, token=android.os.Binder@aea2a06, pkg=Window{6b5132c u0 ecarx.launcher3/ecarx.launcher3.Launcher}, whichFlag=1, bar=com.android.internal.statusbar.IStatusBar$Stub$Proxy@39ce8e6
03-20 10:04:03.574   955   989 I SystemUI[Framework]: StatusBar disabled: mDisabled1=0x0 mDisabled2=0x0
03-20 10:04:03.574   955   989 I SystemUI[Framework]:   mDisableRecords.size=0
03-20 10:04:03.577   955   989 I SystemUI[Framework]: ==> disableLocked() userId=0, what=0x0, token=android.os.Binder@aea2a06, pkg=Window{6b5132c u0 ecarx.launcher3/ecarx.launcher3.Launcher}, whichFlag=1, bar=com.android.internal.statusbar.IStatusBar$Stub$Proxy@39ce8e6
03-20 10:04:03.577   955   989 I SystemUI[Framework]: StatusBar disabled: mDisabled1=0x0 mDisabled2=0x0
03-20 10:04:03.577   955   989 I SystemUI[Framework]:   mDisableRecords.size=1
03-20 10:04:03.577   955   989 I SystemUI[Framework]:   [0] userId=0 what1=0x0 what2=0x0 pkg=null token=android.os.Binder@aea2a06
03-20 10:04:03.578  1182  1780 D BTDevConnectionPolicy: in connectToDeviceOnProfile for Profile:18, device: (name = 凌辉的 iPhone, addr = 98:9E:63:EB:1F:D0)
03-20 10:04:03.578  1182  1780 D BTDevConnectionPolicy: Proxy for Bluetooth Profile Service Unavailable: 18
03-20 10:04:03.578  1182  1780 D BTDevConnectionPolicy: No proxy available for Profile: 18
03-20 10:04:03.599  1172  2366 D SdpManager: Starting search for UUID: 0000112f-0000-1000-8000-00805f9b34fb
03-20 10:04:03.600  1172  2366 D BluetoothSdpJni: sdpSearchNative
03-20 10:04:03.600  1172  2366 D BluetoothSdpJni: sdpSearchNative UUID 
03-20 10:04:03.601   955   989 I SystemUI[Framework]: ==> disableLocked() userId=0, what=0x0, token=android.os.Binder@aea2a06, pkg=Window{6b5132c u0 ecarx.launcher3/ecarx.launcher3.Launcher}, whichFlag=1, bar=com.android.internal.statusbar.IStatusBar$Stub$Proxy@39ce8e6
03-20 10:04:03.601   955   989 I SystemUI[Framework]: StatusBar disabled: mDisabled1=0x0 mDisabled2=0x0
03-20 10:04:03.601   955   989 I SystemUI[Framework]:   mDisableRecords.size=0
03-20 10:04:03.601   955   989 I SystemUI[Framework]: ==> disableLocked() userId=0, what=0x0, token=android.os.Binder@aea2a06, pkg=Window{6b5132c u0 ecarx.launcher3/ecarx.launcher3.Launcher}, whichFlag=1, bar=com.android.internal.statusbar.IStatusBar$Stub$Proxy@39ce8e6
03-20 10:04:03.601   955   989 I SystemUI[Framework]: StatusBar disabled: mDisabled1=0x0 mDisabled2=0x0
03-20 10:04:03.601   955   989 I SystemUI[Framework]:   mDisableRecords.size=1
03-20 10:04:03.601   955   989 I SystemUI[Framework]:   [0] userId=0 what1=0x0 what2=0x0 pkg=null token=android.os.Binder@aea2a06
03-20 10:04:03.604  2044  2286 I d.process.medi: Thread[14,tid=2286,Native,Thread*=0x7973d5a800,peer=0x13d098e8,"MediaScannerService"] recursive attempt to load library "/system/lib64/libmedia_jni.so"
03-20 10:04:03.608   955   989 I SystemUI[Framework]: ==> disableLocked() userId=0, what=0x0, token=android.os.Binder@aea2a06, pkg=Window{6b5132c u0 ecarx.launcher3/ecarx.launcher3.Launcher}, whichFlag=1, bar=com.android.internal.statusbar.IStatusBar$Stub$Proxy@39ce8e6
03-20 10:04:03.608   955   989 I SystemUI[Framework]: StatusBar disabled: mDisabled1=0x0 mDisabled2=0x0
03-20 10:04:03.608   955   989 I SystemUI[Framework]:   mDisableRecords.size=0
03-20 10:04:03.613  2105  2117 I ificationcente: Background concurrent copying GC freed 16850(1636KB) AllocSpace objects, 58(1160KB) LOS objects, 49% free, 1599KB/3MB, paused 28.989ms total 660.428ms
03-20 10:04:03.614  2071  2071 D CacheSystemProperties: has stored cache
03-20 10:04:03.616   955   989 I SystemUI[Framework]: ==> disableLocked() userId=0, what=0x0, token=android.os.Binder@aea2a06, pkg=Window{6b5132c u0 ecarx.launcher3/ecarx.launcher3.Launcher}, whichFlag=1, bar=com.android.internal.statusbar.IStatusBar$Stub$Proxy@39ce8e6
03-20 10:04:03.616   955   989 I SystemUI[Framework]: StatusBar disabled: mDisabled1=0x0 mDisabled2=0x0
03-20 10:04:03.616   955   989 I SystemUI[Framework]:   mDisableRecords.size=1
03-20 10:04:03.616   955   989 I SystemUI[Framework]:   [0] userId=0 what1=0x0 what2=0x0 pkg=null token=android.os.Binder@aea2a06
03-20 10:04:03.619  2071  2071 W ECarXApiClientImpl: Initialize open service, service name: device, has connected: false
03-20 10:04:03.626  2071  2193 D GKAI:GUI:2.2.20035112.937: [NetworkCallbackImpl] 网络连接了: 100
03-20 10:04:03.629   955   989 I SystemUI[Framework]: ==> disableLocked() userId=0, what=0x0, token=android.os.Binder@aea2a06, pkg=Window{6b5132c u0 ecarx.launcher3/ecarx.launcher3.Launcher}, whichFlag=1, bar=com.android.internal.statusbar.IStatusBar$Stub$Proxy@39ce8e6
03-20 10:04:03.629   955   989 I SystemUI[Framework]: StatusBar disabled: mDisabled1=0x0 mDisabled2=0x0
03-20 10:04:03.629   955   989 I SystemUI[Framework]:   mDisableRecords.size=0
03-20 10:04:03.631   955   989 I SystemUI[Framework]: ==> disableLocked() userId=0, what=0x0, token=android.os.Binder@aea2a06, pkg=Window{6b5132c u0 ecarx.launcher3/ecarx.launcher3.Launcher}, whichFlag=1, bar=com.android.internal.statusbar.IStatusBar$Stub$Proxy@39ce8e6
03-20 10:04:03.631   955   989 I SystemUI[Framework]: StatusBar disabled: mDisabled1=0x0 mDisabled2=0x0
03-20 10:04:03.631   955   989 I SystemUI[Framework]:   mDisableRecords.size=1
03-20 10:04:03.631   955   989 I SystemUI[Framework]:   [0] userId=0 what1=0x0 what2=0x0 pkg=null token=android.os.Binder@aea2a06
03-20 10:04:03.633  2057  2351 D TelephonyManager: getIEthernetManager mContext: com.ecarx.systemui.plugin.SystemuiPluginApplication@3f9d399
03-20 10:04:03.640  2057  2351 D TelephonyManager:  getNetworkType 0 : UNKNOWN
03-20 10:04:03.641  2071  2178 W ECarXApiClientImpl: connect open service.
03-20 10:04:03.643  2057  2351 D NetworkSecurityConfig: Using Network Security Config from resource network_security_config debugBuild: false
03-20 10:04:03.654   955   989 I SystemUI[Framework]: ==> disableLocked() userId=0, what=0x0, token=android.os.Binder@aea2a06, pkg=Window{6b5132c u0 ecarx.launcher3/ecarx.launcher3.Launcher}, whichFlag=1, bar=com.android.internal.statusbar.IStatusBar$Stub$Proxy@39ce8e6
03-20 10:04:03.654   955   989 I SystemUI[Framework]: StatusBar disabled: mDisabled1=0x0 mDisabled2=0x0
03-20 10:04:03.654   955   989 I SystemUI[Framework]:   mDisableRecords.size=0
03-20 10:04:03.660  2105  2371 D TelephonyManager: getIEthernetManager mContext: ecarx.xsf.notificationcenter.AppApplication@8fae237
03-20 10:04:03.663  1172  1795 W bt_sdp  : process_service_search_attr_rsp
03-20 10:04:03.668   955   989 I SystemUI[Framework]: ==> disableLocked() userId=0, what=0x0, token=android.os.Binder@aea2a06, pkg=Window{6b5132c u0 ecarx.launcher3/ecarx.launcher3.Launcher}, whichFlag=1, bar=com.android.internal.statusbar.IStatusBar$Stub$Proxy@39ce8e6
03-20 10:04:03.668   955   989 I SystemUI[Framework]: StatusBar disabled: mDisabled1=0x0 mDisabled2=0x0
03-20 10:04:03.668   955   989 I SystemUI[Framework]:   mDisableRecords.size=1
03-20 10:04:03.668   955   989 I SystemUI[Framework]:   [0] userId=0 what1=0x0 what2=0x0 pkg=null token=android.os.Binder@aea2a06
03-20 10:04:03.669  2105  2371 D TelephonyManager:  getNetworkType 0 : UNKNOWN
03-20 10:04:03.670  2071  2071 D ECarXApiClientImpl: >>>onOpenAPIServiceConnected<<<
03-20 10:04:03.670  1172  1369 D BluetoothSdpJni: sdp_search_callback: Status is: 0, Record count: 1
03-20 10:04:03.670  1172  1369 D BluetoothSdpJni: sdp_search_callback, ServiceName:  Phonebook
03-20 10:04:03.670  2071  2071 I ECarXApiClientImpl: {"DEBUG":"true", "APPLICATION_ID":"com.ecarx", "BUILD_TYPE":"debug", "FLAVOR":"", "VERSION_CODE":"18", "VERSION_NAME":"2.335.20034010", "GENERATE_APK_DATE":"2020.01.16", "RELEASE_BRANCH":"全分支通版", "UPDATE_INFO":"1.集成CarAudioManager", "RELEASE_PERSON":"zhaozhijun"}
03-20 10:04:03.673  1172  1369 D SdpManager: UUID: [0, 0, 17, 47, 0, 0, 16, 0, -128, 0, 0, -128, 95, -101, 52, -5]
03-20 10:04:03.673  1172  1369 D SdpManager: UUID in parcel: 0000112f-0000-1000-8000-00805f9b34fb
03-20 10:04:03.682  2071  2071 D VersionInfoUtil_impl: has get remote service versioninfo string
03-20 10:04:03.683  1172  1172 V PbapClientStateMachine: onReceiveandroid.bluetooth.device.action.SDP_RECORD
03-20 10:04:03.683  1172  1172 V PbapClientStateMachine: Received UUID: 0000112f-0000-1000-8000-00805f9b34fb
03-20 10:04:03.683  1172  1172 V PbapClientStateMachine: expected UUID: 0000112f-0000-1000-8000-00805f9b34fb
03-20 10:04:03.683  1172  1369 D SdpManager: startSearch(): nextInst = null mSearchInProgress = false - search busy or queue empty.
