03-20 10:04:03.684  2071  2071 I ECarXApiClientImpl: {"DEBUG":"false", "APPLICATION_ID":"com.ecarx.sdk.openapi", "BUILD_TYPE":"release", "FLAVOR":"geO", "VERSION_CODE":"3016", "VERSION_NAME":"1.1.20034110.3016", "APPLICABLE_ROM_VERSION":"适用于当前系统 >= Android O的项目", "CURRENT_APP_VERSION_APPLICABLE_IMPL_VERSION":"2.0.03", "GENERATE_APK_DATE":"2019.08.21", "RELEASE_BRANCH":"p/gkui/l/forp/dev", "UPDATE_INFO":"1、更改加密方式使openIHUID与openVIN加密后的值不变", "VERIFICATION":"true", "RELEASE_PERSON":"zhaozhijun"}
03-20 10:04:03.684  2071  2071 I CCS-0304: VendorExtensionController:Connected to Car Service!
03-20 10:04:03.684  2071  2071 W CCS-0304: VendorExtensionController:before getCarManager Time:1584669843684
03-20 10:04:03.687   955   989 I SystemUI[Framework]: ==> disableLocked() userId=0, what=0x0, token=android.os.Binder@aea2a06, pkg=Window{6b5132c u0 ecarx.launcher3/ecarx.launcher3.Launcher}, whichFlag=1, bar=com.android.internal.statusbar.IStatusBar$Stub$Proxy@39ce8e6
03-20 10:04:03.687   955   989 I SystemUI[Framework]: StatusBar disabled: mDisabled1=0x0 mDisabled2=0x0
03-20 10:04:03.687   955   989 I SystemUI[Framework]:   mDisableRecords.size=0
03-20 10:04:03.690   955   989 I SystemUI[Framework]: ==> disableLocked() userId=0, what=0x0, token=android.os.Binder@aea2a06, pkg=Window{6b5132c u0 ecarx.launcher3/ecarx.launcher3.Launcher}, whichFlag=1, bar=com.android.internal.statusbar.IStatusBar$Stub$Proxy@39ce8e6
03-20 10:04:03.690   955   989 I SystemUI[Framework]: StatusBar disabled: mDisabled1=0x0 mDisabled2=0x0
03-20 10:04:03.690   955   989 I SystemUI[Framework]:   mDisableRecords.size=1
03-20 10:04:03.690   955   989 I SystemUI[Framework]:   [0] userId=0 what1=0x0 what2=0x0 pkg=null token=android.os.Binder@aea2a06
03-20 10:04:03.700  2044  2286 D MtpDeviceJNI: register_android_mtp_MtpDevice
03-20 10:04:03.700  2044  2286 I d.process.medi: Thread[14,tid=2286,Native,Thread*=0x7973d5a800,peer=0x13d098e8,"MediaScannerService"] recursive attempt to load library "/system/lib64/libmedia_jni.so"
03-20 10:04:03.701  2044  2286 I d.process.medi: Thread[14,tid=2286,Native,Thread*=0x7973d5a800,peer=0x13d098e8,"MediaScannerService"] recursive attempt to load library "/system/lib64/libmedia_jni.so"
03-20 10:04:03.719  2311  2311 W Tinker.TinkerLoader: tryLoadPatchFiles:patch dir not exist:/data/user/0/ecarx.launcher3/tinker
03-20 10:04:03.719   955   989 I SystemUI[Framework]: ==> disableLocked() userId=0, what=0x0, token=android.os.Binder@aea2a06, pkg=Window{6b5132c u0 ecarx.launcher3/ecarx.launcher3.Launcher}, whichFlag=1, bar=com.android.internal.statusbar.IStatusBar$Stub$Proxy@39ce8e6
03-20 10:04:03.719   955   989 I SystemUI[Framework]: StatusBar disabled: mDisabled1=0x0 mDisabled2=0x0
03-20 10:04:03.719   955   989 I SystemUI[Framework]:   mDisableRecords.size=0
03-20 10:04:03.719   955   989 I SystemUI[Framework]: ==> disableLocked() userId=0, what=0x0, token=android.os.Binder@aea2a06, pkg=Window{6b5132c u0 ecarx.launcher3/ecarx.launcher3.Launcher}, whichFlag=1, bar=com.android.internal.statusbar.IStatusBar$Stub$Proxy@39ce8e6
03-20 10:04:03.719   955   989 I SystemUI[Framework]: StatusBar disabled: mDisabled1=0x0 mDisabled2=0x0
03-20 10:04:03.719   955   989 I SystemUI[Framework]:   mDisableRecords.size=1
03-20 10:04:03.719   955   989 I SystemUI[Framework]:   [0] userId=0 what1=0x0 what2=0x0 pkg=null token=android.os.Binder@aea2a06
03-20 10:04:03.720  2311  2311 D Tinker.DefaultAppLike: onBaseContextAttached:
03-20 10:04:03.732   955   989 I SystemUI[Framework]: ==> disableLocked() userId=0, what=0x0, token=android.os.Binder@aea2a06, pkg=Window{6b5132c u0 ecarx.launcher3/ecarx.launcher3.Launcher}, whichFlag=1, bar=com.android.internal.statusbar.IStatusBar$Stub$Proxy@39ce8e6
03-20 10:04:03.732   955   989 I SystemUI[Framework]: StatusBar disabled: mDisabled1=0x0 mDisabled2=0x0
03-20 10:04:03.732   955   989 I SystemUI[Framework]:   mDisableRecords.size=0
03-20 10:04:03.738  2311  2311 I Tinker.ReflectApp: with app realApplication from manifest applicationName:ecarx.launcher3.app.App
03-20 10:04:03.744   955   989 I SystemUI[Framework]: ==> disableLocked() userId=0, what=0x0, token=android.os.Binder@aea2a06, pkg=Window{6b5132c u0 ecarx.launcher3/ecarx.launcher3.Launcher}, whichFlag=1, bar=com.android.internal.statusbar.IStatusBar$Stub$Proxy@39ce8e6
03-20 10:04:03.744   955   989 I SystemUI[Framework]: StatusBar disabled: mDisabled1=0x0 mDisabled2=0x0
03-20 10:04:03.744   955   989 I SystemUI[Framework]:   mDisableRecords.size=1
03-20 10:04:03.744   955   989 I SystemUI[Framework]:   [0] userId=0 what1=0x0 what2=0x0 pkg=null token=android.os.Binder@aea2a06
03-20 10:04:03.745   955   989 I SystemUI[Framework]: ==> disableLocked() userId=0, what=0x0, token=android.os.Binder@aea2a06, pkg=Window{6b5132c u0 ecarx.launcher3/ecarx.launcher3.Launcher}, whichFlag=1, bar=com.android.internal.statusbar.IStatusBar$Stub$Proxy@39ce8e6
03-20 10:04:03.745   955   989 I SystemUI[Framework]: StatusBar disabled: mDisabled1=0x0 mDisabled2=0x0
03-20 10:04:03.745   955   989 I SystemUI[Framework]:   mDisableRecords.size=0
03-20 10:04:03.752   955   989 I SystemUI[Framework]: ==> disableLocked() userId=0, what=0x0, token=android.os.Binder@aea2a06, pkg=Window{6b5132c u0 ecarx.launcher3/ecarx.launcher3.Launcher}, whichFlag=1, bar=com.android.internal.statusbar.IStatusBar$Stub$Proxy@39ce8e6
03-20 10:04:03.752   955   989 I SystemUI[Framework]: StatusBar disabled: mDisabled1=0x0 mDisabled2=0x0
03-20 10:04:03.752   955   989 I SystemUI[Framework]:   mDisableRecords.size=1
03-20 10:04:03.752   955   989 I SystemUI[Framework]:   [0] userId=0 what1=0x0 what2=0x0 pkg=null token=android.os.Binder@aea2a06
03-20 10:04:03.765  2158  2158 I LauncherAppState: [JERRY][getWallpaperBright], mWallpaperBright: 6
03-20 10:04:03.769  1172  2366 D PbapClientStateMachine: Processing MSG 9 from Connecting
03-20 10:04:03.771  1172  2370 D PBAP PCE handler: Handling Message = 1
03-20 10:04:03.771  1172  2370 V PBAP PCE handler: connectSocket: PSM: 4099
03-20 10:04:03.771  1172  2370 W BluetoothAdapter: getBluetoothService() called with no BluetoothManagerCallback
03-20 10:04:03.772   955   989 I SystemUI[Framework]: ==> disableLocked() userId=0, what=0x0, token=android.os.Binder@aea2a06, pkg=Window{6b5132c u0 ecarx.launcher3/ecarx.launcher3.Launcher}, whichFlag=1, bar=com.android.internal.statusbar.IStatusBar$Stub$Proxy@39ce8e6
03-20 10:04:03.772   955   989 I SystemUI[Framework]: StatusBar disabled: mDisabled1=0x0 mDisabled2=0x0
03-20 10:04:03.772   955   989 I SystemUI[Framework]:   mDisableRecords.size=0
03-20 10:04:03.783   955   989 I SystemUI[Framework]: ==> disableLocked() userId=0, what=0x0, token=android.os.Binder@aea2a06, pkg=Window{6b5132c u0 ecarx.launcher3/ecarx.launcher3.Launcher}, whichFlag=1, bar=com.android.internal.statusbar.IStatusBar$Stub$Proxy@39ce8e6
03-20 10:04:03.783   955   989 I SystemUI[Framework]: StatusBar disabled: mDisabled1=0x0 mDisabled2=0x0
03-20 10:04:03.783   955   989 I SystemUI[Framework]:   mDisableRecords.size=1
03-20 10:04:03.783   955   989 I SystemUI[Framework]:   [0] userId=0 what1=0x0 what2=0x0 pkg=null token=android.os.Binder@aea2a06
03-20 10:04:03.795   955   989 I SystemUI[Framework]: ==> disableLocked() userId=0, what=0x0, token=android.os.Binder@aea2a06, pkg=Window{6b5132c u0 ecarx.launcher3/ecarx.launcher3.Launcher}, whichFlag=1, bar=com.android.internal.statusbar.IStatusBar$Stub$Proxy@39ce8e6
03-20 10:04:03.795   955   989 I SystemUI[Framework]: StatusBar disabled: mDisabled1=0x0 mDisabled2=0x0
03-20 10:04:03.795   955   989 I SystemUI[Framework]:   mDisableRecords.size=0
03-20 10:04:03.797  2250  2268 I rx.xcttsservic: Background concurrent copying GC freed 5993(1684KB) AllocSpace objects, 5(116KB) LOS objects, 74% free, 534KB/2MB, paused 137us total 410.389ms
03-20 10:04:03.800  2344  2344 I carx.smartclou: The ClassLoaderContext is a special shared library.
03-20 10:04:03.801   955   989 I SystemUI[Framework]: ==> disableLocked() userId=0, what=0x0, token=android.os.Binder@aea2a06, pkg=Window{6b5132c u0 ecarx.launcher3/ecarx.launcher3.Launcher}, whichFlag=1, bar=com.android.internal.statusbar.IStatusBar$Stub$Proxy@39ce8e6
03-20 10:04:03.801   955   989 I SystemUI[Framework]: StatusBar disabled: mDisabled1=0x0 mDisabled2=0x0
03-20 10:04:03.801   955   989 I SystemUI[Framework]:   mDisableRecords.size=1
03-20 10:04:03.801   955   989 I SystemUI[Framework]:   [0] userId=0 what1=0x0 what2=0x0 pkg=null token=android.os.Binder@aea2a06
03-20 10:04:03.811   955   989 I SystemUI[Framework]: ==> disableLocked() userId=0, what=0x0, token=android.os.Binder@aea2a06, pkg=Window{6b5132c u0 ecarx.launcher3/ecarx.launcher3.Launcher}, whichFlag=1, bar=com.android.internal.statusbar.IStatusBar$Stub$Proxy@39ce8e6
03-20 10:04:03.811   955   989 I SystemUI[Framework]: StatusBar disabled: mDisabled1=0x0 mDisabled2=0x0
03-20 10:04:03.811   955   989 I SystemUI[Framework]:   mDisableRecords.size=0
03-20 10:04:03.811  2311  2311 I MultiDex: VM with version 2.1.0 has multidex support
03-20 10:04:03.811  2311  2311 I MultiDex: Installing application
03-20 10:04:03.811  2311  2311 I MultiDex: VM has multidex support, MultiDex support library is disabled.
03-20 10:04:03.813  1172  1795 W bt_btif : new conn_srvc id:26, app_id:1
03-20 10:04:03.816  1172  2370 D PBAP PCE handler: Socket connected
03-20 10:04:03.816  1172  2370 V PBAP PCE handler: Start Obex Client Session
03-20 10:04:03.817  1172  2370 D PBAP PCE handler: Remote PbapSupportedFeatures 15
03-20 10:04:03.820  2105  2371 D TelephonyManager: getIEthernetManager mContext: ecarx.xsf.notificationcenter.AppApplication@8fae237
03-20 10:04:03.824  1281  1308 D ServicePoolImpl: Service[push] is not ready yet!
03-20 10:04:03.828  2105  2371 D TelephonyManager:  getNetworkType 0 : UNKNOWN
03-20 10:04:03.835   955  1333 W LocationManagerService: Dropping incomplete location: Location[gps 0.000000,0.000000 hAcc=??? t=?!? et=+25s859ms vAcc=3750000 sAcc=20 bAcc=180 {Bundle[{satellites=0, maxCn0=0, meanCn0=0}]}]
03-20 10:04:03.836   955  1333 I GnssLocationProvider: WakeLock released by handleMessage(REPORT_LOCATION, 0, Location[gps 0.000000,0.000000 hAcc=??? t=?!? et=+25s859ms vAcc=3750000 sAcc=20 bAcc=180 {Bundle[{satellites=0, maxCn0=0, meanCn0=0}]}])
03-20 10:04:03.839  2105  2371 D NetworkSecurityConfig: No Network Security Config specified, using platform default
03-20 10:04:03.846   475   475 V APM_AudioPolicyManager: AudioPolicyManager:setRecordSilenced(uid:10054, silenced:0)
03-20 10:04:03.846   475   475 V AudioFlinger: AudioFlinger::setRecordSilenced(uid:10054, silenced:0)
03-20 10:04:03.852  2158  2158 W CCS-0304: PbapExtensionImpl:PULL_PATH is null, return
03-20 10:04:03.853  2158  2158 I chatty  : uid=1000(system) ecarx.launcher3 identical 3 lines
03-20 10:04:03.853  2158  2158 W CCS-0304: PbapExtensionImpl:PULL_PATH is null, return
03-20 10:04:03.853  2158  2158 W Utils   : [JERRY][getIdByBright], bright: 6
03-20 10:04:03.859   955   989 I SystemUI[Framework]: ==> disableLocked() userId=0, what=0x0, token=android.os.Binder@aea2a06, pkg=Window{6b5132c u0 ecarx.launcher3/ecarx.launcher3.Launcher}, whichFlag=1, bar=com.android.internal.statusbar.IStatusBar$Stub$Proxy@39ce8e6
03-20 10:04:03.859   955   989 I SystemUI[Framework]: StatusBar disabled: mDisabled1=0x0 mDisabled2=0x0
03-20 10:04:03.859   955   989 I SystemUI[Framework]:   mDisableRecords.size=1
03-20 10:04:03.859   955   989 I SystemUI[Framework]:   [0] userId=0 what1=0x0 what2=0x0 pkg=null token=android.os.Binder@aea2a06
03-20 10:04:03.868  1172  2370 D PBAP PCE handler: Success = true
03-20 10:04:03.868  1172  2366 D PbapClientStateMachine: Processing MSG 5 from Connecting
03-20 10:04:03.870  1172  2366 D PbapClientStateMachine: Enter Connected: 5
03-20 10:04:03.870  1172  2366 D PbapClientStateMachine: Connection state 98:9E:63:EB:1F:D0: 1->2
03-20 10:04:03.878  1267  1267 W CCS-0304: PbapExtensionImpl:PULL_PATH is null, return
03-20 10:04:03.879  1172  1172 D AdapterProperties: PROFILE_CONNECTION_STATE_CHANGE: profile=17, device=98:9E:63:EB:1F:D0, 1 -> 2
03-20 10:04:03.879  1182  1182 D BTDevConnectionPolicy: Received Intent for device: 98:9E:63:EB:1F:D0 android.bluetooth.pbapclient.profile.action.CONNECTION_STATE_CHANGED
03-20 10:04:03.879  1182  1182 D BTDevConnectionPolicy: Profile: 17 Connected: true on 98:9E:63:EB:1F:D0
03-20 10:04:03.879  1182  1182 D BTDevConnectionPolicy: Retry? : true
03-20 10:04:03.879  1182  1182 D CarBluetoothDevicesInfo: 17 connected to 98:9E:63:EB:1F:D0
03-20 10:04:03.879  1182  1182 D CarBluetoothDevicesInfo: Position of 98:9E:63:EB:1F:D0 in Q: 0
03-20 10:04:03.879  1182  1182 D CarBluetoothDevicesInfo: Incrementing Active Connections 1
03-20 10:04:03.879  1182  1182 D CarBluetoothDevicesInfo: Setting 98:9E:63:EB:1F:D0 state to 2
03-20 10:04:03.879  1182  1182 D CarBluetoothDevicesInfo: Profile: 17 Number of Active Connections: 1
03-20 10:04:03.879  1182  1182 D BTDevConnectionPolicy: Profile: 17 Writing: 98:9E:63:EB:1F:D0_1584669843879
03-20 10:04:03.880  1251  1251 W CCS-0304: PbapExtensionImpl:PULL_PATH is null, return
03-20 10:04:03.880  1469  1469 D CachedBluetoothDevice: onProfileStateChanged: profile PbapClient newProfileState 2
03-20 10:04:03.881  1281  1281 W CCS-0304: PbapExtensionImpl:PULL_PATH is null, return
03-20 10:04:03.881  1544  1544 W CCS-0304: PbapExtensionImpl:PULL_PATH is null, return
03-20 10:04:03.881  1182  1182 D LGBtConnectionMng: Received Intent for device: 98:9E:63:EB:1F:D0 android.bluetooth.pbapclient.profile.action.CONNECTION_STATE_CHANGED
03-20 10:04:03.881  1182  1182 D GeelyBluetoothConnectionManager: updateConnectionState profile:17 state:2 prevState:1
03-20 10:04:03.881  1182  1182 D LGBtConnectionMng: Received Intent for device: 98:9E:63:EB:1F:D0 android.bluetooth.pbapclient.profile.action.CONNECTION_STATE_CHANGED
03-20 10:04:03.882  1182  1182 D GeelyBluetoothConnectionManager: updateConnectionState profile:17 state:2 prevState:1
03-20 10:04:03.882  1182  1780 D BTAutoConnStateMachine: Idle processMessage 104
03-20 10:04:03.882  1182  1780 D BTAutoConnStateMachine: Idle->DeviceConnected: Ignored
03-20 10:04:03.885  1172  2366 D PbapClientStateMachine: Auto download Start
03-20 10:04:03.887  1172  2370 D PBAP PCE handler: Handling Message = 7
03-20 10:04:03.890  1172  2370 V BluetoothPbapRequest: execute
03-20 10:04:03.894  2158  2158 W CCS-0304: PbapExtensionImpl:PULL_PATH is null, return
03-20 10:04:03.894  2158  2158 I chatty  : uid=1000(system) ecarx.launcher3 identical 3 lines
03-20 10:04:03.894  2158  2158 W CCS-0304: PbapExtensionImpl:PULL_PATH is null, return
03-20 10:04:03.894  2158  2158 W Tinker.UpgradePatchRetry: onPatchRetryLoad retry info not exist, just return
03-20 10:04:03.896  2158  2158 E XCStatistics: statistics sdk's version is 2001004.
03-20 10:04:03.916  1868  1953 I CCS-0304: CarFunctionSupported.isFunctionSupported() on line :43 || function 587464960 , zone 0
03-20 10:04:03.922  1868  1953 I XC_PAC_CCS: ParkApiManager.java(186):getFuncValue: SAP_ACTIVATION, ret: 0, availability: active
03-20 10:04:03.922  1868  1953 I XC_PAC  : BooleanAttri.java(30):fetchForce: SAP_ACTIVATION=[OFF:active]
03-20 10:04:03.923  1868  1953 I CCS-0304: CarFunctionSupported.isFunctionSupported() on line :43 || function 587399424 , zone 0
03-20 10:04:03.923  1868  1953 W CCS-0304: CarFunctionSupported:This is a high Prio Func, get from remote
03-20 10:04:03.923   831   831 W /system/bin/vbfupdate: ERROR connecting: 111:Connection refused
03-20 10:04:03.925  1868  1953 E CCS-0304: RemoteVehicleSignalMangerUtil:587399424 Availability remotely 1
03-20 10:04:03.926  1868  1953 W CCS-0304: CarFunctionValueImpl:This is a high Prio Func, get from remote
03-20 10:04:03.932  1868  1953 E CCS-0304: RemoteVehicleSignalMangerUtil:587399424 Value remotely 0
03-20 10:04:03.932  1868  1953 I XC_PAC_CCS: ParkApiManager.java(186):getFuncValue: PAC_ACTIVATION, ret: 0, availability: active
03-20 10:04:03.932  1868  1953 I XC_PAC  : BooleanAttri.java(30):fetchForce: PAC_ACTIVATION=[OFF:active]
03-20 10:04:03.947  2311  2311 I Tinker.TinkerPatchListener: application maxMemory:256
03-20 10:04:03.949  1172  2370 V BluetoothPbapRequestPullPhoneBook: readResponseHeaders
03-20 10:04:03.949  1172  2370 D BluetoothPbapRequestPullPhoneBook: contact count = -1, MAX contact count is 65535
03-20 10:04:03.949  1172  2370 V BluetoothPbapRequestPullPhoneBook: readResponse
03-20 10:04:03.949  1172  2370 V BluetoothPbapRequestPullPhoneBook: pbName : telecom/pb.vcf PB_PATH : telecom/pb.vcf
03-20 10:04:03.949  1172  2370 V BluetoothPbapRequestPullPhoneBook: ContactSize  0 Bytes, Available : 0, Time : 0 s
03-20 10:04:03.952  2311  2311 W Tinker.Tinker: tinker patch directory: /data/user/0/ecarx.launcher3/tinker
03-20 10:04:03.952  1172  2370 D BluetoothPbapRequestPullPhoneBook: Read 0 entries.
03-20 10:04:03.952  2250  2250 D GKAI:TTS-S::: <XCTtsService> ====== Service is invoke onCreate
03-20 10:04:03.952  1172  2370 D BluetoothPbapRequest: mResponseCode=160
03-20 10:04:03.952  1172  2370 V BluetoothPbapRequest: checkResponseCode
03-20 10:04:03.952  1172  2370 D PBAP PCE handler: getContactSize(), count = -1
03-20 10:04:03.953  1172  2370 D PBAP PCE handler: Handling Message = 3
03-20 10:04:03.953  2311  2311 I Tinker.Tinker: try to install tinker, isEnable: true, version: 1.9.13
03-20 10:04:03.954  2311  2311 I Tinker.TinkerLoadResult: parseTinkerResult loadCode:-2, process name:ecarx.launcher3:appsvr, main process:false, systemOTA:false, fingerPrint:geely/dcy11/dcy11:9/PQ1A.190105.004/141:userdebug/test-keys, oatDir:null, useInterpretMode:false
03-20 10:04:03.954  2311  2311 W Tinker.TinkerLoadResult: can't find patch file, is ok, just return
03-20 10:04:03.954  2311  2311 I Tinker.DefaultLoadReporter: patch loadReporter onLoadResult: patch load result, path:/data/user/0/ecarx.launcher3/tinker, code: -2, cost: 43ms
03-20 10:04:03.954  2311  2311 W Tinker.Tinker: tinker load fail!
03-20 10:04:03.956  2311  2311 W AppPaneProvider: [JERRY][onCreate], AppPaneProvider AUTHORITY: ecarx.launcher3.settings_app, Uri: content://ecarx.launcher3.settings_app/favorites
03-20 10:04:03.983  1172  2370 D PBAP PCE handler: already exit account Account {name=98:9E:63:EB:1F:D0, type=com.android.bluetooth.pbapsink}
03-20 10:04:03.983  1172  2370 E PBAP PCE handler: MSG_DOWNLOAD_CONTACT Remove First
03-20 10:04:04.021  2250  2250 E GKAI:TTS-S::2.1.503033.4015: <XCTtsService> ====== ============== Start ========== TTSService VersionName : 2.1.503033.4015
03-20 10:04:04.023  2250  2250 D GKAI:TTS-S::2.1.503033.4015: <XCTtsService> ====== intent action=com.ecarx.ttsservice package=com.ecarx.xcttsservice
03-20 10:04:04.023  2250  2250 D GKAI:TTS-S::2.1.503033.4015: <XCTtsService> ====== ！！！！ hotfix first test of TtsService.！！！！
03-20 10:04:04.036  2250  2250 W Tinker.UpgradePatchRetry: onPatchRetryLoad retry info not exist, just return
03-20 10:04:04.037  2344  2344 W Tinker.TinkerLoader: tryLoadPatchFiles:patch dir not exist:/data/user/0/com.ecarx.smartcloud/tinker
03-20 10:04:04.039  2158  2158 E XCStatistics: bind success!
03-20 10:04:04.039  2158  2158 E XCStatistics: service connected!
03-20 10:04:04.039  2120  2409 D TelephonyManager: getIEthernetManager mContext: com.ecarx.statistics.MainApplication@8fae237
03-20 10:04:04.040  2158  2158 E XCStatistics: send the message in queue!
03-20 10:04:04.040  2158  2158 E XCStatistics: send the message in queue!
03-20 10:04:04.041  2120  2409 D TelephonyManager:  getNetworkType 0 : UNKNOWN
03-20 10:04:04.042  2120  2120 D Countly : Recording event with key: [desktop_widget_firstScreen_exposure]
03-20 10:04:04.042  2120  2120 E Countly : Countly event segmentation value cannot be null or empty
03-20 10:04:04.043  1182  1204 I CAR.AM  : onForegroundActivitiesChanged uid 1000 pid 1544 fg false
03-20 10:04:04.054  2344  2344 D Tinker.DefaultAppLike: onBaseContextAttached:
03-20 10:04:04.054  1251  1251 I AC_SYSTEMUI_LOG: BluetoothController : updateStateChange BT on:true | A2DP:false | HFP:true
03-20 10:04:04.056  2120  2120 D Countly : [Connection Queue] sendConsentChanges
03-20 10:04:04.058  1868  1868 I XC_PAC  : HandlerUtil.java(437):handleMessage: WHAT_LAYER_MENU
03-20 10:04:04.058  1868  1868 I XC_PAC  : HandlerUtil.java(116):notifyCallBack: what=WHAT_LAYER_MENU
03-20 10:04:04.059  1868  1868 I XC_PAC  : HandlerUtil.java(105):onEventHandlerTimeOut: what=WHAT_LAYER_MENU
03-20 10:04:04.059  1868  1868 I XC_PAC  : CarWindows.java(666):onTimeOut: what=WHAT_LAYER_MENU
03-20 10:04:04.060  1868  1868 I XC_PAC  : CarCamerasService.java(1092):onTimeOut: what=WHAT_LAYER_MENU
03-20 10:04:04.060  2344  2344 I Tinker.ReflectApp: with app realApplication from manifest applicationName:ecarx.home.App
03-20 10:04:04.061  2344  2344 I MultiDex: VM with version 2.1.0 has multidex support
03-20 10:04:04.061  2344  2344 I MultiDex: install
03-20 10:04:04.061  2344  2344 I MultiDex: VM has multidex support, MultiDex support library is disabled.
03-20 10:04:04.065  2120  2409 D TelephonyManager: getIEthernetManager mContext: com.ecarx.statistics.MainApplication@8fae237
03-20 10:04:04.066  2120  2409 D TelephonyManager:  getNetworkType 0 : UNKNOWN
03-20 10:04:04.070  2120  2409 D NetworkSecurityConfig: Using Network Security Config from resource network_security_config debugBuild: false
03-20 10:04:04.070   955   989 I SystemUI[Framework]: ==> disableLocked() userId=0, what=0x0, token=android.os.Binder@aea2a06, pkg=Window{6b5132c u0 ecarx.launcher3/ecarx.launcher3.Launcher}, whichFlag=1, bar=com.android.internal.statusbar.IStatusBar$Stub$Proxy@39ce8e6
03-20 10:04:04.071   955   989 I SystemUI[Framework]: StatusBar disabled: mDisabled1=0x0 mDisabled2=0x0
03-20 10:04:04.071   955   989 I SystemUI[Framework]:   mDisableRecords.size=0
03-20 10:04:04.092   673   700 W SurfaceFlinger: Attempting to destroy on removed layer: AppWindowToken{a1cfdef token=Token{ab93ace ActivityRecord{364f3c9 u0 com.ecarx.settings/.setting.FallbackHome t1}}}#0
03-20 10:04:04.093   955  1937 I AccountManagerService: the accounts changed, sending broadcast of android.accounts.LOGIN_ACCOUNTS_CHANGED
03-20 10:04:04.101  1172  2370 D PBAP PCE handler: Removed account Account {name=98:9E:63:EB:1F:D0, type=com.android.bluetooth.pbapsink}
03-20 10:04:04.104  2311  2327 I auncher3:appsv: Background concurrent copying GC freed 5362(1824KB) AllocSpace objects, 2(40KB) LOS objects, 82% free, 327KB/1863KB, paused 2.978ms total 142.673ms
03-20 10:04:04.110  2071  2085 I om.ecarx.xiaok: Background concurrent copying GC freed 8826(823KB) AllocSpace objects, 21(436KB) LOS objects, 49% free, 2MB/4MB, paused 287us total 305.738ms
03-20 10:04:04.112  2158  2405 D TelephonyManager: getIEthernetManager mContext: ecarx.launcher3.app.App@3617cc2
03-20 10:04:04.116  2158  2405 D TelephonyManager:  getNetworkType 0 : UNKNOWN
03-20 10:04:04.117  2120  2120 D Countly : [Connection Queue] tick, [true] [true] [true]
03-20 10:04:04.125  2071  2071 W CCS-0304: VendorExtensionController:after getCarManager Time:1584669844125
03-20 10:04:04.125  2071  2071 I CCS-0304: VehicleSignalManager:Current cached registeration number: 2
03-20 10:04:04.125  2071  2071 I CCS-0304: VehicleSignalManager:Register callback:560993120
03-20 10:04:04.128  1182  1204 D Property.service: registerListener: propId=0x21701360 rate=0.0
03-20 10:04:04.138  2071  2071 I CCS-0304: VehicleSignalManager:Register callback:560993108
03-20 10:04:04.139  1182  1204 D Property.service: registerListener: propId=0x21701354 rate=0.0
03-20 10:04:04.140  2071  2071 I CCS-0304: VehicleSignalManager:mCachedRegisteration cleared!
03-20 10:04:04.140  2120  2120 D Countly : Starting event: [desktop_widget_firstScreen_exposure]
03-20 10:04:04.141  2120  2120 D Countly : [Connection Queue] sendConsentChanges
03-20 10:04:04.144   955  1797 I AccountManagerService: the accounts changed, sending broadcast of android.accounts.LOGIN_ACCOUNTS_CHANGED
03-20 10:04:04.148  1172  2370 D PBAP PCE handler: Added account Account {name=98:9E:63:EB:1F:D0, type=com.android.bluetooth.pbapsink}
03-20 10:04:04.148  1172  2370 D PBAP PCE handler: HKMC MSG_DOWNLOAD FLOW  CALLHISTORY - CONTACTS
03-20 10:04:04.148  1172  2370 V BluetoothPbapRequest: execute
03-20 10:04:04.149  1172  2366 D PbapClientStateMachine: Processing MSG 101 from Connected
03-20 10:04:04.149  1172  2366 D PbapClientStateMachine: sendPullStart Intent for : telecom/mch.vcf
03-20 10:04:04.149  2071  2071 D GKAI:GUI:2.2.20035112.937: [XKVoiceService]  service onCreate
03-20 10:04:04.150  2344  2344 I Tinker.TinkerPatchListener: application maxMemory:256
03-20 10:04:04.151  1267  1267 I CCS-0304: PbapExtensionImpl:onReceive android.bluetooth.pbapclient.profile.action.ACTION_PULL_START telecom/mch.vcf
03-20 10:04:04.152  1281  1281 I CCS-0304: PbapExtensionImpl:onReceive android.bluetooth.pbapclient.profile.action.ACTION_PULL_START telecom/mch.vcf
03-20 10:04:04.153  1544  1544 I CCS-0304: PbapExtensionImpl:onReceive android.bluetooth.pbapclient.profile.action.ACTION_PULL_START telecom/mch.vcf
03-20 10:04:04.153  1251  1251 I CCS-0304: PbapExtensionImpl:onReceive android.bluetooth.pbapclient.profile.action.ACTION_PULL_START telecom/mch.vcf
03-20 10:04:04.154  2071  2071 D GKAI:GUI:2.2.20035112.937: [LocationMng] Create LocationMng OK.....
03-20 10:04:04.154  2071  2071 D GKAI:GUI:2.2.20035112.937: [VoiceServiceEngine] === initLocationThread ===
03-20 10:04:04.167  2311  2311 E Tinker.ReflectApp: replaceApplicationLike delegateClass:class com.tencent.bugly.beta.tinker.TinkerApplicationLike
03-20 10:04:04.168  2311  2311 I Tinker.ComponentHotplug: method install() is not invoked, ignore ensuring operations.
03-20 10:04:04.168  2311  2311 D Tinker.DefaultAppLike: onCreate
03-20 10:04:04.169  2120  2120 D Countly : [Connection Queue] tick, [true] [false] [false]
03-20 10:04:04.169  2311  2311 D HotfixManager: HotfixManager init
03-20 10:04:04.169  2120  2412 I Countly : [Connection Processor] Starting to run, there are [157] requests stored
03-20 10:04:04.170  2120  2412 D Countly : Got picturePath: 
03-20 10:04:04.170  2120  2412 V Countly : Is the HTTP POST forced: false
03-20 10:04:04.170  2120  2412 D Countly : Using HTTP GET
03-20 10:04:04.183  2071  2415 D GKAI:GUI:2.2.20035112.937: [VoiceServiceEngine] onGetLocation--> startGPSObserver
03-20 10:04:04.186  2071  2071 W CCS-0304: CarFunctionValueWatcher:CarFunctionValueWatcher:Time start:1584669844186
03-20 10:04:04.186  2071  2071 W CCS-0304: CarFunctionValueWatcher:CarFunctionValueWatcher:Time end:1584669844186
03-20 10:04:04.186  2071  2071 W CCS-0304: CarFunctionValueWatcher:register callback separately.
03-20 10:04:04.188  2071  2417 W SdkLogger: NaviAPIImpl#failed, not connected! 
03-20 10:04:04.189  2071  2417 E GKAI:GUI:2.2.20035112.937: [XKAutoManager] Open API Error：Attempt to invoke virtual method 'com.ecarx.sdk.navi.model.service.LocationInfo com.ecarx.sdk.navi.model.service.RspLocation.getLocationInfo()' on a null object reference
03-20 10:04:04.197  2344  2344 W Tinker.Tinker: tinker patch directory: /data/user/0/com.ecarx.smartcloud/tinker
03-20 10:04:04.199  2071  2071 E CCS-0304: OnCallImpl:OnCallImpl() constructor !
03-20 10:04:04.203  2344  2344 I Tinker.Tinker: try to install tinker, isEnable: true, version: 1.9.13
03-20 10:04:04.204  2344  2344 I Tinker.TinkerLoadResult: parseTinkerResult loadCode:-2, process name:com.ecarx.smartcloud, main process:true, systemOTA:false, fingerPrint:geely/dcy11/dcy11:9/PQ1A.190105.004/141:userdebug/test-keys, oatDir:null, useInterpretMode:false
03-20 10:04:04.204  2071  2071 E CCS-0304: TemServiceConnector:Successfully connected to TEM Support Service!
03-20 10:04:04.204  2344  2344 W Tinker.TinkerLoadResult: can't find patch file, is ok, just return
03-20 10:04:04.205  2344  2344 I Tinker.DefaultLoadReporter: patch loadReporter onLoadResult: patch load result, path:/data/user/0/com.ecarx.smartcloud/tinker, code: -2, cost: 70ms
03-20 10:04:04.206  1172  2370 V BluetoothPbapRequestPullPhoneBook: readResponseHeaders
03-20 10:04:04.206  2344  2344 W Tinker.Tinker: tinker load fail!
03-20 10:04:04.211  1899  1899 I Facemoji: LatinManager=>onCreate
03-20 10:04:04.213  1899  1899 D SubtypeParser: Start parse configurations.
03-20 10:04:04.213  1899  1899 D SubtypeParser: Start Tag: subtype
03-20 10:04:04.213  1899  1899 D SubtypeParser: SubtypeItem: (subtypeId:0xb045e755,imeSubtypeLocale:en_GB,imeSubtypeMode:keyboard,imeSubtypeExtraValue:TrySuppressingImeSwitcher,AsciiCapable,SupportTouchPositionCorrection,EmojiCapable,isAsciiCapable:true)
03-20 10:04:04.213  1899  1899 D SubtypeParser: End Tag: subtype
03-20 10:04:04.213  1899  1899 D SubtypeParser: Start Tag: subtype
03-20 10:04:04.215  1899  1899 D SubtypeParser: SubtypeItem: (subtypeId:0x8d58fc2d,imeSubtypeLocale:en_IN,imeSubtypeMode:keyboard,imeSubtypeExtraValue:KeyboardLayoutSet=qwerty,AsciiCapable,EmojiCapable,isAsciiCapable:true)
03-20 10:04:04.215  2071  2071 E CCS-0304: TemSupportManager:onServiceConnected
03-20 10:04:04.216  2071  2071 E CCS-0304: OnCallImpl:onServiceConnected
03-20 10:04:04.216  1899  1899 D SubtypeParser: End Tag: subtype
03-20 10:04:04.216  1899  1899 D SubtypeParser: Start Tag: subtype
03-20 10:04:04.216  1899  1899 D SubtypeParser: SubtypeItem: (subtypeId:0xc9194f98,imeSubtypeLocale:en_US,imeSubtypeMode:keyboard,imeSubtypeExtraValue:TrySuppressingImeSwitcher,AsciiCapable,SupportTouchPositionCorrection,EmojiCapable,isAsciiCapable:true)
03-20 10:04:04.216  2071  2071 E CCS-0304: OnCallManager:updateServiceBinder called
03-20 10:04:04.216  1899  1899 D SubtypeParser: End Tag: subtype
03-20 10:04:04.216  1899  1899 D SubtypeParser: Start Tag: subtype
03-20 10:04:04.216  1899  1899 D SubtypeParser: SubtypeItem: (subtypeId:0x30a6e00e,imeSubtypeLocale:es,imeSubtypeMode:keyboard,imeSubtypeExtraValue:AsciiCapable,SupportTouchPositionCorrection,EmojiCapable,isAsciiCapable:true)
03-20 10:04:04.216  1899  1899 D SubtypeParser: End Tag: subtype
03-20 10:04:04.216  1899  1899 D SubtypeParser: Start Tag: subtype
03-20 10:04:04.216  1899  1899 D SubtypeParser: SubtypeItem: (subtypeId:0x84d2efc6,imeSubtypeLocale:es_US,imeSubtypeMode:keyboard,imeSubtypeExtraValue:KeyboardLayoutSet=spanish,AsciiCapable,EmojiCapable,isAsciiCapable:true)
03-20 10:04:04.217  2071  2071 I CCS-0304: DimInteraction:CreateDimInteractionImpl AMAPAMP
03-20 10:04:04.217  1899  1899 D SubtypeParser: End Tag: subtype
03-20 10:04:04.217  1899  1899 D SubtypeParser: Start Tag: subtype
03-20 10:04:04.217  1899  1899 D SubtypeParser: SubtypeItem: (subtypeId:0xa23e5d19,imeSubtypeLocale:es_419,imeSubtypeMode:keyboard,imeSubtypeExtraValue:KeyboardLayoutSet=spanish,AsciiCapable,EmojiCapable,isAsciiCapable:true)
03-20 10:04:04.217  1899  1899 D SubtypeParser: End Tag: subtype
03-20 10:04:04.217  1899  1899 D SubtypeParser: Start Tag: subtype
03-20 10:04:04.217  2071  2071 I CCS-0304: DimInteractionImpl:DimInteractionImpl new DimSupportManager
03-20 10:04:04.217  1899  1899 D SubtypeParser: SubtypeItem: (subtypeId:0xcafff4a6,imeSubtypeLocale:pt_BR,imeSubtypeMode:keyboard,imeSubtypeExtraValue:KeyboardLayoutSet=qwerty,AsciiCapable,EmojiCapable,isAsciiCapable:true)
03-20 10:04:04.217  1899  1899 D SubtypeParser: End Tag: subtype
03-20 10:04:04.217  1899  1899 D SubtypeParser: Start Tag: subtype
03-20 10:04:04.217  1899  1899 D SubtypeParser: SubtypeItem: (subtypeId:0xe2fffc5a,imeSubtypeLocale:pt_PT,imeSubtypeMode:keyboard,imeSubtypeExtraValue:KeyboardLayoutSet=qwerty,AsciiCapable,EmojiCapable,isAsciiCapable:true)
03-20 10:04:04.218  1899  1899 D SubtypeParser: End Tag: subtype
03-20 10:04:04.218  1899  1899 D SubtypeParser: Start Tag: subtype
03-20 10:04:04.218  1899  1899 D SubtypeParser: SubtypeItem: (subtypeId:0x324da12c,imeSubtypeLocale:fr,imeSubtypeMode:keyboard,imeSubtypeExtraValue:AsciiCapable,SupportTouchPositionCorrection,EmojiCapable,isAsciiCapable:true)
03-20 10:04:04.218  1899  1899 D SubtypeParser: End Tag: subtype
03-20 10:04:04.219  1899  1899 D SubtypeParser: Start Tag: subtype
03-20 10:04:04.214  1172  2370 V BluetoothPbapRequestPullPhoneBook: readResponse
03-20 10:04:04.219  1899  1899 D SubtypeParser: SubtypeItem: (subtypeId:0xeadbb691,imeSubtypeLocale:fr_CA,imeSubtypeMode:keyboard,imeSubtypeExtraValue:AsciiCapable,SupportTouchPositionCorrection,EmojiCapable,isAsciiCapable:true)
03-20 10:04:04.219  1899  1899 D SubtypeParser: End Tag: subtype
03-20 10:04:04.219  1172  2370 V BluetoothPbapRequestPullPhoneBook: pbName : telecom/mch.vcf PB_PATH : telecom/pb.vcf
03-20 10:04:04.219  1899  1899 D SubtypeParser: Start Tag: subtype
03-20 10:04:04.219  1899  1899 D SubtypeParser: SubtypeItem: (subtypeId:0x590dde40,imeSubtypeLocale:ar,imeSubtypeMode:keyboard,imeSubtypeExtraValue:SupportTouchPositionCorrection,EmojiCapable,isAsciiCapable:false)
03-20 10:04:04.219  1899  1899 D SubtypeParser: End Tag: subtype
03-20 10:04:04.219  1899  1899 D SubtypeParser: Start Tag: subtype
03-20 10:04:04.219  1899  1899 D SubtypeParser: SubtypeItem: (subtypeId:0xbff5986c,imeSubtypeLocale:bn_IN,imeSubtypeMode:keyboard,imeSubtypeExtraValue:KeyboardLayoutSet=bengali,EmojiCapable,isAsciiCapable:false)
03-20 10:04:04.219  1899  1899 D SubtypeParser: End Tag: subtype
03-20 10:04:04.220  1899  1899 D SubtypeParser: Start Tag: subtype
03-20 10:04:04.221  1899  1899 D SubtypeParser: SubtypeItem: (subtypeId:0x4090554a,imeSubtypeLocale:eo,imeSubtypeMode:keyboard,imeSubtypeExtraValue:KeyboardLayoutSet=spanish,EmojiCapable,CapitalizationCapable,AsciiCapable,isAsciiCapable:false)
03-20 10:04:04.221  1899  1899 D SubtypeParser: End Tag: subtype
03-20 10:04:04.221  1899  1899 D SubtypeParser: Start Tag: subtype
03-20 10:04:04.221  1899  1899 D SubtypeParser: SubtypeItem: (subtypeId:0x2e2cbe61,imeSubtypeLocale:de,imeSubtypeMode:keyboard,imeSubtypeExtraValue:AsciiCapable,SupportTouchPositionCorrection,EmojiCapable,isAsciiCapable:true)
03-20 10:04:04.221  1899  1899 D SubtypeParser: End Tag: subtype
03-20 10:04:04.221  1899  1899 D SubtypeParser: Start Tag: subtype
03-20 10:04:04.221  1899  1899 D SubtypeParser: SubtypeItem: (subtypeId:0x7acfd0aa,imeSubtypeLocale:de_CH,imeSubtypeMode:keyboard,imeSubtypeExtraValue:KeyboardLayoutSet=swiss,AsciiCapable,SupportTouchPositionCorrection,EmojiCapable,isAsciiCapable:true)
03-20 10:04:04.221  1899  1899 D SubtypeParser: End Tag: subtype
03-20 10:04:04.221  1899  1899 D SubtypeParser: Start Tag: subtype
03-20 10:04:04.222  1899  1899 D SubtypeParser: SubtypeItem: (subtypeId:0xe49c89a1,imeSubtypeLocale:hi,imeSubtypeMode:keyboard,imeSubtypeExtraValue:KeyboardLayoutSet=hindi_compact,EmojiCapable,isAsciiCapable:false)
03-20 10:04:04.222  1899  1899 D SubtypeParser: End Tag: subtype
03-20 10:04:04.222  1899  1899 D SubtypeParser: Start Tag: subtype
03-20 10:04:04.222  1899  1899 D SubtypeParser: SubtypeItem: (subtypeId:0x7daea460,imeSubtypeLocale:in,imeSubtypeMode:keyboard,imeSubtypeExtraValue:KeyboardLayoutSet=qwerty,AsciiCapable,EmojiCapable,isAsciiCapable:true)
03-20 10:04:04.222  1899  1899 D SubtypeParser: End Tag: subtype
03-20 10:04:04.222  1899  1899 D SubtypeParser: Start Tag: subtype
03-20 10:04:04.222  1899  1899 D SubtypeParser: SubtypeItem: (subtypeId:0x37885a0b,imeSubtypeLocale:it,imeSubtypeMode:keyboard,imeSubtypeExtraValue:AsciiCapable,SupportTouchPositionCorrection,EmojiCapable,isAsciiCapable:true)
03-20 10:04:04.222  1899  1899 D SubtypeParser: End Tag: subtype
03-20 10:04:04.222  1899  1899 D SubtypeParser: Start Tag: subtype
03-20 10:04:04.222  1899  1899 D SubtypeParser: SubtypeItem: (subtypeId:0x84c87c61,imeSubtypeLocale:ms_MY,imeSubtypeMode:keyboard,imeSubtypeExtraValue:KeyboardLayoutSet=qwerty,AsciiCapable,EmojiCapable,isAsciiCapable:true)
03-20 10:04:04.222  1899  1899 D SubtypeParser: End Tag: subtype
03-20 10:04:04.222  1899  1899 D SubtypeParser: Start Tag: subtype
03-20 10:04:04.222  1899  1899 D SubtypeParser: SubtypeItem: (subtypeId:0xc182ebd4,imeSubtypeLocale:ml_IN,imeSubtypeMode:keyboard,imeSubtypeExtraValue:KeyboardLayoutSet=malayalam,EmojiCapable,isAsciiCapable:false)
03-20 10:04:04.222  1899  1899 D SubtypeParser: End Tag: subtype
03-20 10:04:04.223  1899  1899 D SubtypeParser: Start Tag: subtype
03-20 10:04:04.223  1899  1899 D SubtypeParser: SubtypeItem: (subtypeId:0x747b9f03,imeSubtypeLocale:mr_IN,imeSubtypeMode:keyboard,imeSubtypeExtraValue:KeyboardLayoutSet=marathi,EmojiCapable,isAsciiCapable:false)
03-20 10:04:04.224  1899  1899 D SubtypeParser: End Tag: subtype
03-20 10:04:04.224  1899  1899 D SubtypeParser: Start Tag: subtype
03-20 10:04:04.224  1899  1899 D SubtypeParser: SubtypeItem: (subtypeId:0x43098a5c,imeSubtypeLocale:pl,imeSubtypeMode:keyboard,imeSubtypeExtraValue:AsciiCapable,SupportTouchPositionCorrection,EmojiCapable,isAsciiCapable:true)
03-20 10:04:04.224  1899  1899 D SubtypeParser: End Tag: subtype
03-20 10:04:04.224  1899  1899 D SubtypeParser: Start Tag: subtype
03-20 10:04:04.224  1899  1899 D SubtypeParser: SubtypeItem: (subtypeId:0x763a8752,imeSubtypeLocale:ru,imeSubtypeMode:keyboard,imeSubtypeExtraValue:SupportTouchPositionCorrection,EmojiCapable,CapitalizationCapable,AsciiCapable,isAsciiCapable:false)
03-20 10:04:04.224  1899  1899 D SubtypeParser: End Tag: subtype
03-20 10:04:04.224  1899  1899 D SubtypeParser: Start Tag: subtype
03-20 10:04:04.225  1899  1899 D SubtypeParser: SubtypeItem: (subtypeId:0x67acea2a,imeSubtypeLocale:ta_IN,imeSubtypeMode:keyboard,imeSubtypeExtraValue:KeyboardLayoutSet=tamil,EmojiCapable,isAsciiCapable:false)
03-20 10:04:04.225  1899  1899 D SubtypeParser: End Tag: subtype
03-20 10:04:04.225  1899  1899 D SubtypeParser: Start Tag: subtype
03-20 10:04:04.225  1899  1899 D SubtypeParser: SubtypeItem: (subtypeId:0x1f94d5d4,imeSubtypeLocale:th,imeSubtypeMode:keyboard,imeSubtypeExtraValue:KeyboardLayoutSet=thai,EmojiCapable,isAsciiCapable:false)
03-20 10:04:04.225  1899  1899 D SubtypeParser: End Tag: subtype
03-20 10:04:04.225  1899  1899 D SubtypeParser: Start Tag: subtype
03-20 10:04:04.225  1899  1899 D SubtypeParser: SubtypeItem: (subtypeId:0x4a3179de,imeSubtypeLocale:tr,imeSubtypeMode:keyboard,imeSubtypeExtraValue:AsciiCapable,SupportTouchPositionCorrection,EmojiCapable,isAsciiCapable:true)
03-20 10:04:04.225  1899  1899 D SubtypeParser: End Tag: subtype
03-20 10:04:04.225  1899  1899 D SubtypeParser: Start Tag: subtype
03-20 10:04:04.225  1899  1899 D SubtypeParser: SubtypeItem: (subtypeId:0x3e84492c,imeSubtypeLocale:uk,imeSubtypeMode:keyboard,imeSubtypeExtraValue:KeyboardLayoutSet=east_slavic,EmojiCapable,CapitalizationCapable,AsciiCapable,isAsciiCapable:false)
03-20 10:04:04.225  1899  1899 D SubtypeParser: End Tag: subtype
03-20 10:04:04.226  1899  1899 D SubtypeParser: Start Tag: subtype
03-20 10:04:04.226  1899  1899 D SubtypeParser: SubtypeItem: (subtypeId:0x93972eee,imeSubtypeLocale:vi,imeSubtypeMode:keyboard,imeSubtypeExtraValue:KeyboardLayoutSet=qwerty,AsciiCapable,EmojiCapable,ComposingProcessor=TelexProcessor,isAsciiCapable:true)
03-20 10:04:04.227  1899  1899 D SubtypeParser: End Tag: subtype
03-20 10:04:04.227  1899  1899 D SubtypeParser: Start Tag: subtype
03-20 10:04:04.227  1899  1899 D SubtypeParser: SubtypeItem: (subtypeId:0x2d3d2ed0,imeSubtypeLocale:cs,imeSubtypeMode:keyboard,imeSubtypeExtraValue:AsciiCapable,SupportTouchPositionCorrection,EmojiCapable,isAsciiCapable:true)
03-20 10:04:04.227  1899  1899 D SubtypeParser: End Tag: subtype
03-20 10:04:04.227  1899  1899 D SubtypeParser: Start Tag: subtype
03-20 10:04:04.227  1899  1899 D SubtypeParser: SubtypeItem: (subtypeId:0x2df4605d,imeSubtypeLocale:da,imeSubtypeMode:keyboard,imeSubtypeExtraValue:AsciiCapable,SupportTouchPositionCorrection,EmojiCapable,isAsciiCapable:true)
03-20 10:04:04.227  1899  1899 D SubtypeParser: End Tag: subtype
03-20 10:04:04.227  1899  1899 D SubtypeParser: Start Tag: subtype
03-20 10:04:04.227  1899  1899 D SubtypeParser: SubtypeItem: (subtypeId:0x31cecda3,imeSubtypeLocale:fi,imeSubtypeMode:keyboard,imeSubtypeExtraValue:AsciiCapable,SupportTouchPositionCorrection,EmojiCapable,isAsciiCapable:true)
03-20 10:04:04.227  1899  1899 D SubtypeParser: End Tag: subtype
03-20 10:04:04.227  1899  1899 D SubtypeParser: Start Tag: subtype
03-20 10:04:04.227  1899  1899 D SubtypeParser: SubtypeItem: (subtypeId:0x35b7526a,imeSubtypeLocale:hr,imeSubtypeMode:keyboard,imeSubtypeExtraValue:AsciiCapable,SupportTouchPositionCorrection,EmojiCapable,isAsciiCapable:true)
03-20 10:04:04.227  1899  1899 D SubtypeParser: End Tag: subtype
03-20 10:04:04.227  1899  1899 D SubtypeParser: Start Tag: subtype
03-20 10:04:04.227  1899  1899 D SubtypeParser: SubtypeItem: (subtypeId:0x3f9fd91e,imeSubtypeLocale:nl,imeSubtypeMode:keyboard,imeSubtypeExtraValue:AsciiCapable,SupportTouchPositionCorrection,EmojiCapable,isAsciiCapable:true)
03-20 10:04:04.227  1899  1899 D SubtypeParser: End Tag: subtype
03-20 10:04:04.227  1899  1899 D SubtypeParser: Start Tag: subtype
03-20 10:04:04.227  1899  1899 D SubtypeParser: SubtypeItem: (subtypeId:0x8ea2eb94,imeSubtypeLocale:sl,imeSubtypeMode:keyboard,imeSubtypeExtraValue:KeyboardLayoutSet=qwerty,AsciiCapable,EmojiCapable,isAsciiCapable:true)
03-20 10:04:04.228  1899  1899 D SubtypeParser: End Tag: subtype
03-20 10:04:04.228  1899  1899 D SubtypeParser: Start Tag: subtype
03-20 10:04:04.228  1899  1899 D SubtypeParser: SubtypeItem: (subtypeId:0xc9194f99,imeSubtypeLocale:bo,imeSubtypeMode:keyboard,imeSubtypeExtraValue:TrySuppressingImeSwitcher,SupportTouchPositionCorrection,EmojiCapable,isAsciiCapable:true)
03-20 10:04:04.228  1899  1899 D SubtypeParser: End Tag: subtype
03-20 10:04:04.228  1899  1899 D SubtypeParser: Start Tag: subtype
03-20 10:04:04.228  1899  1899 D SubtypeParser: SubtypeItem: (subtypeId:0x37885a0c,imeSubtypeLocale:ug_CN,imeSubtypeMode:keyboard,imeSubtypeExtraValue:SupportTouchPositionCorrection,EmojiCapable,isAsciiCapable:true)
03-20 10:04:04.228  1899  1899 D SubtypeParser: End Tag: subtype
03-20 10:04:04.228  1899  1899 D SubtypeParser: Start Tag: subtype
03-20 10:04:04.228  1899  1899 D SubtypeParser: SubtypeItem: (subtypeId:0x43098b5c,imeSubtypeLocale:sv,imeSubtypeMode:keyboard,imeSubtypeExtraValue:AsciiCapable,SupportTouchPositionCorrection,EmojiCapable,isAsciiCapable:true)
03-20 10:04:04.228  1899  1899 D SubtypeParser: End Tag: subtype
03-20 10:04:04.228  1899  1899 D SubtypeParser: Start Tag: subtype
03-20 10:04:04.228  1899  1899 D SubtypeParser: SubtypeItem: (subtypeId:0x31cecda7,imeSubtypeLocale:tl_PH,imeSubtypeMode:keyboard,imeSubtypeExtraValue:AsciiCapable,SupportTouchPositionCorrection,EmojiCapable,isAsciiCapable:true)
03-20 10:04:04.228  1899  1899 D SubtypeParser: End Tag: subtype
03-20 10:04:04.228  2377  2377 I carx.multimedi: The ClassLoaderContext is a special shared library.
03-20 10:04:04.228  1899  1899 D SubtypeParser: Start Tag: subtype
03-20 10:04:04.228  1899  1899 D SubtypeParser: SubtypeItem: (subtypeId:0x763a872,imeSubtypeLocale:el,imeSubtypeMode:keyboard,imeSubtypeExtraValue:SupportTouchPositionCorrection,EmojiCapable,CapitalizationCapable,AsciiCapable,isAsciiCapable:false)
03-20 10:04:04.229  1899  1899 D SubtypeParser: End Tag: subtype
03-20 10:04:04.229  1899  1899 D SubtypeParser: Start Tag: subtype
03-20 10:04:04.229  1899  1899 D SubtypeParser: SubtypeItem: (subtypeId:0x763a838,imeSubtypeLocale:ur,imeSubtypeMode:keyboard,imeSubtypeExtraValue:SupportTouchPositionCorrection,EmojiCapable,isAsciiCapable:false)
03-20 10:04:04.229  1899  1899 D SubtypeParser: End Tag: subtype
03-20 10:04:04.229  1899  1899 D SubtypeParser: Start Tag: subtype
03-20 10:04:04.229  1899  1899 D SubtypeParser: SubtypeItem: (subtypeId:0x763a848,imeSubtypeLocale:hu,imeSubtypeMode:keyboard,imeSubtypeExtraValue:SupportTouchPositionCorrection,EmojiCapable,CapitalizationCapable,AsciiCapable,isAsciiCapable:true)
03-20 10:04:04.229  1899  1899 D SubtypeParser: End Tag: subtype
03-20 10:04:04.229  1899  1899 D SubtypeParser: Start Tag: subtype
03-20 10:04:04.229  1899  1899 D SubtypeParser: SubtypeItem: (subtypeId:0x763a858,imeSubtypeLocale:ro,imeSubtypeMode:keyboard,imeSubtypeExtraValue:SupportTouchPositionCorrection,EmojiCapable,CapitalizationCapable,AsciiCapable,isAsciiCapable:true)
03-20 10:04:04.229  1899  1899 D SubtypeParser: End Tag: subtype
03-20 10:04:04.229  1899  1899 D SubtypeParser: Start Tag: subtype
03-20 10:04:04.229  1899  1899 D SubtypeParser: SubtypeItem: (subtypeId:0x8315772c,imeSubtypeLocale:lo_LA,imeSubtypeMode:keyboard,imeSubtypeExtraValue:KeyboardLayoutSet=lao,EmojiCapable,isAsciiCapable:false)
03-20 10:04:04.229  1899  1899 D SubtypeParser: End Tag: subtype
03-20 10:04:04.229  1899  1899 D SubtypeParser: Start Tag: subtype
03-20 10:04:04.230  2071  2071 I CCS-0304: ServiceConnector:Successfully connected to DIM Support Service!
03-20 10:04:04.231  2071  2071 W CCS-0304: DimSupportManager:mNavigationManager is null
03-20 10:04:04.232  2071  2071 I CCS-0304: NavigationManager:TAG is NavigationManager
03-20 10:04:04.233  2071  2322 D TelephonyManager: getIEthernetManager mContext: com.ecarx.xiaoka.XKApplication@d37a6f3
03-20 10:04:04.234  1899  1899 D SubtypeParser: SubtypeItem: (subtypeId:0x1365683a,imeSubtypeLocale:km_KH,imeSubtypeMode:keyboard,imeSubtypeExtraValue:KeyboardLayoutSet=khmer,EmojiCapable,isAsciiCapable:false)
03-20 10:04:04.234  1899  1899 D SubtypeParser: End Tag: subtype
03-20 10:04:04.234  1899  1899 D SubtypeParser: Start Tag: subtype
03-20 10:04:04.234  1899  1899 D SubtypeParser: SubtypeItem: (subtypeId:0xea266ea4,imeSubtypeLocale:my_MM,imeSubtypeMode:keyboard,imeSubtypeExtraValue:KeyboardLayoutSet=myanmar,EmojiCapable,isAsciiCapable:false)
03-20 10:04:04.234  1899  1899 D SubtypeParser: End Tag: subtype
03-20 10:04:04.234  1899  1899 D SubtypeParser: Start Tag: subtype
03-20 10:04:04.234  1899  1899 D SubtypeParser: SubtypeItem: (subtypeId:0x31cecdb1,imeSubtypeLocale:nb,imeSubtypeMode:keyboard,imeSubtypeExtraValue:AsciiCapable,SupportTouchPositionCorrection,EmojiCapable,isAsciiCapable:true)
03-20 10:04:04.234  1899  1899 D SubtypeParser: End Tag: subtype
03-20 10:04:04.234  1899  1899 D SubtypeParser: Start Tag: subtype
03-20 10:04:04.235  2071  2322 D TelephonyManager:  getNetworkType 0 : UNKNOWN
03-20 10:04:04.239  2158  2158 I CCS-0304: PbapExtensionImpl:onReceive android.bluetooth.pbapclient.profile.action.ACTION_PULL_START telecom/mch.vcf
03-20 10:04:04.240  2158  2405 D TelephonyManager: getIEthernetManager mContext: ecarx.launcher3.app.App@3617cc2
03-20 10:04:04.241  1137  1217 D LGE.CAR.TIME: onEvent : LgeCarPropertyEvent{mEventType=0, mCarPropertyValue=LgeCarPropertyValue{mPropertyId=0x21415400, mAreaId=0x0, mStatus=0, mTimestamp=26249989516, mValue=[Ljava.lang.Integer;@f56ddd4}}
03-20 10:04:04.241  1137  1217 D LGE.CAR.TIME: onEvent : LgeCarPropertyEvent{mEventType=0, mCarPropertyValue=LgeCarPropertyValue{mPropertyId=0x21415402, mAreaId=0x0, mStatus=0, mTimestamp=26250161027, mValue=[Ljava.lang.Integer;@58b3b7d}}
03-20 10:04:04.242   955  1118 D AlarmManagerService: Setting time of day to sec=1584669844
03-20 10:04:04.241   955  1118 W AlarmManagerService: Unable to set rtc to 1584669844: Invalid argument
03-20 10:04:04.241  1899  1899 D SubtypeParser: SubtypeItem: (subtypeId:0x763a8d1,imeSubtypeLocale:bg,imeSubtypeMode:keyboard,imeSubtypeExtraValue:SupportTouchPositionCorrection,EmojiCapable,CapitalizationCapable,AsciiCapable,isAsciiCapable:false)
03-20 10:04:04.241  1899  1899 D SubtypeParser: End Tag: subtype
03-20 10:04:04.241  1899  1899 D SubtypeParser: Start Tag: subtype
03-20 10:04:04.241  1899  1899 D SubtypeParser: SubtypeItem: (subtypeId:0x763a9d1,imeSubtypeLocale:gu,imeSubtypeMode:keyboard,imeSubtypeExtraValue:SupportTouchPositionCorrection,EmojiCapable,isAsciiCapable:false)
03-20 10:04:04.241  1899  1899 D SubtypeParser: End Tag: subtype
03-20 10:04:04.241  1899  1899 D SubtypeParser: Start Tag: subtype
03-20 10:04:04.241  1899  1899 D SubtypeParser: SubtypeItem: (subtypeId:0x763a9d1,imeSubtypeLocale:kn,imeSubtypeMode:keyboard,imeSubtypeExtraValue:SupportTouchPositionCorrection,EmojiCapable,isAsciiCapable:false)
03-20 10:04:04.241  1899  1899 D SubtypeParser: End Tag: subtype
03-20 10:04:04.241  1899  1899 D SubtypeParser: Start Tag: subtype
03-20 10:04:04.241  1899  1899 D SubtypeParser: SubtypeItem: (subtypeId:0x763a9d2,imeSubtypeLocale:or,imeSubtypeMode:keyboard,imeSubtypeExtraValue:SupportTouchPositionCorrection,EmojiCapable,isAsciiCapable:false)
03-20 10:04:04.241  1899  1899 D SubtypeParser: End Tag: subtype
03-20 10:04:04.241  1899  1899 D SubtypeParser: Start Tag: subtype
03-20 10:04:04.242  1899  1899 D SubtypeParser: SubtypeItem: (subtypeId:0x763a9d3,imeSubtypeLocale:pa,imeSubtypeMode:keyboard,imeSubtypeExtraValue:SupportTouchPositionCorrection,EmojiCapable,isAsciiCapable:false)
03-20 10:04:04.242  1899  1899 D SubtypeParser: End Tag: subtype
03-20 10:04:04.242  1899  1899 D SubtypeParser: Start Tag: subtype
03-20 10:04:04.242  1899  1899 D SubtypeParser: SubtypeItem: (subtypeId:0x763a9d4,imeSubtypeLocale:te_IN,imeSubtypeMode:keyboard,imeSubtypeExtraValue:SupportTouchPositionCorrection,EmojiCapable,isAsciiCapable:false)
03-20 10:04:04.242  1899  1899 D SubtypeParser: End Tag: subtype
03-20 10:04:04.242  1899  1899 D SubtypeParser: Start Tag: subtype
03-20 10:04:04.242  2344  2344 E Tinker.ReflectApp: replaceApplicationLike delegateClass:class com.tencent.bugly.beta.tinker.TinkerApplicationLike
03-20 10:04:04.242  1899  1899 D SubtypeParser: SubtypeItem: (subtypeId:0x31cecdb1,imeSubtypeLocale:bs,imeSubtypeMode:keyboard,imeSubtypeExtraValue:AsciiCapable,SupportTouchPositionCorrection,EmojiCapable,isAsciiCapable:true)
03-20 10:04:04.242  1137  1217 D LGE.CAR.TIME: [setMicomClockTime] date: 2020/2/20 time: 10:4:4
03-20 10:04:04.242  1899  1899 D SubtypeParser: End Tag: subtype
03-20 10:04:04.242  1899  1899 D SubtypeParser: Start Tag: subtype
03-20 10:04:04.242  1899  1899 D SubtypeParser: SubtypeItem: (subtypeId:0x863a8d1,imeSubtypeLocale:mk,imeSubtypeMode:keyboard,imeSubtypeExtraValue:SupportTouchPositionCorrection,EmojiCapable,CapitalizationCapable,AsciiCapable,isAsciiCapable:false)
03-20 10:04:04.242  1899  1899 D SubtypeParser: End Tag: subtype
